<?xml version="1.0" encoding="ISO-8859-1" ?>
<link_info>
   <banner>MSP430 Linker PC v20.2.2.LTS</banner>
   <copyright>Copyright (c) 2003-2018 Texas Instruments Incorporated</copyright>
   <link_time>0x5f49513e</link_time>
   <link_errors>0x0</link_errors>
   <output_file>Lab001-2.out</output_file>
   <entry_point>
      <name>_c_int00_noargs</name>
      <address>0x88b2</address>
   </entry_point>
   <input_file_list>
      <input_file id="fl-2">
         <path>.\</path>
         <kind>object</kind>
         <file>string.obj</file>
         <name>string.obj</name>
      </input_file>
      <input_file id="fl-8">
         <kind>object</kind>
         <file>&lt;internal&gt;</file>
         <name>&lt;internal&gt;</name>
      </input_file>
      <input_file id="fl-23">
         <path>C:\ti\ccs1010\ccs\tools\compiler\ti-cgt-msp430_20.2.2.LTS\lib\</path>
         <kind>archive</kind>
         <file>rts430_eabi.lib</file>
         <name>printf.c.obj</name>
      </input_file>
      <input_file id="fl-24">
         <path>C:\ti\ccs1010\ccs\tools\compiler\ti-cgt-msp430_20.2.2.LTS\lib\</path>
         <kind>archive</kind>
         <file>rts430_eabi.lib</file>
         <name>_printfi.c.obj</name>
      </input_file>
      <input_file id="fl-25">
         <path>C:\ti\ccs1010\ccs\tools\compiler\ti-cgt-msp430_20.2.2.LTS\lib\</path>
         <kind>archive</kind>
         <file>rts430_eabi.lib</file>
         <name>fputc.c.obj</name>
      </input_file>
      <input_file id="fl-26">
         <path>C:\ti\ccs1010\ccs\tools\compiler\ti-cgt-msp430_20.2.2.LTS\lib\</path>
         <kind>archive</kind>
         <file>rts430_eabi.lib</file>
         <name>fputs.c.obj</name>
      </input_file>
      <input_file id="fl-27">
         <path>C:\ti\ccs1010\ccs\tools\compiler\ti-cgt-msp430_20.2.2.LTS\lib\</path>
         <kind>archive</kind>
         <file>rts430_eabi.lib</file>
         <name>_io_perm.c.obj</name>
      </input_file>
      <input_file id="fl-28">
         <path>C:\ti\ccs1010\ccs\tools\compiler\ti-cgt-msp430_20.2.2.LTS\lib\</path>
         <kind>archive</kind>
         <file>rts430_eabi.lib</file>
         <name>setvbuf.c.obj</name>
      </input_file>
      <input_file id="fl-29">
         <path>C:\ti\ccs1010\ccs\tools\compiler\ti-cgt-msp430_20.2.2.LTS\lib\</path>
         <kind>archive</kind>
         <file>rts430_eabi.lib</file>
         <name>wcslen.c.obj</name>
      </input_file>
      <input_file id="fl-2a">
         <path>C:\ti\ccs1010\ccs\tools\compiler\ti-cgt-msp430_20.2.2.LTS\lib\</path>
         <kind>archive</kind>
         <file>rts430_eabi.lib</file>
         <name>div16u.asm.obj</name>
      </input_file>
      <input_file id="fl-2b">
         <path>C:\ti\ccs1010\ccs\tools\compiler\ti-cgt-msp430_20.2.2.LTS\lib\</path>
         <kind>archive</kind>
         <file>rts430_eabi.lib</file>
         <name>div32u.asm.obj</name>
      </input_file>
      <input_file id="fl-2c">
         <path>C:\ti\ccs1010\ccs\tools\compiler\ti-cgt-msp430_20.2.2.LTS\lib\</path>
         <kind>archive</kind>
         <file>rts430_eabi.lib</file>
         <name>epilog.asm.obj</name>
      </input_file>
      <input_file id="fl-2d">
         <path>C:\ti\ccs1010\ccs\tools\compiler\ti-cgt-msp430_20.2.2.LTS\lib\</path>
         <kind>archive</kind>
         <file>rts430_eabi.lib</file>
         <name>int41.asm.obj</name>
      </input_file>
      <input_file id="fl-2e">
         <path>C:\ti\ccs1010\ccs\tools\compiler\ti-cgt-msp430_20.2.2.LTS\lib\</path>
         <kind>archive</kind>
         <file>rts430_eabi.lib</file>
         <name>int42.asm.obj</name>
      </input_file>
      <input_file id="fl-2f">
         <path>C:\ti\ccs1010\ccs\tools\compiler\ti-cgt-msp430_20.2.2.LTS\lib\</path>
         <kind>archive</kind>
         <file>rts430_eabi.lib</file>
         <name>int43.asm.obj</name>
      </input_file>
      <input_file id="fl-30">
         <path>C:\ti\ccs1010\ccs\tools\compiler\ti-cgt-msp430_20.2.2.LTS\lib\</path>
         <kind>archive</kind>
         <file>rts430_eabi.lib</file>
         <name>int44.asm.obj</name>
      </input_file>
      <input_file id="fl-31">
         <path>C:\ti\ccs1010\ccs\tools\compiler\ti-cgt-msp430_20.2.2.LTS\lib\</path>
         <kind>archive</kind>
         <file>rts430_eabi.lib</file>
         <name>int45.asm.obj</name>
      </input_file>
      <input_file id="fl-32">
         <path>C:\ti\ccs1010\ccs\tools\compiler\ti-cgt-msp430_20.2.2.LTS\lib\</path>
         <kind>archive</kind>
         <file>rts430_eabi.lib</file>
         <name>int46.asm.obj</name>
      </input_file>
      <input_file id="fl-33">
         <path>C:\ti\ccs1010\ccs\tools\compiler\ti-cgt-msp430_20.2.2.LTS\lib\</path>
         <kind>archive</kind>
         <file>rts430_eabi.lib</file>
         <name>int47.asm.obj</name>
      </input_file>
      <input_file id="fl-34">
         <path>C:\ti\ccs1010\ccs\tools\compiler\ti-cgt-msp430_20.2.2.LTS\lib\</path>
         <kind>archive</kind>
         <file>rts430_eabi.lib</file>
         <name>int48.asm.obj</name>
      </input_file>
      <input_file id="fl-35">
         <path>C:\ti\ccs1010\ccs\tools\compiler\ti-cgt-msp430_20.2.2.LTS\lib\</path>
         <kind>archive</kind>
         <file>rts430_eabi.lib</file>
         <name>int49.asm.obj</name>
      </input_file>
      <input_file id="fl-36">
         <path>C:\ti\ccs1010\ccs\tools\compiler\ti-cgt-msp430_20.2.2.LTS\lib\</path>
         <kind>archive</kind>
         <file>rts430_eabi.lib</file>
         <name>int50.asm.obj</name>
      </input_file>
      <input_file id="fl-37">
         <path>C:\ti\ccs1010\ccs\tools\compiler\ti-cgt-msp430_20.2.2.LTS\lib\</path>
         <kind>archive</kind>
         <file>rts430_eabi.lib</file>
         <name>int51.asm.obj</name>
      </input_file>
      <input_file id="fl-38">
         <path>C:\ti\ccs1010\ccs\tools\compiler\ti-cgt-msp430_20.2.2.LTS\lib\</path>
         <kind>archive</kind>
         <file>rts430_eabi.lib</file>
         <name>int52.asm.obj</name>
      </input_file>
      <input_file id="fl-39">
         <path>C:\ti\ccs1010\ccs\tools\compiler\ti-cgt-msp430_20.2.2.LTS\lib\</path>
         <kind>archive</kind>
         <file>rts430_eabi.lib</file>
         <name>int53.asm.obj</name>
      </input_file>
      <input_file id="fl-3a">
         <path>C:\ti\ccs1010\ccs\tools\compiler\ti-cgt-msp430_20.2.2.LTS\lib\</path>
         <kind>archive</kind>
         <file>rts430_eabi.lib</file>
         <name>int54.asm.obj</name>
      </input_file>
      <input_file id="fl-3b">
         <path>C:\ti\ccs1010\ccs\tools\compiler\ti-cgt-msp430_20.2.2.LTS\lib\</path>
         <kind>archive</kind>
         <file>rts430_eabi.lib</file>
         <name>int55.asm.obj</name>
      </input_file>
      <input_file id="fl-3c">
         <path>C:\ti\ccs1010\ccs\tools\compiler\ti-cgt-msp430_20.2.2.LTS\lib\</path>
         <kind>archive</kind>
         <file>rts430_eabi.lib</file>
         <name>int56.asm.obj</name>
      </input_file>
      <input_file id="fl-3d">
         <path>C:\ti\ccs1010\ccs\tools\compiler\ti-cgt-msp430_20.2.2.LTS\lib\</path>
         <kind>archive</kind>
         <file>rts430_eabi.lib</file>
         <name>int57.asm.obj</name>
      </input_file>
      <input_file id="fl-3e">
         <path>C:\ti\ccs1010\ccs\tools\compiler\ti-cgt-msp430_20.2.2.LTS\lib\</path>
         <kind>archive</kind>
         <file>rts430_eabi.lib</file>
         <name>int58.asm.obj</name>
      </input_file>
      <input_file id="fl-3f">
         <path>C:\ti\ccs1010\ccs\tools\compiler\ti-cgt-msp430_20.2.2.LTS\lib\</path>
         <kind>archive</kind>
         <file>rts430_eabi.lib</file>
         <name>int59.asm.obj</name>
      </input_file>
      <input_file id="fl-40">
         <path>C:\ti\ccs1010\ccs\tools\compiler\ti-cgt-msp430_20.2.2.LTS\lib\</path>
         <kind>archive</kind>
         <file>rts430_eabi.lib</file>
         <name>int60.asm.obj</name>
      </input_file>
      <input_file id="fl-41">
         <path>C:\ti\ccs1010\ccs\tools\compiler\ti-cgt-msp430_20.2.2.LTS\lib\</path>
         <kind>archive</kind>
         <file>rts430_eabi.lib</file>
         <name>int61.asm.obj</name>
      </input_file>
      <input_file id="fl-42">
         <path>C:\ti\ccs1010\ccs\tools\compiler\ti-cgt-msp430_20.2.2.LTS\lib\</path>
         <kind>archive</kind>
         <file>rts430_eabi.lib</file>
         <name>int62.asm.obj</name>
      </input_file>
      <input_file id="fl-43">
         <path>C:\ti\ccs1010\ccs\tools\compiler\ti-cgt-msp430_20.2.2.LTS\lib\</path>
         <kind>archive</kind>
         <file>rts430_eabi.lib</file>
         <name>isr_trap.asm.obj</name>
      </input_file>
      <input_file id="fl-44">
         <path>C:\ti\ccs1010\ccs\tools\compiler\ti-cgt-msp430_20.2.2.LTS\lib\</path>
         <kind>archive</kind>
         <file>rts430_eabi.lib</file>
         <name>lsr16.asm.obj</name>
      </input_file>
      <input_file id="fl-45">
         <path>C:\ti\ccs1010\ccs\tools\compiler\ti-cgt-msp430_20.2.2.LTS\lib\</path>
         <kind>archive</kind>
         <file>rts430_eabi.lib</file>
         <name>mult16.asm.obj</name>
      </input_file>
      <input_file id="fl-46">
         <path>C:\ti\ccs1010\ccs\tools\compiler\ti-cgt-msp430_20.2.2.LTS\lib\</path>
         <kind>archive</kind>
         <file>rts430_eabi.lib</file>
         <name>mult16_f5hw.asm.obj</name>
      </input_file>
      <input_file id="fl-47">
         <path>C:\ti\ccs1010\ccs\tools\compiler\ti-cgt-msp430_20.2.2.LTS\lib\</path>
         <kind>archive</kind>
         <file>rts430_eabi.lib</file>
         <name>mult1632_f5hw.asm.obj</name>
      </input_file>
      <input_file id="fl-48">
         <path>C:\ti\ccs1010\ccs\tools\compiler\ti-cgt-msp430_20.2.2.LTS\lib\</path>
         <kind>archive</kind>
         <file>rts430_eabi.lib</file>
         <name>mult32_f5hw.asm.obj</name>
      </input_file>
      <input_file id="fl-49">
         <path>C:\ti\ccs1010\ccs\tools\compiler\ti-cgt-msp430_20.2.2.LTS\lib\</path>
         <kind>archive</kind>
         <file>rts430_eabi.lib</file>
         <name>mult3264_f5hw.asm.obj</name>
      </input_file>
      <input_file id="fl-4a">
         <path>C:\ti\ccs1010\ccs\tools\compiler\ti-cgt-msp430_20.2.2.LTS\lib\</path>
         <kind>archive</kind>
         <file>rts430_eabi.lib</file>
         <name>mult64_f5hw.asm.obj</name>
      </input_file>
      <input_file id="fl-4b">
         <path>C:\ti\ccs1010\ccs\tools\compiler\ti-cgt-msp430_20.2.2.LTS\lib\</path>
         <kind>archive</kind>
         <file>rts430_eabi.lib</file>
         <name>boot.c.obj</name>
      </input_file>
      <input_file id="fl-4c">
         <path>C:\ti\ccs1010\ccs\tools\compiler\ti-cgt-msp430_20.2.2.LTS\lib\</path>
         <kind>archive</kind>
         <file>rts430_eabi.lib</file>
         <name>autoinit.c.obj</name>
      </input_file>
      <input_file id="fl-4d">
         <path>C:\ti\ccs1010\ccs\tools\compiler\ti-cgt-msp430_20.2.2.LTS\lib\</path>
         <kind>archive</kind>
         <file>rts430_eabi.lib</file>
         <name>copy_zero_init.c.obj</name>
      </input_file>
      <input_file id="fl-4e">
         <path>C:\ti\ccs1010\ccs\tools\compiler\ti-cgt-msp430_20.2.2.LTS\lib\</path>
         <kind>archive</kind>
         <file>rts430_eabi.lib</file>
         <name>exit_gvars.c.obj</name>
      </input_file>
      <input_file id="fl-4f">
         <path>C:\ti\ccs1010\ccs\tools\compiler\ti-cgt-msp430_20.2.2.LTS\lib\</path>
         <kind>archive</kind>
         <file>rts430_eabi.lib</file>
         <name>cpy_tbl.c.obj</name>
      </input_file>
      <input_file id="fl-50">
         <path>C:\ti\ccs1010\ccs\tools\compiler\ti-cgt-msp430_20.2.2.LTS\lib\</path>
         <kind>archive</kind>
         <file>rts430_eabi.lib</file>
         <name>mpu_init.c.obj</name>
      </input_file>
      <input_file id="fl-51">
         <path>C:\ti\ccs1010\ccs\tools\compiler\ti-cgt-msp430_20.2.2.LTS\lib\</path>
         <kind>archive</kind>
         <file>rts430_eabi.lib</file>
         <name>lsr64.c.obj</name>
      </input_file>
      <input_file id="fl-52">
         <path>C:\ti\ccs1010\ccs\tools\compiler\ti-cgt-msp430_20.2.2.LTS\lib\</path>
         <kind>archive</kind>
         <file>rts430_eabi.lib</file>
         <name>div64u.c.obj</name>
      </input_file>
      <input_file id="fl-53">
         <path>C:\ti\ccs1010\ccs\tools\compiler\ti-cgt-msp430_20.2.2.LTS\lib\</path>
         <kind>archive</kind>
         <file>rts430_eabi.lib</file>
         <name>pre_init.c.obj</name>
      </input_file>
      <input_file id="fl-54">
         <path>C:\ti\ccs1010\ccs\tools\compiler\ti-cgt-msp430_20.2.2.LTS\lib\</path>
         <kind>archive</kind>
         <file>rts430_eabi.lib</file>
         <name>startup.c.obj</name>
      </input_file>
      <input_file id="fl-55">
         <path>C:\ti\ccs1010\ccs\tools\compiler\ti-cgt-msp430_20.2.2.LTS\lib\</path>
         <kind>archive</kind>
         <file>rts430_eabi.lib</file>
         <name>copy_decompress_none.c.obj</name>
      </input_file>
      <input_file id="fl-56">
         <path>C:\ti\ccs1010\ccs\tools\compiler\ti-cgt-msp430_20.2.2.LTS\lib\</path>
         <kind>archive</kind>
         <file>rts430_eabi.lib</file>
         <name>copy_decompress_lzss.c.obj</name>
      </input_file>
      <input_file id="fl-57">
         <path>C:\ti\ccs1010\ccs\tools\compiler\ti-cgt-msp430_20.2.2.LTS\lib\</path>
         <kind>archive</kind>
         <file>rts430_eabi.lib</file>
         <name>cmpd.c.obj</name>
      </input_file>
      <input_file id="fl-58">
         <path>C:\ti\ccs1010\ccs\tools\compiler\ti-cgt-msp430_20.2.2.LTS\lib\</path>
         <kind>archive</kind>
         <file>rts430_eabi.lib</file>
         <name>divd.c.obj</name>
      </input_file>
      <input_file id="fl-59">
         <path>C:\ti\ccs1010\ccs\tools\compiler\ti-cgt-msp430_20.2.2.LTS\lib\</path>
         <kind>archive</kind>
         <file>rts430_eabi.lib</file>
         <name>fixdi.c.obj</name>
      </input_file>
      <input_file id="fl-5a">
         <path>C:\ti\ccs1010\ccs\tools\compiler\ti-cgt-msp430_20.2.2.LTS\lib\</path>
         <kind>archive</kind>
         <file>rts430_eabi.lib</file>
         <name>fixdli.c.obj</name>
      </input_file>
      <input_file id="fl-5b">
         <path>C:\ti\ccs1010\ccs\tools\compiler\ti-cgt-msp430_20.2.2.LTS\lib\</path>
         <kind>archive</kind>
         <file>rts430_eabi.lib</file>
         <name>fltid.c.obj</name>
      </input_file>
      <input_file id="fl-5c">
         <path>C:\ti\ccs1010\ccs\tools\compiler\ti-cgt-msp430_20.2.2.LTS\lib\</path>
         <kind>archive</kind>
         <file>rts430_eabi.lib</file>
         <name>fltlid.c.obj</name>
      </input_file>
      <input_file id="fl-5d">
         <path>C:\ti\ccs1010\ccs\tools\compiler\ti-cgt-msp430_20.2.2.LTS\lib\</path>
         <kind>archive</kind>
         <file>rts430_eabi.lib</file>
         <name>frcdivd.c.obj</name>
      </input_file>
      <input_file id="fl-5e">
         <path>C:\ti\ccs1010\ccs\tools\compiler\ti-cgt-msp430_20.2.2.LTS\lib\</path>
         <kind>archive</kind>
         <file>rts430_eabi.lib</file>
         <name>mpyd.c.obj</name>
      </input_file>
      <input_file id="fl-5f">
         <path>C:\ti\ccs1010\ccs\tools\compiler\ti-cgt-msp430_20.2.2.LTS\lib\</path>
         <kind>archive</kind>
         <file>rts430_eabi.lib</file>
         <name>negd.c.obj</name>
      </input_file>
      <input_file id="fl-60">
         <path>C:\ti\ccs1010\ccs\tools\compiler\ti-cgt-msp430_20.2.2.LTS\lib\</path>
         <kind>archive</kind>
         <file>rts430_eabi.lib</file>
         <name>subd.c.obj</name>
      </input_file>
      <input_file id="fl-61">
         <path>C:\ti\ccs1010\ccs\tools\compiler\ti-cgt-msp430_20.2.2.LTS\lib\</path>
         <kind>archive</kind>
         <file>rts430_eabi.lib</file>
         <name>exit.c.obj</name>
      </input_file>
      <input_file id="fl-62">
         <path>C:\ti\ccs1010\ccs\tools\compiler\ti-cgt-msp430_20.2.2.LTS\lib\</path>
         <kind>archive</kind>
         <file>rts430_eabi.lib</file>
         <name>_lock.c.obj</name>
      </input_file>
      <input_file id="fl-63">
         <path>C:\ti\ccs1010\ccs\tools\compiler\ti-cgt-msp430_20.2.2.LTS\lib\</path>
         <kind>archive</kind>
         <file>rts430_eabi.lib</file>
         <name>_ltoa.c.obj</name>
      </input_file>
      <input_file id="fl-64">
         <path>C:\ti\ccs1010\ccs\tools\compiler\ti-cgt-msp430_20.2.2.LTS\lib\</path>
         <kind>archive</kind>
         <file>rts430_eabi.lib</file>
         <name>args_main.c.obj</name>
      </input_file>
      <input_file id="fl-65">
         <path>C:\ti\ccs1010\ccs\tools\compiler\ti-cgt-msp430_20.2.2.LTS\lib\</path>
         <kind>archive</kind>
         <file>rts430_eabi.lib</file>
         <name>atoi.c.obj</name>
      </input_file>
      <input_file id="fl-66">
         <path>C:\ti\ccs1010\ccs\tools\compiler\ti-cgt-msp430_20.2.2.LTS\lib\</path>
         <kind>archive</kind>
         <file>rts430_eabi.lib</file>
         <name>ctype.c.obj</name>
      </input_file>
      <input_file id="fl-67">
         <path>C:\ti\ccs1010\ccs\tools\compiler\ti-cgt-msp430_20.2.2.LTS\lib\</path>
         <kind>archive</kind>
         <file>rts430_eabi.lib</file>
         <name>defs.c.obj</name>
      </input_file>
      <input_file id="fl-68">
         <path>C:\ti\ccs1010\ccs\tools\compiler\ti-cgt-msp430_20.2.2.LTS\lib\</path>
         <kind>archive</kind>
         <file>rts430_eabi.lib</file>
         <name>memccpy.c.obj</name>
      </input_file>
      <input_file id="fl-69">
         <path>C:\ti\ccs1010\ccs\tools\compiler\ti-cgt-msp430_20.2.2.LTS\lib\</path>
         <kind>archive</kind>
         <file>rts430_eabi.lib</file>
         <name>memchr.c.obj</name>
      </input_file>
      <input_file id="fl-6a">
         <path>C:\ti\ccs1010\ccs\tools\compiler\ti-cgt-msp430_20.2.2.LTS\lib\</path>
         <kind>archive</kind>
         <file>rts430_eabi.lib</file>
         <name>memcpy.c.obj</name>
      </input_file>
      <input_file id="fl-6b">
         <path>C:\ti\ccs1010\ccs\tools\compiler\ti-cgt-msp430_20.2.2.LTS\lib\</path>
         <kind>archive</kind>
         <file>rts430_eabi.lib</file>
         <name>memory.c.obj</name>
      </input_file>
      <input_file id="fl-6c">
         <path>C:\ti\ccs1010\ccs\tools\compiler\ti-cgt-msp430_20.2.2.LTS\lib\</path>
         <kind>archive</kind>
         <file>rts430_eabi.lib</file>
         <name>memset.c.obj</name>
      </input_file>
      <input_file id="fl-6d">
         <path>C:\ti\ccs1010\ccs\tools\compiler\ti-cgt-msp430_20.2.2.LTS\lib\</path>
         <kind>archive</kind>
         <file>rts430_eabi.lib</file>
         <name>strchr.c.obj</name>
      </input_file>
      <input_file id="fl-6e">
         <path>C:\ti\ccs1010\ccs\tools\compiler\ti-cgt-msp430_20.2.2.LTS\lib\</path>
         <kind>archive</kind>
         <file>rts430_eabi.lib</file>
         <name>strlen.c.obj</name>
      </input_file>
      <input_file id="fl-6f">
         <path>C:\ti\ccs1010\ccs\tools\compiler\ti-cgt-msp430_20.2.2.LTS\lib\</path>
         <kind>archive</kind>
         <file>rts430_eabi.lib</file>
         <name>toupper.c.obj</name>
      </input_file>
      <input_file id="fl-70">
         <path>C:\ti\ccs1010\ccs\tools\compiler\ti-cgt-msp430_20.2.2.LTS\lib\</path>
         <kind>archive</kind>
         <file>rts430_eabi.lib</file>
         <name>abs.c.obj</name>
      </input_file>
      <input_file id="fl-71">
         <path>C:\ti\ccs1010\ccs\tools\compiler\ti-cgt-msp430_20.2.2.LTS\lib\</path>
         <kind>archive</kind>
         <file>rts430_eabi.lib</file>
         <name>errno.c.obj</name>
      </input_file>
      <input_file id="fl-72">
         <path>C:\ti\ccs1010\ccs\tools\compiler\ti-cgt-msp430_20.2.2.LTS\lib\</path>
         <kind>archive</kind>
         <file>rts430_eabi.lib</file>
         <name>write.c.obj</name>
      </input_file>
      <input_file id="fl-73">
         <path>C:\ti\ccs1010\ccs\tools\compiler\ti-cgt-msp430_20.2.2.LTS\lib\</path>
         <kind>archive</kind>
         <file>rts430_eabi.lib</file>
         <name>host_device.c.obj</name>
      </input_file>
      <input_file id="fl-74">
         <path>C:\ti\ccs1010\ccs\tools\compiler\ti-cgt-msp430_20.2.2.LTS\lib\</path>
         <kind>archive</kind>
         <file>rts430_eabi.lib</file>
         <name>s_frexp.c.obj</name>
      </input_file>
      <input_file id="fl-75">
         <path>C:\ti\ccs1010\ccs\tools\compiler\ti-cgt-msp430_20.2.2.LTS\lib\</path>
         <kind>archive</kind>
         <file>rts430_eabi.lib</file>
         <name>s_scalbn.c.obj</name>
      </input_file>
      <input_file id="fl-76">
         <path>C:\ti\ccs1010\ccs\tools\compiler\ti-cgt-msp430_20.2.2.LTS\lib\</path>
         <kind>archive</kind>
         <file>rts430_eabi.lib</file>
         <name>fflush.c.obj</name>
      </input_file>
      <input_file id="fl-77">
         <path>C:\ti\ccs1010\ccs\tools\compiler\ti-cgt-msp430_20.2.2.LTS\lib\</path>
         <kind>archive</kind>
         <file>rts430_eabi.lib</file>
         <name>fopen.c.obj</name>
      </input_file>
      <input_file id="fl-78">
         <path>C:\ti\ccs1010\ccs\tools\compiler\ti-cgt-msp430_20.2.2.LTS\lib\</path>
         <kind>archive</kind>
         <file>rts430_eabi.lib</file>
         <name>fseek.c.obj</name>
      </input_file>
      <input_file id="fl-79">
         <path>C:\ti\ccs1010\ccs\tools\compiler\ti-cgt-msp430_20.2.2.LTS\lib\</path>
         <kind>archive</kind>
         <file>rts430_eabi.lib</file>
         <name>asr16.asm.obj</name>
      </input_file>
      <input_file id="fl-7a">
         <path>C:\ti\ccs1010\ccs\tools\compiler\ti-cgt-msp430_20.2.2.LTS\lib\</path>
         <kind>archive</kind>
         <file>rts430_eabi.lib</file>
         <name>asr32.asm.obj</name>
      </input_file>
      <input_file id="fl-7b">
         <path>C:\ti\ccs1010\ccs\tools\compiler\ti-cgt-msp430_20.2.2.LTS\lib\</path>
         <kind>archive</kind>
         <file>rts430_eabi.lib</file>
         <name>div32s.asm.obj</name>
      </input_file>
      <input_file id="fl-7c">
         <path>C:\ti\ccs1010\ccs\tools\compiler\ti-cgt-msp430_20.2.2.LTS\lib\</path>
         <kind>archive</kind>
         <file>rts430_eabi.lib</file>
         <name>lsl16.asm.obj</name>
      </input_file>
      <input_file id="fl-7d">
         <path>C:\ti\ccs1010\ccs\tools\compiler\ti-cgt-msp430_20.2.2.LTS\lib\</path>
         <kind>archive</kind>
         <file>rts430_eabi.lib</file>
         <name>lsl32.asm.obj</name>
      </input_file>
      <input_file id="fl-7e">
         <path>C:\ti\ccs1010\ccs\tools\compiler\ti-cgt-msp430_20.2.2.LTS\lib\</path>
         <kind>archive</kind>
         <file>rts430_eabi.lib</file>
         <name>lsr32.asm.obj</name>
      </input_file>
      <input_file id="fl-7f">
         <path>C:\ti\ccs1010\ccs\tools\compiler\ti-cgt-msp430_20.2.2.LTS\lib\</path>
         <kind>archive</kind>
         <file>rts430_eabi.lib</file>
         <name>mult32.asm.obj</name>
      </input_file>
      <input_file id="fl-80">
         <path>C:\ti\ccs1010\ccs\tools\compiler\ti-cgt-msp430_20.2.2.LTS\lib\</path>
         <kind>archive</kind>
         <file>rts430_eabi.lib</file>
         <name>lsl64.c.obj</name>
      </input_file>
      <input_file id="fl-81">
         <path>C:\ti\ccs1010\ccs\tools\compiler\ti-cgt-msp430_20.2.2.LTS\lib\</path>
         <kind>archive</kind>
         <file>rts430_eabi.lib</file>
         <name>addd.c.obj</name>
      </input_file>
      <input_file id="fl-82">
         <path>C:\ti\ccs1010\ccs\tools\compiler\ti-cgt-msp430_20.2.2.LTS\lib\</path>
         <kind>archive</kind>
         <file>rts430_eabi.lib</file>
         <name>frcaddd.c.obj</name>
      </input_file>
      <input_file id="fl-83">
         <path>C:\ti\ccs1010\ccs\tools\compiler\ti-cgt-msp430_20.2.2.LTS\lib\</path>
         <kind>archive</kind>
         <file>rts430_eabi.lib</file>
         <name>frcmpyd.c.obj</name>
      </input_file>
      <input_file id="fl-84">
         <path>C:\ti\ccs1010\ccs\tools\compiler\ti-cgt-msp430_20.2.2.LTS\lib\</path>
         <kind>archive</kind>
         <file>rts430_eabi.lib</file>
         <name>renormd.c.obj</name>
      </input_file>
      <input_file id="fl-85">
         <path>C:\ti\ccs1010\ccs\tools\compiler\ti-cgt-msp430_20.2.2.LTS\lib\</path>
         <kind>archive</kind>
         <file>rts430_eabi.lib</file>
         <name>hostclose.c.obj</name>
      </input_file>
      <input_file id="fl-86">
         <path>C:\ti\ccs1010\ccs\tools\compiler\ti-cgt-msp430_20.2.2.LTS\lib\</path>
         <kind>archive</kind>
         <file>rts430_eabi.lib</file>
         <name>hostlseek.c.obj</name>
      </input_file>
      <input_file id="fl-87">
         <path>C:\ti\ccs1010\ccs\tools\compiler\ti-cgt-msp430_20.2.2.LTS\lib\</path>
         <kind>archive</kind>
         <file>rts430_eabi.lib</file>
         <name>hostopen.c.obj</name>
      </input_file>
      <input_file id="fl-88">
         <path>C:\ti\ccs1010\ccs\tools\compiler\ti-cgt-msp430_20.2.2.LTS\lib\</path>
         <kind>archive</kind>
         <file>rts430_eabi.lib</file>
         <name>hostread.c.obj</name>
      </input_file>
      <input_file id="fl-89">
         <path>C:\ti\ccs1010\ccs\tools\compiler\ti-cgt-msp430_20.2.2.LTS\lib\</path>
         <kind>archive</kind>
         <file>rts430_eabi.lib</file>
         <name>hostrename.c.obj</name>
      </input_file>
      <input_file id="fl-8a">
         <path>C:\ti\ccs1010\ccs\tools\compiler\ti-cgt-msp430_20.2.2.LTS\lib\</path>
         <kind>archive</kind>
         <file>rts430_eabi.lib</file>
         <name>hostunlink.c.obj</name>
      </input_file>
      <input_file id="fl-8b">
         <path>C:\ti\ccs1010\ccs\tools\compiler\ti-cgt-msp430_20.2.2.LTS\lib\</path>
         <kind>archive</kind>
         <file>rts430_eabi.lib</file>
         <name>hostwrite.c.obj</name>
      </input_file>
      <input_file id="fl-8c">
         <path>C:\ti\ccs1010\ccs\tools\compiler\ti-cgt-msp430_20.2.2.LTS\lib\</path>
         <kind>archive</kind>
         <file>rts430_eabi.lib</file>
         <name>trgmsg.c.obj</name>
      </input_file>
      <input_file id="fl-8d">
         <path>C:\ti\ccs1010\ccs\tools\compiler\ti-cgt-msp430_20.2.2.LTS\lib\</path>
         <kind>archive</kind>
         <file>rts430_eabi.lib</file>
         <name>open.c.obj</name>
      </input_file>
      <input_file id="fl-8e">
         <path>C:\ti\ccs1010\ccs\tools\compiler\ti-cgt-msp430_20.2.2.LTS\lib\</path>
         <kind>archive</kind>
         <file>rts430_eabi.lib</file>
         <name>lseek.c.obj</name>
      </input_file>
      <input_file id="fl-8f">
         <path>C:\ti\ccs1010\ccs\tools\compiler\ti-cgt-msp430_20.2.2.LTS\lib\</path>
         <kind>archive</kind>
         <file>rts430_eabi.lib</file>
         <name>s_copysign.c.obj</name>
      </input_file>
      <input_file id="fl-90">
         <path>C:\ti\ccs1010\ccs\tools\compiler\ti-cgt-msp430_20.2.2.LTS\lib\</path>
         <kind>archive</kind>
         <file>rts430_eabi.lib</file>
         <name>fclose.c.obj</name>
      </input_file>
      <input_file id="fl-91">
         <path>C:\ti\ccs1010\ccs\tools\compiler\ti-cgt-msp430_20.2.2.LTS\lib\</path>
         <kind>archive</kind>
         <file>rts430_eabi.lib</file>
         <name>getdevice.c.obj</name>
      </input_file>
      <input_file id="fl-92">
         <path>C:\ti\ccs1010\ccs\tools\compiler\ti-cgt-msp430_20.2.2.LTS\lib\</path>
         <kind>archive</kind>
         <file>rts430_eabi.lib</file>
         <name>strcmp.c.obj</name>
      </input_file>
      <input_file id="fl-93">
         <path>C:\ti\ccs1010\ccs\tools\compiler\ti-cgt-msp430_20.2.2.LTS\lib\</path>
         <kind>archive</kind>
         <file>rts430_eabi.lib</file>
         <name>strcpy.c.obj</name>
      </input_file>
      <input_file id="fl-94">
         <path>C:\ti\ccs1010\ccs\tools\compiler\ti-cgt-msp430_20.2.2.LTS\lib\</path>
         <kind>archive</kind>
         <file>rts430_eabi.lib</file>
         <name>strncpy.c.obj</name>
      </input_file>
      <input_file id="fl-95">
         <path>C:\ti\ccs1010\ccs\tools\compiler\ti-cgt-msp430_20.2.2.LTS\lib\</path>
         <kind>archive</kind>
         <file>rts430_eabi.lib</file>
         <name>remove.c.obj</name>
      </input_file>
      <input_file id="fl-96">
         <path>C:\ti\ccs1010\ccs\tools\compiler\ti-cgt-msp430_20.2.2.LTS\lib\</path>
         <kind>archive</kind>
         <file>rts430_eabi.lib</file>
         <name>close.c.obj</name>
      </input_file>
      <input_file id="fl-97">
         <path>C:\ti\ccs1010\ccs\tools\compiler\ti-cgt-msp430_20.2.2.LTS\lib\</path>
         <kind>archive</kind>
         <file>rts430_eabi.lib</file>
         <name>unlink.c.obj</name>
      </input_file>
   </input_file_list>
   <object_component_list>
      <object_component id="oc-78b">
         <name>.bss</name>
         <uninitialized>true</uninitialized>
         <run_address>0x27f2</run_address>
         <size>0x2</size>
         <input_file_ref idref="fl-6b"/>
      </object_component>
      <object_component id="oc-7a0">
         <name>.common:__TI_tmpnams</name>
         <uninitialized>true</uninitialized>
         <run_address>0x274a</run_address>
         <size>0xa0</size>
      </object_component>
      <object_component id="oc-7ab">
         <name>.common:parmbuf</name>
         <uninitialized>true</uninitialized>
         <run_address>0x27ea</run_address>
         <size>0x8</size>
      </object_component>
      <object_component id="oc-4b1">
         <name>.data:__TI_cleanup_ptr</name>
         <load_address>0x273a</load_address>
         <run_address>0x273a</run_address>
         <size>0x2</size>
         <input_file_ref idref="fl-4e"/>
      </object_component>
      <object_component id="oc-4ae">
         <name>.data:__TI_dtors_ptr</name>
         <load_address>0x273c</load_address>
         <run_address>0x273c</run_address>
         <size>0x2</size>
         <input_file_ref idref="fl-4e"/>
      </object_component>
      <object_component id="oc-4ab">
         <name>.data</name>
         <load_address>0x2746</load_address>
         <run_address>0x2746</run_address>
         <size>0x2</size>
         <input_file_ref idref="fl-61"/>
      </object_component>
      <object_component id="oc-486">
         <name>.data:_lock</name>
         <load_address>0x273e</load_address>
         <run_address>0x273e</run_address>
         <size>0x2</size>
         <input_file_ref idref="fl-62"/>
      </object_component>
      <object_component id="oc-49e">
         <name>.data:_unlock</name>
         <load_address>0x2740</load_address>
         <run_address>0x2740</run_address>
         <size>0x2</size>
         <input_file_ref idref="fl-62"/>
      </object_component>
      <object_component id="oc-489">
         <name>.data:_ftable</name>
         <load_address>0x264c</load_address>
         <run_address>0x264c</run_address>
         <size>0x78</size>
         <input_file_ref idref="fl-67"/>
      </object_component>
      <object_component id="oc-6e4">
         <name>.data</name>
         <load_address>0x2742</load_address>
         <run_address>0x2742</run_address>
         <size>0x2</size>
         <input_file_ref idref="fl-67"/>
      </object_component>
      <object_component id="oc-790">
         <name>.data</name>
         <load_address>0x2748</load_address>
         <run_address>0x2748</run_address>
         <size>0x2</size>
         <input_file_ref idref="fl-6b"/>
      </object_component>
      <object_component id="oc-597">
         <name>.data</name>
         <load_address>0x2744</load_address>
         <run_address>0x2744</run_address>
         <size>0x2</size>
         <input_file_ref idref="fl-71"/>
      </object_component>
      <object_component id="oc-644">
         <name>.data:_device</name>
         <load_address>0x26c4</load_address>
         <run_address>0x26c4</run_address>
         <size>0x4e</size>
         <input_file_ref idref="fl-73"/>
      </object_component>
      <object_component id="oc-5c3">
         <name>.data:_stream</name>
         <load_address>0x2712</load_address>
         <run_address>0x2712</run_address>
         <size>0x28</size>
         <input_file_ref idref="fl-73"/>
      </object_component>
      <object_component id="oc-36f">
         <name>.sysmem</name>
         <uninitialized>true</uninitialized>
         <run_address>0x2400</run_address>
         <size>0x8</size>
         <input_file_ref idref="fl-6b"/>
      </object_component>
      <object_component id="oc-912">
         <name>.sysmem</name>
         <uninitialized>true</uninitialized>
         <run_address>0x2400</run_address>
         <size>0x0</size>
      </object_component>
      <object_component id="oc-36b">
         <name>.stack</name>
         <uninitialized>true</uninitialized>
         <run_address>0x4360</run_address>
         <size>0x2</size>
         <input_file_ref idref="fl-4b"/>
      </object_component>
      <object_component id="oc-911">
         <name>.stack</name>
         <uninitialized>true</uninitialized>
         <run_address>0x4360</run_address>
         <size>0x0</size>
      </object_component>
      <object_component id="oc-767">
         <name>.text:__TI_frcdivd</name>
         <load_address>0x4400</load_address>
         <run_address>0x4400</run_address>
         <size>0x478</size>
         <input_file_ref idref="fl-5d"/>
      </object_component>
      <object_component id="oc-65e">
         <name>.text:__mspabi_divull</name>
         <load_address>0x4878</load_address>
         <run_address>0x4878</run_address>
         <size>0x360</size>
         <input_file_ref idref="fl-52"/>
      </object_component>
      <object_component id="oc-7e6">
         <name>.text:__mspabi_addd</name>
         <load_address>0x4bd8</load_address>
         <run_address>0x4bd8</run_address>
         <size>0x2fa</size>
         <input_file_ref idref="fl-81"/>
      </object_component>
      <object_component id="oc-498">
         <name>.text:__TI_printfi</name>
         <load_address>0x4ed2</load_address>
         <run_address>0x4ed2</run_address>
         <size>0x288</size>
         <input_file_ref idref="fl-24"/>
      </object_component>
      <object_component id="oc-75f">
         <name>.text:__TI_frcmpyd</name>
         <load_address>0x515a</load_address>
         <run_address>0x515a</run_address>
         <size>0x286</size>
         <input_file_ref idref="fl-83"/>
      </object_component>
      <object_component id="oc-69d">
         <name>.text:__mspabi_mpyd</name>
         <load_address>0x53e0</load_address>
         <run_address>0x53e0</run_address>
         <size>0x26e</size>
         <input_file_ref idref="fl-5e"/>
      </object_component>
      <object_component id="oc-583">
         <name>.text:_pproc_fgea</name>
         <load_address>0x564e</load_address>
         <run_address>0x564e</run_address>
         <size>0x26e</size>
         <input_file_ref idref="fl-24"/>
      </object_component>
      <object_component id="oc-841">
         <name>.text:__TI_frcaddd</name>
         <load_address>0x58bc</load_address>
         <run_address>0x58bc</run_address>
         <size>0x260</size>
         <input_file_ref idref="fl-82"/>
      </object_component>
      <object_component id="oc-4fe">
         <name>.text:_setfield</name>
         <load_address>0x5b1c</load_address>
         <run_address>0x5b1c</run_address>
         <size>0x252</size>
         <input_file_ref idref="fl-24"/>
      </object_component>
      <object_component id="oc-6b0">
         <name>.text:acvt</name>
         <load_address>0x5d6e</load_address>
         <run_address>0x5d6e</run_address>
         <size>0x244</size>
         <input_file_ref idref="fl-24"/>
      </object_component>
      <object_component id="oc-6a3">
         <name>.text:__mspabi_divd</name>
         <load_address>0x5fb2</load_address>
         <run_address>0x5fb2</run_address>
         <size>0x238</size>
         <input_file_ref idref="fl-58"/>
      </object_component>
      <object_component id="oc-5d5">
         <name>.text:_getarg_diouxp</name>
         <load_address>0x61ea</load_address>
         <run_address>0x61ea</run_address>
         <size>0x1ec</size>
         <input_file_ref idref="fl-24"/>
      </object_component>
      <object_component id="oc-67d">
         <name>.text:ecvt</name>
         <load_address>0x63d6</load_address>
         <run_address>0x63d6</run_address>
         <size>0x1de</size>
         <input_file_ref idref="fl-24"/>
      </object_component>
      <object_component id="oc-690">
         <name>.text:fcvt</name>
         <load_address>0x65b4</load_address>
         <run_address>0x65b4</run_address>
         <size>0x1c4</size>
         <input_file_ref idref="fl-24"/>
      </object_component>
      <object_component id="oc-5ff">
         <name>.text:_pconv_e</name>
         <load_address>0x6778</load_address>
         <run_address>0x6778</run_address>
         <size>0x1a6</size>
         <input_file_ref idref="fl-24"/>
      </object_component>
      <object_component id="oc-605">
         <name>.text:_pconv_a</name>
         <load_address>0x691e</load_address>
         <run_address>0x691e</run_address>
         <size>0x174</size>
         <input_file_ref idref="fl-24"/>
      </object_component>
      <object_component id="oc-776">
         <name>.text:scalbn</name>
         <load_address>0x6a92</load_address>
         <run_address>0x6a92</run_address>
         <size>0x16a</size>
         <input_file_ref idref="fl-75"/>
      </object_component>
      <object_component id="oc-57d">
         <name>.text:_pproc_diouxp</name>
         <load_address>0x6bfc</load_address>
         <run_address>0x6bfc</run_address>
         <size>0x14c</size>
         <input_file_ref idref="fl-24"/>
      </object_component>
      <object_component id="oc-5db">
         <name>.text:_ltostr</name>
         <load_address>0x6d48</load_address>
         <run_address>0x6d48</run_address>
         <size>0x12e</size>
         <input_file_ref idref="fl-24"/>
      </object_component>
      <object_component id="oc-5f3">
         <name>.text:_pconv_g</name>
         <load_address>0x6e76</load_address>
         <run_address>0x6e76</run_address>
         <size>0xf8</size>
         <input_file_ref idref="fl-24"/>
      </object_component>
      <object_component id="oc-6d7">
         <name>.text:aligned_alloc</name>
         <load_address>0x6f6e</load_address>
         <run_address>0x6f6e</run_address>
         <size>0xf6</size>
         <input_file_ref idref="fl-6b"/>
      </object_component>
      <object_component id="oc-405">
         <name>.text:main</name>
         <load_address>0x7064</load_address>
         <run_address>0x7064</run_address>
         <size>0xec</size>
         <input_file_ref idref="fl-2"/>
      </object_component>
      <object_component id="oc-4e4">
         <name>.text:fputs</name>
         <load_address>0x7150</load_address>
         <run_address>0x7150</run_address>
         <size>0xea</size>
         <input_file_ref idref="fl-26"/>
      </object_component>
      <object_component id="oc-4f8">
         <name>.text:_pproc_fwp</name>
         <load_address>0x723a</load_address>
         <run_address>0x723a</run_address>
         <size>0xe0</size>
         <input_file_ref idref="fl-24"/>
      </object_component>
      <object_component id="oc-60b">
         <name>.text:__mspabi_cmpd</name>
         <load_address>0x731a</load_address>
         <run_address>0x731a</run_address>
         <size>0xdc</size>
         <input_file_ref idref="fl-57"/>
      </object_component>
      <object_component id="oc-625">
         <name>.text:free</name>
         <load_address>0x73f6</load_address>
         <run_address>0x73f6</run_address>
         <size>0xd2</size>
         <input_file_ref idref="fl-6b"/>
      </object_component>
      <object_component id="oc-5b7">
         <name>.text:setvbuf</name>
         <load_address>0x74c8</load_address>
         <run_address>0x74c8</run_address>
         <size>0xd0</size>
         <input_file_ref idref="fl-28"/>
      </object_component>
      <object_component id="oc-50a">
         <name>.text:_pproc_wstr</name>
         <load_address>0x7598</load_address>
         <run_address>0x7598</run_address>
         <size>0xc4</size>
         <input_file_ref idref="fl-24"/>
      </object_component>
      <object_component id="oc-87b">
         <name>.text:__TI_renormd</name>
         <load_address>0x765c</load_address>
         <run_address>0x765c</run_address>
         <size>0xbe</size>
         <input_file_ref idref="fl-84"/>
      </object_component>
      <object_component id="oc-6aa">
         <name>.text:frexp</name>
         <load_address>0x771a</load_address>
         <run_address>0x771a</run_address>
         <size>0xb0</size>
         <input_file_ref idref="fl-74"/>
      </object_component>
      <object_component id="oc-742">
         <name>.text:__mspabi_fltlid</name>
         <load_address>0x77ca</load_address>
         <run_address>0x77ca</run_address>
         <size>0xac</size>
         <input_file_ref idref="fl-5c"/>
      </object_component>
      <object_component id="oc-504">
         <name>.text:_pproc_str</name>
         <load_address>0x7876</load_address>
         <run_address>0x7876</run_address>
         <size>0xac</size>
         <input_file_ref idref="fl-24"/>
      </object_component>
      <object_component id="oc-689">
         <name>.text:_mcpy</name>
         <load_address>0x7922</load_address>
         <run_address>0x7922</run_address>
         <size>0x92</size>
         <input_file_ref idref="fl-24"/>
      </object_component>
      <object_component id="oc-4eb">
         <name>.text:fputc</name>
         <load_address>0x79b4</load_address>
         <run_address>0x79b4</run_address>
         <size>0x90</size>
         <input_file_ref idref="fl-25"/>
      </object_component>
      <object_component id="oc-683">
         <name>.text:_ecpy</name>
         <load_address>0x7a44</load_address>
         <run_address>0x7a44</run_address>
         <size>0x8e</size>
         <input_file_ref idref="fl-24"/>
      </object_component>
      <object_component id="oc-702">
         <name>.text:HOSTlseek</name>
         <load_address>0x7ad2</load_address>
         <run_address>0x7ad2</run_address>
         <size>0x88</size>
         <input_file_ref idref="fl-86"/>
      </object_component>
      <object_component id="oc-73c">
         <name>.text:__TI_ltoa</name>
         <load_address>0x7b5a</load_address>
         <run_address>0x7b5a</run_address>
         <size>0x84</size>
         <input_file_ref idref="fl-63"/>
      </object_component>
      <object_component id="oc-6d">
         <name>.text:decompress:lzss:__TI_decompress_lzss</name>
         <load_address>0x7bde</load_address>
         <run_address>0x7bde</run_address>
         <size>0x7c</size>
         <input_file_ref idref="fl-56"/>
      </object_component>
      <object_component id="oc-551">
         <name>.text:__TI_wrt_ok</name>
         <load_address>0x7c5a</load_address>
         <run_address>0x7c5a</run_address>
         <size>0x7a</size>
         <input_file_ref idref="fl-27"/>
      </object_component>
      <object_component id="oc-5f9">
         <name>.text:_pconv_f</name>
         <load_address>0x7cd4</load_address>
         <run_address>0x7cd4</run_address>
         <size>0x7a</size>
         <input_file_ref idref="fl-24"/>
      </object_component>
      <object_component id="oc-6de">
         <name>.text:__TI_closefile</name>
         <load_address>0x7d4e</load_address>
         <run_address>0x7d4e</run_address>
         <size>0x72</size>
         <input_file_ref idref="fl-90"/>
      </object_component>
      <object_component id="oc-736">
         <name>.text:__mspabi_fixdli</name>
         <load_address>0x7dc0</load_address>
         <run_address>0x7dc0</run_address>
         <size>0x72</size>
         <input_file_ref idref="fl-5a"/>
      </object_component>
      <object_component id="oc-5b1">
         <name>.text:fseek</name>
         <load_address>0x7e32</load_address>
         <run_address>0x7e32</run_address>
         <size>0x70</size>
         <input_file_ref idref="fl-78"/>
      </object_component>
      <object_component id="oc-70e">
         <name>.text:HOSTrename</name>
         <load_address>0x7ea2</load_address>
         <run_address>0x7ea2</run_address>
         <size>0x6a</size>
         <input_file_ref idref="fl-89"/>
      </object_component>
      <object_component id="oc-793">
         <name>.text:split</name>
         <load_address>0x7f0c</load_address>
         <run_address>0x7f0c</run_address>
         <size>0x68</size>
         <input_file_ref idref="fl-6b"/>
      </object_component>
      <object_component id="oc-6ea">
         <name>.text:HOSTopen</name>
         <load_address>0x7f74</load_address>
         <run_address>0x7f74</run_address>
         <size>0x66</size>
         <input_file_ref idref="fl-87"/>
      </object_component>
      <object_component id="oc-6fc">
         <name>.text:HOSTwrite</name>
         <load_address>0x7fda</load_address>
         <run_address>0x7fda</run_address>
         <size>0x62</size>
         <input_file_ref idref="fl-8b"/>
      </object_component>
      <object_component id="oc-55d">
         <name>.text:__TI_doflush</name>
         <load_address>0x803c</load_address>
         <run_address>0x803c</run_address>
         <size>0x62</size>
         <input_file_ref idref="fl-76"/>
      </object_component>
      <object_component id="oc-6f6">
         <name>.text:HOSTread</name>
         <load_address>0x809e</load_address>
         <run_address>0x809e</run_address>
         <size>0x60</size>
         <input_file_ref idref="fl-88"/>
      </object_component>
      <object_component id="oc-7df">
         <name>.text:l_lsr_const</name>
         <load_address>0x80fe</load_address>
         <run_address>0x80fe</run_address>
         <size>0x5c</size>
         <input_file_ref idref="fl-7e"/>
      </object_component>
      <object_component id="oc-469">
         <name>.text:__TI_auto_init_nobinit_nopinit_hold_wdt:__TI_auto_init_nobinit_nopinit_hold_wdt</name>
         <load_address>0x815a</load_address>
         <run_address>0x815a</run_address>
         <size>0x58</size>
         <input_file_ref idref="fl-4c"/>
      </object_component>
      <object_component id="oc-81a">
         <name>.text:getdevice</name>
         <load_address>0x81b2</load_address>
         <run_address>0x81b2</run_address>
         <size>0x58</size>
         <input_file_ref idref="fl-91"/>
      </object_component>
      <object_component id="oc-664">
         <name>.text</name>
         <load_address>0x820a</load_address>
         <run_address>0x820a</run_address>
         <size>0x58</size>
         <input_file_ref idref="fl-2b"/>
      </object_component>
      <object_component id="oc-56f">
         <name>.text:atoi</name>
         <load_address>0x8262</load_address>
         <run_address>0x8262</run_address>
         <size>0x52</size>
         <input_file_ref idref="fl-65"/>
      </object_component>
      <object_component id="oc-696">
         <name>.text:_fcpy</name>
         <load_address>0x82b4</load_address>
         <run_address>0x82b4</run_address>
         <size>0x4e</size>
         <input_file_ref idref="fl-24"/>
      </object_component>
      <object_component id="oc-377">
         <name>.text</name>
         <load_address>0x8302</load_address>
         <run_address>0x8302</run_address>
         <size>0x4c</size>
         <input_file_ref idref="fl-44"/>
      </object_component>
      <object_component id="oc-79a">
         <name>.text:close</name>
         <load_address>0x834e</load_address>
         <run_address>0x834e</run_address>
         <size>0x4a</size>
         <input_file_ref idref="fl-96"/>
      </object_component>
      <object_component id="oc-66e">
         <name>.text:__mspabi_srlll</name>
         <load_address>0x8398</load_address>
         <run_address>0x8398</run_address>
         <size>0x46</size>
         <input_file_ref idref="fl-51"/>
      </object_component>
      <object_component id="oc-6f0">
         <name>.text:HOSTclose</name>
         <load_address>0x83de</load_address>
         <run_address>0x83de</run_address>
         <size>0x44</size>
         <input_file_ref idref="fl-85"/>
      </object_component>
      <object_component id="oc-71a">
         <name>.text:__mspabi_sllll</name>
         <load_address>0x8422</load_address>
         <run_address>0x8422</run_address>
         <size>0x44</size>
         <input_file_ref idref="fl-80"/>
      </object_component>
      <object_component id="oc-44b">
         <name>.text:exit</name>
         <load_address>0x8466</load_address>
         <run_address>0x8466</run_address>
         <size>0x44</size>
         <input_file_ref idref="fl-61"/>
      </object_component>
      <object_component id="oc-708">
         <name>.text:HOSTunlink</name>
         <load_address>0x84aa</load_address>
         <run_address>0x84aa</run_address>
         <size>0x40</size>
         <input_file_ref idref="fl-8a"/>
      </object_component>
      <object_component id="oc-7d8">
         <name>.text</name>
         <load_address>0x84ea</load_address>
         <run_address>0x84ea</run_address>
         <size>0x40</size>
         <input_file_ref idref="fl-7b"/>
      </object_component>
      <object_component id="oc-7ef">
         <name>.text:l_asr_const</name>
         <load_address>0x852a</load_address>
         <run_address>0x852a</run_address>
         <size>0x3e</size>
         <input_file_ref idref="fl-7a"/>
      </object_component>
      <object_component id="oc-7c1">
         <name>.text:l_lsl_const</name>
         <load_address>0x8568</load_address>
         <run_address>0x8568</run_address>
         <size>0x3e</size>
         <input_file_ref idref="fl-7d"/>
      </object_component>
      <object_component id="oc-43d">
         <name>.text:printf</name>
         <load_address>0x85a6</load_address>
         <run_address>0x85a6</run_address>
         <size>0x3c</size>
         <input_file_ref idref="fl-23"/>
      </object_component>
      <object_component id="oc-631">
         <name>.text:__TI_cleanup</name>
         <load_address>0x85e2</load_address>
         <run_address>0x85e2</run_address>
         <size>0x34</size>
         <input_file_ref idref="fl-77"/>
      </object_component>
      <object_component id="oc-85c">
         <name>.text:finddevice</name>
         <load_address>0x8616</load_address>
         <run_address>0x8616</run_address>
         <size>0x34</size>
         <input_file_ref idref="fl-91"/>
      </object_component>
      <object_component id="oc-7ae">
         <name>.text:__TI_writemsg</name>
         <load_address>0x864a</load_address>
         <run_address>0x864a</run_address>
         <size>0x2e</size>
         <input_file_ref idref="fl-8c"/>
      </object_component>
      <object_component id="oc-748">
         <name>.text:__mspabi_subd</name>
         <load_address>0x8678</load_address>
         <run_address>0x8678</run_address>
         <size>0x2e</size>
         <input_file_ref idref="fl-60"/>
      </object_component>
      <object_component id="oc-808">
         <name>.text:copysign</name>
         <load_address>0x86a6</load_address>
         <run_address>0x86a6</run_address>
         <size>0x2e</size>
         <input_file_ref idref="fl-8f"/>
      </object_component>
      <object_component id="oc-7b4">
         <name>.text:__TI_readmsg</name>
         <load_address>0x86d4</load_address>
         <run_address>0x86d4</run_address>
         <size>0x2c</size>
         <input_file_ref idref="fl-8c"/>
      </object_component>
      <object_component id="oc-729">
         <name>.text</name>
         <load_address>0x8700</load_address>
         <run_address>0x8700</run_address>
         <size>0x2c</size>
         <input_file_ref idref="fl-79"/>
      </object_component>
      <object_component id="oc-372">
         <name>.text</name>
         <load_address>0x872c</load_address>
         <run_address>0x872c</run_address>
         <size>0x2c</size>
         <input_file_ref idref="fl-7c"/>
      </object_component>
      <object_component id="oc-856">
         <name>.text:strncpy</name>
         <load_address>0x8758</load_address>
         <run_address>0x8758</run_address>
         <size>0x2c</size>
         <input_file_ref idref="fl-94"/>
      </object_component>
      <object_component id="oc-5ed">
         <name>.text:__mspabi_negd</name>
         <load_address>0x8784</load_address>
         <run_address>0x8784</run_address>
         <size>0x2a</size>
         <input_file_ref idref="fl-5f"/>
      </object_component>
      <object_component id="oc-74e">
         <name>.text:__mspabi_fixdi</name>
         <load_address>0x87ae</load_address>
         <run_address>0x87ae</run_address>
         <size>0x28</size>
         <input_file_ref idref="fl-59"/>
      </object_component>
      <object_component id="oc-6d0">
         <name>.text:free_list_insert</name>
         <load_address>0x87d6</load_address>
         <run_address>0x87d6</run_address>
         <size>0x28</size>
         <input_file_ref idref="fl-6b"/>
      </object_component>
      <object_component id="oc-7a1">
         <name>.text:unlink</name>
         <load_address>0x87fe</load_address>
         <run_address>0x87fe</run_address>
         <size>0x28</size>
         <input_file_ref idref="fl-97"/>
      </object_component>
      <object_component id="oc-61d">
         <name>.text:lseek</name>
         <load_address>0x8826</load_address>
         <run_address>0x8826</run_address>
         <size>0x26</size>
         <input_file_ref idref="fl-8e"/>
      </object_component>
      <object_component id="oc-563">
         <name>.text:write</name>
         <load_address>0x884c</load_address>
         <run_address>0x884c</run_address>
         <size>0x24</size>
         <input_file_ref idref="fl-72"/>
      </object_component>
      <object_component id="oc-589">
         <name>.text:memccpy</name>
         <load_address>0x8870</load_address>
         <run_address>0x8870</run_address>
         <size>0x22</size>
         <input_file_ref idref="fl-68"/>
      </object_component>
      <object_component id="oc-7f4">
         <name>.text</name>
         <load_address>0x8892</load_address>
         <run_address>0x8892</run_address>
         <size>0x20</size>
         <input_file_ref idref="fl-48"/>
      </object_component>
      <object_component id="oc-3b0">
         <name>.text:_c_int00_noargs</name>
         <load_address>0x88b2</load_address>
         <run_address>0x88b2</run_address>
         <size>0x1c</size>
         <input_file_ref idref="fl-4b"/>
      </object_component>
      <object_component id="oc-6ca">
         <name>.text:free_list_remove</name>
         <load_address>0x88ce</load_address>
         <run_address>0x88ce</run_address>
         <size>0x1c</size>
         <input_file_ref idref="fl-6b"/>
      </object_component>
      <object_component id="oc-77c">
         <name>.text:strchr</name>
         <load_address>0x88ea</load_address>
         <run_address>0x88ea</run_address>
         <size>0x1a</size>
         <input_file_ref idref="fl-6d"/>
      </object_component>
      <object_component id="oc-887">
         <name>.text:strcmp</name>
         <load_address>0x8904</load_address>
         <run_address>0x8904</run_address>
         <size>0x18</size>
         <input_file_ref idref="fl-92"/>
      </object_component>
      <object_component id="oc-669">
         <name>.text</name>
         <load_address>0x891c</load_address>
         <run_address>0x891c</run_address>
         <size>0x16</size>
         <input_file_ref idref="fl-2a"/>
      </object_component>
      <object_component id="oc-39e">
         <name>.text:decompress:ZI:__TI_zero_init_nomemset:__TI_zero_init_nomemset</name>
         <load_address>0x8932</load_address>
         <run_address>0x8932</run_address>
         <size>0x14</size>
         <input_file_ref idref="fl-4d"/>
      </object_component>
      <object_component id="oc-557">
         <name>.text:memchr</name>
         <load_address>0x8946</load_address>
         <run_address>0x8946</run_address>
         <size>0x14</size>
         <input_file_ref idref="fl-69"/>
      </object_component>
      <object_component id="oc-576">
         <name>.text:memset</name>
         <load_address>0x895a</load_address>
         <run_address>0x895a</run_address>
         <size>0x14</size>
         <input_file_ref idref="fl-6c"/>
      </object_component>
      <object_component id="oc-540">
         <name>.text</name>
         <load_address>0x896e</load_address>
         <run_address>0x896e</run_address>
         <size>0x14</size>
         <input_file_ref idref="fl-46"/>
      </object_component>
      <object_component id="oc-591">
         <name>.text:wcslen</name>
         <load_address>0x8982</load_address>
         <run_address>0x8982</run_address>
         <size>0x14</size>
         <input_file_ref idref="fl-29"/>
      </object_component>
      <object_component id="oc-73">
         <name>.text:decompress:none:__TI_decompress_none</name>
         <load_address>0x8996</load_address>
         <run_address>0x8996</run_address>
         <size>0x12</size>
         <input_file_ref idref="fl-55"/>
      </object_component>
      <object_component id="oc-720">
         <name>.text:l_lsr</name>
         <load_address>0x89a8</load_address>
         <run_address>0x89a8</run_address>
         <size>0x12</size>
         <input_file_ref idref="fl-7e"/>
      </object_component>
      <object_component id="oc-38c">
         <name>.text:memcpy</name>
         <load_address>0x89ba</load_address>
         <run_address>0x89ba</run_address>
         <size>0x12</size>
         <input_file_ref idref="fl-6a"/>
      </object_component>
      <object_component id="oc-876">
         <name>.text:l_asr</name>
         <load_address>0x89cc</load_address>
         <run_address>0x89cc</run_address>
         <size>0x10</size>
         <input_file_ref idref="fl-7a"/>
      </object_component>
      <object_component id="oc-871">
         <name>.text:l_lsl</name>
         <load_address>0x89dc</load_address>
         <run_address>0x89dc</run_address>
         <size>0x10</size>
         <input_file_ref idref="fl-7d"/>
      </object_component>
      <object_component id="oc-37c">
         <name>.text</name>
         <load_address>0x89ec</load_address>
         <run_address>0x89ec</run_address>
         <size>0x10</size>
         <input_file_ref idref="fl-2c"/>
      </object_component>
      <object_component id="oc-7ca">
         <name>.text:strcpy</name>
         <load_address>0x89fc</load_address>
         <run_address>0x89fc</run_address>
         <size>0x10</size>
         <input_file_ref idref="fl-93"/>
      </object_component>
      <object_component id="oc-4f2">
         <name>.text:strlen</name>
         <load_address>0x8a0c</load_address>
         <run_address>0x8a0c</run_address>
         <size>0xe</size>
         <input_file_ref idref="fl-6e"/>
      </object_component>
      <object_component id="oc-782">
         <name>.text:__mspabi_fltid</name>
         <load_address>0x8a1a</load_address>
         <run_address>0x8a1a</run_address>
         <size>0xc</size>
         <input_file_ref idref="fl-5b"/>
      </object_component>
      <object_component id="oc-5e7">
         <name>.text:toupper</name>
         <load_address>0x8a26</load_address>
         <run_address>0x8a26</run_address>
         <size>0xc</size>
         <input_file_ref idref="fl-6f"/>
      </object_component>
      <object_component id="oc-755">
         <name>.text:abs</name>
         <load_address>0x8a32</load_address>
         <run_address>0x8a32</run_address>
         <size>0xa</size>
         <input_file_ref idref="fl-70"/>
      </object_component>
      <object_component id="oc-62b">
         <name>.text:malloc</name>
         <load_address>0x8a3c</load_address>
         <run_address>0x8a3c</run_address>
         <size>0x8</size>
         <input_file_ref idref="fl-6b"/>
      </object_component>
      <object_component id="oc-492">
         <name>.text:_outc</name>
         <load_address>0x8a44</load_address>
         <run_address>0x8a44</run_address>
         <size>0x6</size>
         <input_file_ref idref="fl-23"/>
      </object_component>
      <object_component id="oc-445">
         <name>.text:abort</name>
         <load_address>0x8a4a</load_address>
         <run_address>0x8a4a</run_address>
         <size>0x6</size>
         <input_file_ref idref="fl-61"/>
      </object_component>
      <object_component id="oc-48c">
         <name>.text:_outs</name>
         <load_address>0x8a50</load_address>
         <run_address>0x8a50</run_address>
         <size>0x4</size>
         <input_file_ref idref="fl-23"/>
      </object_component>
      <object_component id="oc-3ff">
         <name>.text:_system_pre_init</name>
         <load_address>0x8a54</load_address>
         <run_address>0x8a54</run_address>
         <size>0x4</size>
         <input_file_ref idref="fl-53"/>
      </object_component>
      <object_component id="oc-4d7">
         <name>.text:_nop</name>
         <load_address>0x8a58</load_address>
         <run_address>0x8a58</run_address>
         <size>0x2</size>
         <input_file_ref idref="fl-62"/>
      </object_component>
      <object_component id="oc-4b6">
         <name>.text:_system_post_cinit</name>
         <load_address>0x8a5a</load_address>
         <run_address>0x8a5a</run_address>
         <size>0x2</size>
         <input_file_ref idref="fl-54"/>
      </object_component>
      <object_component id="oc-399">
         <name>.text:_isr:__TI_ISR_TRAP</name>
         <load_address>0x8c1c</load_address>
         <run_address>0x8c1c</run_address>
         <size>0x8</size>
         <input_file_ref idref="fl-43"/>
      </object_component>
      <object_component id="oc-910">
         <name>.cinit..data.load</name>
         <load_address>0x8c24</load_address>
         <run_address>0x8c24</run_address>
         <size>0x44</size>
      </object_component>
      <object_component id="oc-90d">
         <name>__TI_handler_table</name>
         <load_address>0x8c68</load_address>
         <run_address>0x8c68</run_address>
         <size>0x6</size>
      </object_component>
      <object_component id="oc-90f">
         <name>.cinit..bss.load</name>
         <load_address>0x8c6e</load_address>
         <run_address>0x8c6e</run_address>
         <size>0x4</size>
      </object_component>
      <object_component id="oc-90e">
         <name>__TI_cinit_table</name>
         <load_address>0x8c72</load_address>
         <run_address>0x8c72</run_address>
         <size>0x8</size>
      </object_component>
      <object_component id="oc-5ce">
         <name>.const:.string:_ctypes_</name>
         <load_address>0x8a5c</load_address>
         <run_address>0x8a5c</run_address>
         <size>0x101</size>
         <input_file_ref idref="fl-66"/>
      </object_component>
      <object_component id="oc-43c">
         <name>.const:.string</name>
         <load_address>0x8b5e</load_address>
         <run_address>0x8b5e</run_address>
         <size>0x62</size>
         <input_file_ref idref="fl-2"/>
      </object_component>
      <object_component id="oc-439">
         <name>.const:.string:$P$T0$1</name>
         <load_address>0x8bc0</load_address>
         <run_address>0x8bc0</run_address>
         <size>0x36</size>
         <input_file_ref idref="fl-2"/>
      </object_component>
      <object_component id="oc-57c">
         <name>.const:.string</name>
         <load_address>0x8bf6</load_address>
         <run_address>0x8bf6</run_address>
         <size>0x26</size>
         <input_file_ref idref="fl-24"/>
      </object_component>
      <object_component id="oc-826">
         <name>.cio</name>
         <uninitialized>true</uninitialized>
         <run_address>0x252c</run_address>
         <size>0x120</size>
         <input_file_ref idref="fl-8c"/>
      </object_component>
      <object_component id="oc-89f">
         <name>.binit</name>
         <load_address>0x4400</load_address>
         <run_address>0x4400</run_address>
         <size>0x0</size>
      </object_component>
      <object_component id="oc-79">
         <name>.int41</name>
         <load_address>0xffd2</load_address>
         <run_address>0xffd2</run_address>
         <size>0x2</size>
         <input_file_ref idref="fl-2d"/>
      </object_component>
      <object_component id="oc-7a">
         <name>.int42</name>
         <load_address>0xffd4</load_address>
         <run_address>0xffd4</run_address>
         <size>0x2</size>
         <input_file_ref idref="fl-2e"/>
      </object_component>
      <object_component id="oc-7b">
         <name>.int43</name>
         <load_address>0xffd6</load_address>
         <run_address>0xffd6</run_address>
         <size>0x2</size>
         <input_file_ref idref="fl-2f"/>
      </object_component>
      <object_component id="oc-7c">
         <name>.int44</name>
         <load_address>0xffd8</load_address>
         <run_address>0xffd8</run_address>
         <size>0x2</size>
         <input_file_ref idref="fl-30"/>
      </object_component>
      <object_component id="oc-7d">
         <name>.int45</name>
         <load_address>0xffda</load_address>
         <run_address>0xffda</run_address>
         <size>0x2</size>
         <input_file_ref idref="fl-31"/>
      </object_component>
      <object_component id="oc-7e">
         <name>.int46</name>
         <load_address>0xffdc</load_address>
         <run_address>0xffdc</run_address>
         <size>0x2</size>
         <input_file_ref idref="fl-32"/>
      </object_component>
      <object_component id="oc-7f">
         <name>.int47</name>
         <load_address>0xffde</load_address>
         <run_address>0xffde</run_address>
         <size>0x2</size>
         <input_file_ref idref="fl-33"/>
      </object_component>
      <object_component id="oc-80">
         <name>.int48</name>
         <load_address>0xffe0</load_address>
         <run_address>0xffe0</run_address>
         <size>0x2</size>
         <input_file_ref idref="fl-34"/>
      </object_component>
      <object_component id="oc-81">
         <name>.int49</name>
         <load_address>0xffe2</load_address>
         <run_address>0xffe2</run_address>
         <size>0x2</size>
         <input_file_ref idref="fl-35"/>
      </object_component>
      <object_component id="oc-82">
         <name>.int50</name>
         <load_address>0xffe4</load_address>
         <run_address>0xffe4</run_address>
         <size>0x2</size>
         <input_file_ref idref="fl-36"/>
      </object_component>
      <object_component id="oc-83">
         <name>.int51</name>
         <load_address>0xffe6</load_address>
         <run_address>0xffe6</run_address>
         <size>0x2</size>
         <input_file_ref idref="fl-37"/>
      </object_component>
      <object_component id="oc-84">
         <name>.int52</name>
         <load_address>0xffe8</load_address>
         <run_address>0xffe8</run_address>
         <size>0x2</size>
         <input_file_ref idref="fl-38"/>
      </object_component>
      <object_component id="oc-85">
         <name>.int53</name>
         <load_address>0xffea</load_address>
         <run_address>0xffea</run_address>
         <size>0x2</size>
         <input_file_ref idref="fl-39"/>
      </object_component>
      <object_component id="oc-86">
         <name>.int54</name>
         <load_address>0xffec</load_address>
         <run_address>0xffec</run_address>
         <size>0x2</size>
         <input_file_ref idref="fl-3a"/>
      </object_component>
      <object_component id="oc-87">
         <name>.int55</name>
         <load_address>0xffee</load_address>
         <run_address>0xffee</run_address>
         <size>0x2</size>
         <input_file_ref idref="fl-3b"/>
      </object_component>
      <object_component id="oc-88">
         <name>.int56</name>
         <load_address>0xfff0</load_address>
         <run_address>0xfff0</run_address>
         <size>0x2</size>
         <input_file_ref idref="fl-3c"/>
      </object_component>
      <object_component id="oc-89">
         <name>.int57</name>
         <load_address>0xfff2</load_address>
         <run_address>0xfff2</run_address>
         <size>0x2</size>
         <input_file_ref idref="fl-3d"/>
      </object_component>
      <object_component id="oc-8a">
         <name>.int58</name>
         <load_address>0xfff4</load_address>
         <run_address>0xfff4</run_address>
         <size>0x2</size>
         <input_file_ref idref="fl-3e"/>
      </object_component>
      <object_component id="oc-8b">
         <name>.int59</name>
         <load_address>0xfff6</load_address>
         <run_address>0xfff6</run_address>
         <size>0x2</size>
         <input_file_ref idref="fl-3f"/>
      </object_component>
      <object_component id="oc-8c">
         <name>.int60</name>
         <load_address>0xfff8</load_address>
         <run_address>0xfff8</run_address>
         <size>0x2</size>
         <input_file_ref idref="fl-40"/>
      </object_component>
      <object_component id="oc-8d">
         <name>.int61</name>
         <load_address>0xfffa</load_address>
         <run_address>0xfffa</run_address>
         <size>0x2</size>
         <input_file_ref idref="fl-41"/>
      </object_component>
      <object_component id="oc-8e">
         <name>.int62</name>
         <load_address>0xfffc</load_address>
         <run_address>0xfffc</run_address>
         <size>0x2</size>
         <input_file_ref idref="fl-42"/>
      </object_component>
      <object_component id="oc-36e">
         <name>.reset</name>
         <load_address>0xfffe</load_address>
         <run_address>0xfffe</run_address>
         <size>0x2</size>
         <input_file_ref idref="fl-4b"/>
      </object_component>
      <object_component id="oc-444">
         <name>.debug_info</name>
         <load_address>0x0</load_address>
         <run_address>0x0</run_address>
         <size>0x1bb</size>
         <input_file_ref idref="fl-2"/>
      </object_component>
      <object_component id="oc-43a">
         <name>.debug_info</name>
         <load_address>0x1bb</load_address>
         <run_address>0x1bb</run_address>
         <size>0xda</size>
         <input_file_ref idref="fl-2"/>
      </object_component>
      <object_component id="oc-406">
         <name>.debug_info</name>
         <load_address>0x295</load_address>
         <run_address>0x295</run_address>
         <size>0x179</size>
         <input_file_ref idref="fl-2"/>
      </object_component>
      <object_component id="oc-4a5">
         <name>.debug_info</name>
         <load_address>0x40e</load_address>
         <run_address>0x40e</run_address>
         <size>0x26b</size>
         <input_file_ref idref="fl-2"/>
      </object_component>
      <object_component id="oc-387">
         <name>.debug_info</name>
         <load_address>0x679</load_address>
         <run_address>0x679</run_address>
         <size>0x84</size>
         <input_file_ref idref="fl-2"/>
      </object_component>
      <object_component id="oc-525">
         <name>.debug_info</name>
         <load_address>0x6fd</load_address>
         <run_address>0x6fd</run_address>
         <size>0x282</size>
         <input_file_ref idref="fl-2"/>
      </object_component>
      <object_component id="oc-512">
         <name>.debug_info</name>
         <load_address>0x97f</load_address>
         <run_address>0x97f</run_address>
         <size>0x2c</size>
         <input_file_ref idref="fl-2"/>
      </object_component>
      <object_component id="oc-4a2">
         <name>.debug_info</name>
         <load_address>0x9ab</load_address>
         <run_address>0x9ab</run_address>
         <size>0x2bd</size>
         <input_file_ref idref="fl-23"/>
      </object_component>
      <object_component id="oc-493">
         <name>.debug_info</name>
         <load_address>0xc68</load_address>
         <run_address>0xc68</run_address>
         <size>0x162</size>
         <input_file_ref idref="fl-23"/>
      </object_component>
      <object_component id="oc-48d">
         <name>.debug_info</name>
         <load_address>0xdca</load_address>
         <run_address>0xdca</run_address>
         <size>0x166</size>
         <input_file_ref idref="fl-23"/>
      </object_component>
      <object_component id="oc-43e">
         <name>.debug_info</name>
         <load_address>0xf30</load_address>
         <run_address>0xf30</run_address>
         <size>0x184</size>
         <input_file_ref idref="fl-23"/>
      </object_component>
      <object_component id="oc-520">
         <name>.debug_info</name>
         <load_address>0x10b4</load_address>
         <run_address>0x10b4</run_address>
         <size>0xb2</size>
         <input_file_ref idref="fl-23"/>
      </object_component>
      <object_component id="oc-511">
         <name>.debug_info</name>
         <load_address>0x1166</load_address>
         <run_address>0x1166</run_address>
         <size>0x439</size>
         <input_file_ref idref="fl-24"/>
      </object_component>
      <object_component id="oc-4f9">
         <name>.debug_info</name>
         <load_address>0x159f</load_address>
         <run_address>0x159f</run_address>
         <size>0x22e</size>
         <input_file_ref idref="fl-24"/>
      </object_component>
      <object_component id="oc-5d7">
         <name>.debug_info</name>
         <load_address>0x17cd</load_address>
         <run_address>0x17cd</run_address>
         <size>0x1b3</size>
         <input_file_ref idref="fl-24"/>
      </object_component>
      <object_component id="oc-5dd">
         <name>.debug_info</name>
         <load_address>0x1980</load_address>
         <run_address>0x1980</run_address>
         <size>0x287</size>
         <input_file_ref idref="fl-24"/>
      </object_component>
      <object_component id="oc-57e">
         <name>.debug_info</name>
         <load_address>0x1c07</load_address>
         <run_address>0x1c07</run_address>
         <size>0x24b</size>
         <input_file_ref idref="fl-24"/>
      </object_component>
      <object_component id="oc-67e">
         <name>.debug_info</name>
         <load_address>0x1e52</load_address>
         <run_address>0x1e52</run_address>
         <size>0x3d0</size>
         <input_file_ref idref="fl-24"/>
      </object_component>
      <object_component id="oc-684">
         <name>.debug_info</name>
         <load_address>0x2222</load_address>
         <run_address>0x2222</run_address>
         <size>0x1bd</size>
         <input_file_ref idref="fl-24"/>
      </object_component>
      <object_component id="oc-68b">
         <name>.debug_info</name>
         <load_address>0x23df</load_address>
         <run_address>0x23df</run_address>
         <size>0x21b</size>
         <input_file_ref idref="fl-24"/>
      </object_component>
      <object_component id="oc-5f4">
         <name>.debug_info</name>
         <load_address>0x25fa</load_address>
         <run_address>0x25fa</run_address>
         <size>0x26d</size>
         <input_file_ref idref="fl-24"/>
      </object_component>
      <object_component id="oc-692">
         <name>.debug_info</name>
         <load_address>0x2867</load_address>
         <run_address>0x2867</run_address>
         <size>0x3e7</size>
         <input_file_ref idref="fl-24"/>
      </object_component>
      <object_component id="oc-698">
         <name>.debug_info</name>
         <load_address>0x2c4e</load_address>
         <run_address>0x2c4e</run_address>
         <size>0x206</size>
         <input_file_ref idref="fl-24"/>
      </object_component>
      <object_component id="oc-5fa">
         <name>.debug_info</name>
         <load_address>0x2e54</load_address>
         <run_address>0x2e54</run_address>
         <size>0x232</size>
         <input_file_ref idref="fl-24"/>
      </object_component>
      <object_component id="oc-600">
         <name>.debug_info</name>
         <load_address>0x3086</load_address>
         <run_address>0x3086</run_address>
         <size>0x376</size>
         <input_file_ref idref="fl-24"/>
      </object_component>
      <object_component id="oc-6b1">
         <name>.debug_info</name>
         <load_address>0x33fc</load_address>
         <run_address>0x33fc</run_address>
         <size>0x45e</size>
         <input_file_ref idref="fl-24"/>
      </object_component>
      <object_component id="oc-607">
         <name>.debug_info</name>
         <load_address>0x385a</load_address>
         <run_address>0x385a</run_address>
         <size>0x280</size>
         <input_file_ref idref="fl-24"/>
      </object_component>
      <object_component id="oc-585">
         <name>.debug_info</name>
         <load_address>0x3ada</load_address>
         <run_address>0x3ada</run_address>
         <size>0x395</size>
         <input_file_ref idref="fl-24"/>
      </object_component>
      <object_component id="oc-500">
         <name>.debug_info</name>
         <load_address>0x3e6f</load_address>
         <run_address>0x3e6f</run_address>
         <size>0x305</size>
         <input_file_ref idref="fl-24"/>
      </object_component>
      <object_component id="oc-506">
         <name>.debug_info</name>
         <load_address>0x4174</load_address>
         <run_address>0x4174</run_address>
         <size>0x26d</size>
         <input_file_ref idref="fl-24"/>
      </object_component>
      <object_component id="oc-50c">
         <name>.debug_info</name>
         <load_address>0x43e1</load_address>
         <run_address>0x43e1</run_address>
         <size>0x26a</size>
         <input_file_ref idref="fl-24"/>
      </object_component>
[...]
         <name>write</name>
         <value>0x884c</value>
         <object_component_ref idref="oc-563"/>
      </symbol>
      <symbol id="sm-9c1">
         <name>_stream</name>
         <value>0x2712</value>
         <object_component_ref idref="oc-5c3"/>
      </symbol>
      <symbol id="sm-9c2">
         <name>_device</name>
         <value>0x26c4</value>
         <object_component_ref idref="oc-644"/>
      </symbol>
      <symbol id="sm-9de">
         <name>frexpl</name>
         <value>0x771a</value>
         <object_component_ref idref="oc-6aa"/>
      </symbol>
      <symbol id="sm-9df">
         <name>frexp</name>
         <value>0x771a</value>
         <object_component_ref idref="oc-6aa"/>
      </symbol>
      <symbol id="sm-9f7">
         <name>scalbn</name>
         <value>0x6a92</value>
         <object_component_ref idref="oc-776"/>
      </symbol>
      <symbol id="sm-9f8">
         <name>scalbnl</name>
         <value>0x6a92</value>
         <object_component_ref idref="oc-776"/>
      </symbol>
      <symbol id="sm-9f9">
         <name>ldexpl</name>
         <value>0x6a92</value>
         <object_component_ref idref="oc-776"/>
      </symbol>
      <symbol id="sm-9fa">
         <name>ldexp</name>
         <value>0x6a92</value>
         <object_component_ref idref="oc-776"/>
      </symbol>
      <symbol id="sm-a0b">
         <name>__TI_doflush</name>
         <value>0x803c</value>
         <object_component_ref idref="oc-55d"/>
      </symbol>
      <symbol id="sm-a17">
         <name>__TI_cleanup</name>
         <value>0x85e2</value>
         <object_component_ref idref="oc-631"/>
      </symbol>
      <symbol id="sm-a27">
         <name>fseek</name>
         <value>0x7e32</value>
         <object_component_ref idref="oc-5b1"/>
      </symbol>
      <symbol id="sm-a2f">
         <name>__mspabi_srai</name>
         <value>0x8700</value>
         <object_component_ref idref="oc-729"/>
      </symbol>
      <symbol id="sm-a30">
         <name>__mspabi_srai_8</name>
         <value>0x871a</value>
         <object_component_ref idref="oc-729"/>
      </symbol>
      <symbol id="sm-a31">
         <name>__mspabi_srai_9</name>
         <value>0x8718</value>
         <object_component_ref idref="oc-729"/>
      </symbol>
      <symbol id="sm-a32">
         <name>__mspabi_srai_6</name>
         <value>0x871e</value>
         <object_component_ref idref="oc-729"/>
      </symbol>
      <symbol id="sm-a33">
         <name>__mspabi_srai_7</name>
         <value>0x871c</value>
         <object_component_ref idref="oc-729"/>
      </symbol>
      <symbol id="sm-a34">
         <name>__mspabi_srai_4</name>
         <value>0x8722</value>
         <object_component_ref idref="oc-729"/>
      </symbol>
      <symbol id="sm-a35">
         <name>__mspabi_srai_5</name>
         <value>0x8720</value>
         <object_component_ref idref="oc-729"/>
      </symbol>
      <symbol id="sm-a36">
         <name>__mspabi_srai_2</name>
         <value>0x8726</value>
         <object_component_ref idref="oc-729"/>
      </symbol>
      <symbol id="sm-a37">
         <name>__mspabi_srai_3</name>
         <value>0x8724</value>
         <object_component_ref idref="oc-729"/>
      </symbol>
      <symbol id="sm-a38">
         <name>__mspabi_srai_1</name>
         <value>0x8728</value>
         <object_component_ref idref="oc-729"/>
      </symbol>
      <symbol id="sm-a39">
         <name>__mspabi_srai_15</name>
         <value>0x870c</value>
         <object_component_ref idref="oc-729"/>
      </symbol>
      <symbol id="sm-a3a">
         <name>__mspabi_srai_14</name>
         <value>0x870e</value>
         <object_component_ref idref="oc-729"/>
      </symbol>
      <symbol id="sm-a3b">
         <name>__mspabi_srai_13</name>
         <value>0x8710</value>
         <object_component_ref idref="oc-729"/>
      </symbol>
      <symbol id="sm-a3c">
         <name>__mspabi_srai_12</name>
         <value>0x8712</value>
         <object_component_ref idref="oc-729"/>
      </symbol>
      <symbol id="sm-a3d">
         <name>__mspabi_srai_11</name>
         <value>0x8714</value>
         <object_component_ref idref="oc-729"/>
      </symbol>
      <symbol id="sm-a3e">
         <name>__mspabi_srai_10</name>
         <value>0x8716</value>
         <object_component_ref idref="oc-729"/>
      </symbol>
      <symbol id="sm-a4e">
         <name>__mspabi_sral</name>
         <value>0x89cc</value>
         <object_component_ref idref="oc-876"/>
      </symbol>
      <symbol id="sm-a4f">
         <name>__mspabi_sral_15</name>
         <value>0x852a</value>
         <object_component_ref idref="oc-7ef"/>
      </symbol>
      <symbol id="sm-a50">
         <name>__mspabi_sral_14</name>
         <value>0x852e</value>
         <object_component_ref idref="oc-7ef"/>
      </symbol>
      <symbol id="sm-a51">
         <name>__mspabi_sral_13</name>
         <value>0x8532</value>
         <object_component_ref idref="oc-7ef"/>
      </symbol>
      <symbol id="sm-a52">
         <name>__mspabi_sral_12</name>
         <value>0x8536</value>
         <object_component_ref idref="oc-7ef"/>
      </symbol>
      <symbol id="sm-a53">
         <name>__mspabi_sral_11</name>
         <value>0x853a</value>
         <object_component_ref idref="oc-7ef"/>
      </symbol>
      <symbol id="sm-a54">
         <name>__mspabi_sral_10</name>
         <value>0x853e</value>
         <object_component_ref idref="oc-7ef"/>
      </symbol>
      <symbol id="sm-a55">
         <name>__mspabi_sral_8</name>
         <value>0x8546</value>
         <object_component_ref idref="oc-7ef"/>
      </symbol>
      <symbol id="sm-a56">
         <name>__mspabi_sral_9</name>
         <value>0x8542</value>
         <object_component_ref idref="oc-7ef"/>
      </symbol>
      <symbol id="sm-a57">
         <name>__mspabi_sral_6</name>
         <value>0x854e</value>
         <object_component_ref idref="oc-7ef"/>
      </symbol>
      <symbol id="sm-a58">
         <name>__mspabi_sral_7</name>
         <value>0x854a</value>
         <object_component_ref idref="oc-7ef"/>
      </symbol>
      <symbol id="sm-a59">
         <name>__mspabi_sral_4</name>
         <value>0x8556</value>
         <object_component_ref idref="oc-7ef"/>
      </symbol>
      <symbol id="sm-a5a">
         <name>__mspabi_sral_5</name>
         <value>0x8552</value>
         <object_component_ref idref="oc-7ef"/>
      </symbol>
      <symbol id="sm-a5b">
         <name>__mspabi_sral_2</name>
         <value>0x855e</value>
         <object_component_ref idref="oc-7ef"/>
      </symbol>
      <symbol id="sm-a5c">
         <name>__mspabi_sral_3</name>
         <value>0x855a</value>
         <object_component_ref idref="oc-7ef"/>
      </symbol>
      <symbol id="sm-a5d">
         <name>__mspabi_sral_1</name>
         <value>0x8562</value>
         <object_component_ref idref="oc-7ef"/>
      </symbol>
      <symbol id="sm-a69">
         <name>__mspabi_remli</name>
         <value>0x84ea</value>
         <object_component_ref idref="oc-7d8"/>
      </symbol>
      <symbol id="sm-a6a">
         <name>__mspabi_divli</name>
         <value>0x84ea</value>
         <object_component_ref idref="oc-7d8"/>
      </symbol>
      <symbol id="sm-a72">
         <name>__mspabi_slli</name>
         <value>0x872c</value>
         <object_component_ref idref="oc-372"/>
      </symbol>
      <symbol id="sm-a73">
         <name>__mspabi_slli_9</name>
         <value>0x8744</value>
         <object_component_ref idref="oc-372"/>
      </symbol>
      <symbol id="sm-a74">
         <name>__mspabi_slli_8</name>
         <value>0x8746</value>
         <object_component_ref idref="oc-372"/>
      </symbol>
      <symbol id="sm-a75">
         <name>__mspabi_slli_7</name>
         <value>0x8748</value>
         <object_component_ref idref="oc-372"/>
      </symbol>
      <symbol id="sm-a76">
         <name>__mspabi_slli_6</name>
         <value>0x874a</value>
         <object_component_ref idref="oc-372"/>
      </symbol>
      <symbol id="sm-a77">
         <name>__mspabi_slli_5</name>
         <value>0x874c</value>
         <object_component_ref idref="oc-372"/>
      </symbol>
      <symbol id="sm-a78">
         <name>__mspabi_slli_4</name>
         <value>0x874e</value>
         <object_component_ref idref="oc-372"/>
      </symbol>
      <symbol id="sm-a79">
         <name>__mspabi_slli_3</name>
         <value>0x8750</value>
         <object_component_ref idref="oc-372"/>
      </symbol>
      <symbol id="sm-a7a">
         <name>__mspabi_slli_2</name>
         <value>0x8752</value>
         <object_component_ref idref="oc-372"/>
      </symbol>
      <symbol id="sm-a7b">
         <name>__mspabi_slli_1</name>
         <value>0x8754</value>
         <object_component_ref idref="oc-372"/>
      </symbol>
      <symbol id="sm-a7c">
         <name>__mspabi_slli_15</name>
         <value>0x8738</value>
         <object_component_ref idref="oc-372"/>
      </symbol>
      <symbol id="sm-a7d">
         <name>__mspabi_slli_14</name>
         <value>0x873a</value>
         <object_component_ref idref="oc-372"/>
      </symbol>
      <symbol id="sm-a7e">
         <name>__mspabi_slli_13</name>
         <value>0x873c</value>
         <object_component_ref idref="oc-372"/>
      </symbol>
      <symbol id="sm-a7f">
         <name>__mspabi_slli_12</name>
         <value>0x873e</value>
         <object_component_ref idref="oc-372"/>
      </symbol>
      <symbol id="sm-a80">
         <name>__mspabi_slli_11</name>
         <value>0x8740</value>
         <object_component_ref idref="oc-372"/>
      </symbol>
      <symbol id="sm-a81">
         <name>__mspabi_slli_10</name>
         <value>0x8742</value>
         <object_component_ref idref="oc-372"/>
      </symbol>
      <symbol id="sm-a91">
         <name>__mspabi_slll_9</name>
         <value>0x8580</value>
         <object_component_ref idref="oc-7c1"/>
      </symbol>
      <symbol id="sm-a92">
         <name>__mspabi_slll_8</name>
         <value>0x8584</value>
         <object_component_ref idref="oc-7c1"/>
      </symbol>
      <symbol id="sm-a93">
         <name>__mspabi_slll_7</name>
         <value>0x8588</value>
         <object_component_ref idref="oc-7c1"/>
      </symbol>
      <symbol id="sm-a94">
         <name>__mspabi_slll_6</name>
         <value>0x858c</value>
         <object_component_ref idref="oc-7c1"/>
      </symbol>
      <symbol id="sm-a95">
         <name>__mspabi_slll_5</name>
         <value>0x8590</value>
         <object_component_ref idref="oc-7c1"/>
      </symbol>
      <symbol id="sm-a96">
         <name>__mspabi_slll_4</name>
         <value>0x8594</value>
         <object_component_ref idref="oc-7c1"/>
      </symbol>
      <symbol id="sm-a97">
         <name>__mspabi_slll_3</name>
         <value>0x8598</value>
         <object_component_ref idref="oc-7c1"/>
      </symbol>
      <symbol id="sm-a98">
         <name>__mspabi_slll_2</name>
         <value>0x859c</value>
         <object_component_ref idref="oc-7c1"/>
      </symbol>
      <symbol id="sm-a99">
         <name>__mspabi_slll_1</name>
         <value>0x85a0</value>
         <object_component_ref idref="oc-7c1"/>
      </symbol>
      <symbol id="sm-a9a">
         <name>__mspabi_slll</name>
         <value>0x89dc</value>
         <object_component_ref idref="oc-871"/>
      </symbol>
      <symbol id="sm-a9b">
         <name>__mspabi_slll_15</name>
         <value>0x8568</value>
         <object_component_ref idref="oc-7c1"/>
      </symbol>
      <symbol id="sm-a9c">
         <name>__mspabi_slll_14</name>
         <value>0x856c</value>
         <object_component_ref idref="oc-7c1"/>
      </symbol>
      <symbol id="sm-a9d">
         <name>__mspabi_slll_13</name>
         <value>0x8570</value>
         <object_component_ref idref="oc-7c1"/>
      </symbol>
      <symbol id="sm-a9e">
         <name>__mspabi_slll_12</name>
         <value>0x8574</value>
         <object_component_ref idref="oc-7c1"/>
      </symbol>
      <symbol id="sm-a9f">
         <name>__mspabi_slll_11</name>
         <value>0x8578</value>
         <object_component_ref idref="oc-7c1"/>
      </symbol>
      <symbol id="sm-aa0">
         <name>__mspabi_slll_10</name>
         <value>0x857c</value>
         <object_component_ref idref="oc-7c1"/>
      </symbol>
      <symbol id="sm-ab0">
         <name>__mspabi_srll_8</name>
         <value>0x8128</value>
         <object_component_ref idref="oc-7df"/>
      </symbol>
      <symbol id="sm-ab1">
         <name>__mspabi_srll_9</name>
         <value>0x8122</value>
         <object_component_ref idref="oc-7df"/>
      </symbol>
      <symbol id="sm-ab2">
         <name>__mspabi_srll_6</name>
         <value>0x8134</value>
         <object_component_ref idref="oc-7df"/>
      </symbol>
      <symbol id="sm-ab3">
         <name>__mspabi_srll_7</name>
         <value>0x812e</value>
         <object_component_ref idref="oc-7df"/>
      </symbol>
      <symbol id="sm-ab4">
         <name>__mspabi_srll_4</name>
         <value>0x8140</value>
         <object_component_ref idref="oc-7df"/>
      </symbol>
      <symbol id="sm-ab5">
         <name>__mspabi_srll_5</name>
         <value>0x813a</value>
         <object_component_ref idref="oc-7df"/>
      </symbol>
      <symbol id="sm-ab6">
         <name>__mspabi_srll_2</name>
         <value>0x814c</value>
         <object_component_ref idref="oc-7df"/>
      </symbol>
      <symbol id="sm-ab7">
         <name>__mspabi_srll_3</name>
         <value>0x8146</value>
         <object_component_ref idref="oc-7df"/>
      </symbol>
      <symbol id="sm-ab8">
         <name>__mspabi_srll_1</name>
         <value>0x8152</value>
         <object_component_ref idref="oc-7df"/>
      </symbol>
      <symbol id="sm-ab9">
         <name>__mspabi_srll_15</name>
         <value>0x80fe</value>
         <object_component_ref idref="oc-7df"/>
      </symbol>
      <symbol id="sm-aba">
         <name>__mspabi_srll_14</name>
         <value>0x8104</value>
         <object_component_ref idref="oc-7df"/>
      </symbol>
      <symbol id="sm-abb">
         <name>__mspabi_srll_13</name>
         <value>0x810a</value>
         <object_component_ref idref="oc-7df"/>
      </symbol>
      <symbol id="sm-abc">
         <name>__mspabi_srll_12</name>
         <value>0x8110</value>
         <object_component_ref idref="oc-7df"/>
      </symbol>
      <symbol id="sm-abd">
         <name>__mspabi_srll_11</name>
         <value>0x8116</value>
         <object_component_ref idref="oc-7df"/>
      </symbol>
      <symbol id="sm-abe">
         <name>__mspabi_srll_10</name>
         <value>0x811c</value>
         <object_component_ref idref="oc-7df"/>
      </symbol>
      <symbol id="sm-abf">
         <name>__mspabi_srll</name>
         <value>0x89a8</value>
         <object_component_ref idref="oc-720"/>
      </symbol>
      <symbol id="sm-acd">
         <name>__mspabi_sllll</name>
         <value>0x8422</value>
         <object_component_ref idref="oc-71a"/>
      </symbol>
      <symbol id="sm-aef">
         <name>__mspabi_addd</name>
         <value>0x4bd8</value>
         <object_component_ref idref="oc-7e6"/>
      </symbol>
      <symbol id="sm-b10">
         <name>__TI_frcaddd</name>
         <value>0x58bc</value>
         <object_component_ref idref="oc-841"/>
      </symbol>
      <symbol id="sm-b20">
         <name>__TI_frcmpyd</name>
         <value>0x515a</value>
         <object_component_ref idref="oc-75f"/>
      </symbol>
      <symbol id="sm-b33">
         <name>__TI_renormd</name>
         <value>0x765c</value>
         <object_component_ref idref="oc-87b"/>
      </symbol>
      <symbol id="sm-b3f">
         <name>HOSTclose</name>
         <value>0x83de</value>
         <object_component_ref idref="oc-6f0"/>
      </symbol>
      <symbol id="sm-b4b">
         <name>HOSTlseek</name>
         <value>0x7ad2</value>
         <object_component_ref idref="oc-702"/>
      </symbol>
      <symbol id="sm-b59">
         <name>parmbuf</name>
         <value>0x27ea</value>
      </symbol>
      <symbol id="sm-b5a">
         <name>HOSTopen</name>
         <value>0x7f74</value>
         <object_component_ref idref="oc-6ea"/>
      </symbol>
      <symbol id="sm-b67">
         <name>HOSTread</name>
         <value>0x809e</value>
         <object_component_ref idref="oc-6f6"/>
      </symbol>
      <symbol id="sm-b73">
         <name>HOSTrename</name>
         <value>0x7ea2</value>
         <object_component_ref idref="oc-70e"/>
      </symbol>
      <symbol id="sm-b7f">
         <name>HOSTunlink</name>
         <value>0x84aa</value>
         <object_component_ref idref="oc-708"/>
      </symbol>
      <symbol id="sm-b8c">
         <name>HOSTwrite</name>
         <value>0x7fda</value>
         <object_component_ref idref="oc-6fc"/>
      </symbol>
      <symbol id="sm-baa">
         <name>__TI_readmsg</name>
         <value>0x86d4</value>
         <object_component_ref idref="oc-7b4"/>
      </symbol>
      <symbol id="sm-bab">
         <name>C$$IO$$</name>
         <value>0x8674</value>
         <object_component_ref idref="oc-7ae"/>
      </symbol>
      <symbol id="sm-bac">
         <name>_CIOBUF_</name>
         <value>0x252c</value>
         <object_component_ref idref="oc-826"/>
      </symbol>
      <symbol id="sm-bad">
         <name>__TI_writemsg</name>
         <value>0x864a</value>
         <object_component_ref idref="oc-7ae"/>
      </symbol>
      <symbol id="sm-bbb">
         <name>lseek</name>
         <value>0x8826</value>
         <object_component_ref idref="oc-61d"/>
      </symbol>
      <symbol id="sm-bc4">
         <name>copysign</name>
         <value>0x86a6</value>
         <object_component_ref idref="oc-808"/>
      </symbol>
      <symbol id="sm-bc5">
         <name>copysignl</name>
         <value>0x86a6</value>
         <object_component_ref idref="oc-808"/>
      </symbol>
      <symbol id="sm-bd5">
         <name>__TI_closefile</name>
         <value>0x7d4e</value>
         <object_component_ref idref="oc-6de"/>
      </symbol>
      <symbol id="sm-bf3">
         <name>finddevice</name>
         <value>0x8616</value>
         <object_component_ref idref="oc-85c"/>
      </symbol>
      <symbol id="sm-bf4">
         <name>getdevice</name>
         <value>0x81b2</value>
         <object_component_ref idref="oc-81a"/>
      </symbol>
      <symbol id="sm-c02">
         <name>strcmp</name>
         <value>0x8904</value>
         <object_component_ref idref="oc-887"/>
      </symbol>
      <symbol id="sm-c0f">
         <name>strcpy</name>
         <value>0x89fc</value>
         <object_component_ref idref="oc-7ca"/>
      </symbol>
      <symbol id="sm-c1f">
         <name>strncpy</name>
         <value>0x8758</value>
         <object_component_ref idref="oc-856"/>
      </symbol>
      <symbol id="sm-c32">
         <name>close</name>
         <value>0x834e</value>
         <object_component_ref idref="oc-79a"/>
      </symbol>
      <symbol id="sm-c3e">
         <name>unlink</name>
         <value>0x87fe</value>
         <object_component_ref idref="oc-7a1"/>
      </symbol>
      <symbol id="sm-c40">
         <name>remove</name>
         <value>0x87fe</value>
      </symbol>
   </symbol_table>
   <title>Link successful</title>
</link_info>
