<?xml version="1.0" encoding="ISO-8859-1" ?>
<link_info>
   <banner>MSP430 Linker PC v20.2.2.LTS</banner>
   <copyright>Copyright (c) 2003-2018 Texas Instruments Incorporated</copyright>
   <link_time>0x5f52d3d3</link_time>
   <link_errors>0x0</link_errors>
   <output_file>Lab002-3.out</output_file>
   <entry_point>
      <name>_c_int00_noargs</name>
      <address>0x8648</address>
   </entry_point>
   <input_file_list>
      <input_file id="fl-2">
         <path>.\</path>
         <kind>object</kind>
         <file>main.obj</file>
         <name>main.obj</name>
      </input_file>
      <input_file id="fl-8">
         <kind>object</kind>
         <file>&lt;internal&gt;</file>
         <name>&lt;internal&gt;</name>
      </input_file>
      <input_file id="fl-23">
         <path>C:\ti\ccs1010\ccs\tools\compiler\ti-cgt-msp430_20.2.2.LTS\lib\</path>
         <kind>archive</kind>
         <file>rts430x_sc_sd_eabi.lib</file>
         <name>printf.c.obj</name>
      </input_file>
      <input_file id="fl-24">
         <path>C:\ti\ccs1010\ccs\tools\compiler\ti-cgt-msp430_20.2.2.LTS\lib\</path>
         <kind>archive</kind>
         <file>rts430x_sc_sd_eabi.lib</file>
         <name>_printfi.c.obj</name>
      </input_file>
      <input_file id="fl-25">
         <path>C:\ti\ccs1010\ccs\tools\compiler\ti-cgt-msp430_20.2.2.LTS\lib\</path>
         <kind>archive</kind>
         <file>rts430x_sc_sd_eabi.lib</file>
         <name>fputc.c.obj</name>
      </input_file>
      <input_file id="fl-26">
         <path>C:\ti\ccs1010\ccs\tools\compiler\ti-cgt-msp430_20.2.2.LTS\lib\</path>
         <kind>archive</kind>
         <file>rts430x_sc_sd_eabi.lib</file>
         <name>fputs.c.obj</name>
      </input_file>
      <input_file id="fl-27">
         <path>C:\ti\ccs1010\ccs\tools\compiler\ti-cgt-msp430_20.2.2.LTS\lib\</path>
         <kind>archive</kind>
         <file>rts430x_sc_sd_eabi.lib</file>
         <name>_io_perm.c.obj</name>
      </input_file>
      <input_file id="fl-28">
         <path>C:\ti\ccs1010\ccs\tools\compiler\ti-cgt-msp430_20.2.2.LTS\lib\</path>
         <kind>archive</kind>
         <file>rts430x_sc_sd_eabi.lib</file>
         <name>setvbuf.c.obj</name>
      </input_file>
      <input_file id="fl-29">
         <path>C:\ti\ccs1010\ccs\tools\compiler\ti-cgt-msp430_20.2.2.LTS\lib\</path>
         <kind>archive</kind>
         <file>rts430x_sc_sd_eabi.lib</file>
         <name>s_frexp.c.obj</name>
      </input_file>
      <input_file id="fl-2a">
         <path>C:\ti\ccs1010\ccs\tools\compiler\ti-cgt-msp430_20.2.2.LTS\lib\</path>
         <kind>archive</kind>
         <file>rts430x_sc_sd_eabi.lib</file>
         <name>s_scalbn.c.obj</name>
      </input_file>
      <input_file id="fl-2b">
         <path>C:\ti\ccs1010\ccs\tools\compiler\ti-cgt-msp430_20.2.2.LTS\lib\</path>
         <kind>archive</kind>
         <file>rts430x_sc_sd_eabi.lib</file>
         <name>div16u.asm.obj</name>
      </input_file>
      <input_file id="fl-2c">
         <path>C:\ti\ccs1010\ccs\tools\compiler\ti-cgt-msp430_20.2.2.LTS\lib\</path>
         <kind>archive</kind>
         <file>rts430x_sc_sd_eabi.lib</file>
         <name>div32u.asm.obj</name>
      </input_file>
      <input_file id="fl-2d">
         <path>C:\ti\ccs1010\ccs\tools\compiler\ti-cgt-msp430_20.2.2.LTS\lib\</path>
         <kind>archive</kind>
         <file>rts430x_sc_sd_eabi.lib</file>
         <name>int41.asm.obj</name>
      </input_file>
      <input_file id="fl-2e">
         <path>C:\ti\ccs1010\ccs\tools\compiler\ti-cgt-msp430_20.2.2.LTS\lib\</path>
         <kind>archive</kind>
         <file>rts430x_sc_sd_eabi.lib</file>
         <name>int42.asm.obj</name>
      </input_file>
      <input_file id="fl-2f">
         <path>C:\ti\ccs1010\ccs\tools\compiler\ti-cgt-msp430_20.2.2.LTS\lib\</path>
         <kind>archive</kind>
         <file>rts430x_sc_sd_eabi.lib</file>
         <name>int43.asm.obj</name>
      </input_file>
      <input_file id="fl-30">
         <path>C:\ti\ccs1010\ccs\tools\compiler\ti-cgt-msp430_20.2.2.LTS\lib\</path>
         <kind>archive</kind>
         <file>rts430x_sc_sd_eabi.lib</file>
         <name>int44.asm.obj</name>
      </input_file>
      <input_file id="fl-31">
         <path>C:\ti\ccs1010\ccs\tools\compiler\ti-cgt-msp430_20.2.2.LTS\lib\</path>
         <kind>archive</kind>
         <file>rts430x_sc_sd_eabi.lib</file>
         <name>int45.asm.obj</name>
      </input_file>
      <input_file id="fl-32">
         <path>C:\ti\ccs1010\ccs\tools\compiler\ti-cgt-msp430_20.2.2.LTS\lib\</path>
         <kind>archive</kind>
         <file>rts430x_sc_sd_eabi.lib</file>
         <name>int46.asm.obj</name>
      </input_file>
      <input_file id="fl-33">
         <path>C:\ti\ccs1010\ccs\tools\compiler\ti-cgt-msp430_20.2.2.LTS\lib\</path>
         <kind>archive</kind>
         <file>rts430x_sc_sd_eabi.lib</file>
         <name>int47.asm.obj</name>
      </input_file>
      <input_file id="fl-34">
         <path>C:\ti\ccs1010\ccs\tools\compiler\ti-cgt-msp430_20.2.2.LTS\lib\</path>
         <kind>archive</kind>
         <file>rts430x_sc_sd_eabi.lib</file>
         <name>int48.asm.obj</name>
      </input_file>
      <input_file id="fl-35">
         <path>C:\ti\ccs1010\ccs\tools\compiler\ti-cgt-msp430_20.2.2.LTS\lib\</path>
         <kind>archive</kind>
         <file>rts430x_sc_sd_eabi.lib</file>
         <name>int49.asm.obj</name>
      </input_file>
      <input_file id="fl-36">
         <path>C:\ti\ccs1010\ccs\tools\compiler\ti-cgt-msp430_20.2.2.LTS\lib\</path>
         <kind>archive</kind>
         <file>rts430x_sc_sd_eabi.lib</file>
         <name>int50.asm.obj</name>
      </input_file>
      <input_file id="fl-37">
         <path>C:\ti\ccs1010\ccs\tools\compiler\ti-cgt-msp430_20.2.2.LTS\lib\</path>
         <kind>archive</kind>
         <file>rts430x_sc_sd_eabi.lib</file>
         <name>int51.asm.obj</name>
      </input_file>
      <input_file id="fl-38">
         <path>C:\ti\ccs1010\ccs\tools\compiler\ti-cgt-msp430_20.2.2.LTS\lib\</path>
         <kind>archive</kind>
         <file>rts430x_sc_sd_eabi.lib</file>
         <name>int52.asm.obj</name>
      </input_file>
      <input_file id="fl-39">
         <path>C:\ti\ccs1010\ccs\tools\compiler\ti-cgt-msp430_20.2.2.LTS\lib\</path>
         <kind>archive</kind>
         <file>rts430x_sc_sd_eabi.lib</file>
         <name>int53.asm.obj</name>
      </input_file>
      <input_file id="fl-3a">
         <path>C:\ti\ccs1010\ccs\tools\compiler\ti-cgt-msp430_20.2.2.LTS\lib\</path>
         <kind>archive</kind>
         <file>rts430x_sc_sd_eabi.lib</file>
         <name>int54.asm.obj</name>
      </input_file>
      <input_file id="fl-3b">
         <path>C:\ti\ccs1010\ccs\tools\compiler\ti-cgt-msp430_20.2.2.LTS\lib\</path>
         <kind>archive</kind>
         <file>rts430x_sc_sd_eabi.lib</file>
         <name>int55.asm.obj</name>
      </input_file>
      <input_file id="fl-3c">
         <path>C:\ti\ccs1010\ccs\tools\compiler\ti-cgt-msp430_20.2.2.LTS\lib\</path>
         <kind>archive</kind>
         <file>rts430x_sc_sd_eabi.lib</file>
         <name>int56.asm.obj</name>
      </input_file>
      <input_file id="fl-3d">
         <path>C:\ti\ccs1010\ccs\tools\compiler\ti-cgt-msp430_20.2.2.LTS\lib\</path>
         <kind>archive</kind>
         <file>rts430x_sc_sd_eabi.lib</file>
         <name>int57.asm.obj</name>
      </input_file>
      <input_file id="fl-3e">
         <path>C:\ti\ccs1010\ccs\tools\compiler\ti-cgt-msp430_20.2.2.LTS\lib\</path>
         <kind>archive</kind>
         <file>rts430x_sc_sd_eabi.lib</file>
         <name>int58.asm.obj</name>
      </input_file>
      <input_file id="fl-3f">
         <path>C:\ti\ccs1010\ccs\tools\compiler\ti-cgt-msp430_20.2.2.LTS\lib\</path>
         <kind>archive</kind>
         <file>rts430x_sc_sd_eabi.lib</file>
         <name>int59.asm.obj</name>
      </input_file>
      <input_file id="fl-40">
         <path>C:\ti\ccs1010\ccs\tools\compiler\ti-cgt-msp430_20.2.2.LTS\lib\</path>
         <kind>archive</kind>
         <file>rts430x_sc_sd_eabi.lib</file>
         <name>int60.asm.obj</name>
      </input_file>
      <input_file id="fl-41">
         <path>C:\ti\ccs1010\ccs\tools\compiler\ti-cgt-msp430_20.2.2.LTS\lib\</path>
         <kind>archive</kind>
         <file>rts430x_sc_sd_eabi.lib</file>
         <name>int61.asm.obj</name>
      </input_file>
      <input_file id="fl-42">
         <path>C:\ti\ccs1010\ccs\tools\compiler\ti-cgt-msp430_20.2.2.LTS\lib\</path>
         <kind>archive</kind>
         <file>rts430x_sc_sd_eabi.lib</file>
         <name>int62.asm.obj</name>
      </input_file>
      <input_file id="fl-43">
         <path>C:\ti\ccs1010\ccs\tools\compiler\ti-cgt-msp430_20.2.2.LTS\lib\</path>
         <kind>archive</kind>
         <file>rts430x_sc_sd_eabi.lib</file>
         <name>isr_trap.asm.obj</name>
      </input_file>
      <input_file id="fl-44">
         <path>C:\ti\ccs1010\ccs\tools\compiler\ti-cgt-msp430_20.2.2.LTS\lib\</path>
         <kind>archive</kind>
         <file>rts430x_sc_sd_eabi.lib</file>
         <name>mult16.asm.obj</name>
      </input_file>
      <input_file id="fl-45">
         <path>C:\ti\ccs1010\ccs\tools\compiler\ti-cgt-msp430_20.2.2.LTS\lib\</path>
         <kind>archive</kind>
         <file>rts430x_sc_sd_eabi.lib</file>
         <name>mult16_f5hw.asm.obj</name>
      </input_file>
      <input_file id="fl-46">
         <path>C:\ti\ccs1010\ccs\tools\compiler\ti-cgt-msp430_20.2.2.LTS\lib\</path>
         <kind>archive</kind>
         <file>rts430x_sc_sd_eabi.lib</file>
         <name>mult1632_f5hw.asm.obj</name>
      </input_file>
      <input_file id="fl-47">
         <path>C:\ti\ccs1010\ccs\tools\compiler\ti-cgt-msp430_20.2.2.LTS\lib\</path>
         <kind>archive</kind>
         <file>rts430x_sc_sd_eabi.lib</file>
         <name>mult32_f5hw.asm.obj</name>
      </input_file>
      <input_file id="fl-48">
         <path>C:\ti\ccs1010\ccs\tools\compiler\ti-cgt-msp430_20.2.2.LTS\lib\</path>
         <kind>archive</kind>
         <file>rts430x_sc_sd_eabi.lib</file>
         <name>mult3264_f5hw.asm.obj</name>
      </input_file>
      <input_file id="fl-49">
         <path>C:\ti\ccs1010\ccs\tools\compiler\ti-cgt-msp430_20.2.2.LTS\lib\</path>
         <kind>archive</kind>
         <file>rts430x_sc_sd_eabi.lib</file>
         <name>mult64_f5hw.asm.obj</name>
      </input_file>
      <input_file id="fl-4a">
         <path>C:\ti\ccs1010\ccs\tools\compiler\ti-cgt-msp430_20.2.2.LTS\lib\</path>
         <kind>archive</kind>
         <file>rts430x_sc_sd_eabi.lib</file>
         <name>boot.c.obj</name>
      </input_file>
      <input_file id="fl-4b">
         <path>C:\ti\ccs1010\ccs\tools\compiler\ti-cgt-msp430_20.2.2.LTS\lib\</path>
         <kind>archive</kind>
         <file>rts430x_sc_sd_eabi.lib</file>
         <name>autoinit.c.obj</name>
      </input_file>
      <input_file id="fl-4c">
         <path>C:\ti\ccs1010\ccs\tools\compiler\ti-cgt-msp430_20.2.2.LTS\lib\</path>
         <kind>archive</kind>
         <file>rts430x_sc_sd_eabi.lib</file>
         <name>copy_zero_init.c.obj</name>
      </input_file>
      <input_file id="fl-4d">
         <path>C:\ti\ccs1010\ccs\tools\compiler\ti-cgt-msp430_20.2.2.LTS\lib\</path>
         <kind>archive</kind>
         <file>rts430x_sc_sd_eabi.lib</file>
         <name>exit_gvars.c.obj</name>
      </input_file>
      <input_file id="fl-4e">
         <path>C:\ti\ccs1010\ccs\tools\compiler\ti-cgt-msp430_20.2.2.LTS\lib\</path>
         <kind>archive</kind>
         <file>rts430x_sc_sd_eabi.lib</file>
         <name>cpy_tbl.c.obj</name>
      </input_file>
      <input_file id="fl-4f">
         <path>C:\ti\ccs1010\ccs\tools\compiler\ti-cgt-msp430_20.2.2.LTS\lib\</path>
         <kind>archive</kind>
         <file>rts430x_sc_sd_eabi.lib</file>
         <name>mpu_init.c.obj</name>
      </input_file>
      <input_file id="fl-50">
         <path>C:\ti\ccs1010\ccs\tools\compiler\ti-cgt-msp430_20.2.2.LTS\lib\</path>
         <kind>archive</kind>
         <file>rts430x_sc_sd_eabi.lib</file>
         <name>lsr64.c.obj</name>
      </input_file>
      <input_file id="fl-51">
         <path>C:\ti\ccs1010\ccs\tools\compiler\ti-cgt-msp430_20.2.2.LTS\lib\</path>
         <kind>archive</kind>
         <file>rts430x_sc_sd_eabi.lib</file>
         <name>div64u.c.obj</name>
      </input_file>
      <input_file id="fl-52">
         <path>C:\ti\ccs1010\ccs\tools\compiler\ti-cgt-msp430_20.2.2.LTS\lib\</path>
         <kind>archive</kind>
         <file>rts430x_sc_sd_eabi.lib</file>
         <name>pre_init.c.obj</name>
      </input_file>
      <input_file id="fl-53">
         <path>C:\ti\ccs1010\ccs\tools\compiler\ti-cgt-msp430_20.2.2.LTS\lib\</path>
         <kind>archive</kind>
         <file>rts430x_sc_sd_eabi.lib</file>
         <name>startup.c.obj</name>
      </input_file>
      <input_file id="fl-54">
         <path>C:\ti\ccs1010\ccs\tools\compiler\ti-cgt-msp430_20.2.2.LTS\lib\</path>
         <kind>archive</kind>
         <file>rts430x_sc_sd_eabi.lib</file>
         <name>copy_decompress_none.c.obj</name>
      </input_file>
      <input_file id="fl-55">
         <path>C:\ti\ccs1010\ccs\tools\compiler\ti-cgt-msp430_20.2.2.LTS\lib\</path>
         <kind>archive</kind>
         <file>rts430x_sc_sd_eabi.lib</file>
         <name>copy_decompress_lzss.c.obj</name>
      </input_file>
      <input_file id="fl-56">
         <path>C:\ti\ccs1010\ccs\tools\compiler\ti-cgt-msp430_20.2.2.LTS\lib\</path>
         <kind>archive</kind>
         <file>rts430x_sc_sd_eabi.lib</file>
         <name>addd.c.obj</name>
      </input_file>
      <input_file id="fl-57">
         <path>C:\ti\ccs1010\ccs\tools\compiler\ti-cgt-msp430_20.2.2.LTS\lib\</path>
         <kind>archive</kind>
         <file>rts430x_sc_sd_eabi.lib</file>
         <name>cmpd.c.obj</name>
      </input_file>
      <input_file id="fl-58">
         <path>C:\ti\ccs1010\ccs\tools\compiler\ti-cgt-msp430_20.2.2.LTS\lib\</path>
         <kind>archive</kind>
         <file>rts430x_sc_sd_eabi.lib</file>
         <name>divd.c.obj</name>
      </input_file>
      <input_file id="fl-59">
         <path>C:\ti\ccs1010\ccs\tools\compiler\ti-cgt-msp430_20.2.2.LTS\lib\</path>
         <kind>archive</kind>
         <file>rts430x_sc_sd_eabi.lib</file>
         <name>fixdi.c.obj</name>
      </input_file>
      <input_file id="fl-5a">
         <path>C:\ti\ccs1010\ccs\tools\compiler\ti-cgt-msp430_20.2.2.LTS\lib\</path>
         <kind>archive</kind>
         <file>rts430x_sc_sd_eabi.lib</file>
         <name>fixdli.c.obj</name>
      </input_file>
      <input_file id="fl-5b">
         <path>C:\ti\ccs1010\ccs\tools\compiler\ti-cgt-msp430_20.2.2.LTS\lib\</path>
         <kind>archive</kind>
         <file>rts430x_sc_sd_eabi.lib</file>
         <name>fltid.c.obj</name>
      </input_file>
      <input_file id="fl-5c">
         <path>C:\ti\ccs1010\ccs\tools\compiler\ti-cgt-msp430_20.2.2.LTS\lib\</path>
         <kind>archive</kind>
         <file>rts430x_sc_sd_eabi.lib</file>
         <name>fltlid.c.obj</name>
      </input_file>
      <input_file id="fl-5d">
         <path>C:\ti\ccs1010\ccs\tools\compiler\ti-cgt-msp430_20.2.2.LTS\lib\</path>
         <kind>archive</kind>
         <file>rts430x_sc_sd_eabi.lib</file>
         <name>frcaddd.c.obj</name>
      </input_file>
      <input_file id="fl-5e">
         <path>C:\ti\ccs1010\ccs\tools\compiler\ti-cgt-msp430_20.2.2.LTS\lib\</path>
         <kind>archive</kind>
         <file>rts430x_sc_sd_eabi.lib</file>
         <name>frcdivd.c.obj</name>
      </input_file>
      <input_file id="fl-5f">
         <path>C:\ti\ccs1010\ccs\tools\compiler\ti-cgt-msp430_20.2.2.LTS\lib\</path>
         <kind>archive</kind>
         <file>rts430x_sc_sd_eabi.lib</file>
         <name>mpyd.c.obj</name>
      </input_file>
      <input_file id="fl-60">
         <path>C:\ti\ccs1010\ccs\tools\compiler\ti-cgt-msp430_20.2.2.LTS\lib\</path>
         <kind>archive</kind>
         <file>rts430x_sc_sd_eabi.lib</file>
         <name>negd.c.obj</name>
      </input_file>
      <input_file id="fl-61">
         <path>C:\ti\ccs1010\ccs\tools\compiler\ti-cgt-msp430_20.2.2.LTS\lib\</path>
         <kind>archive</kind>
         <file>rts430x_sc_sd_eabi.lib</file>
         <name>renormd.c.obj</name>
      </input_file>
      <input_file id="fl-62">
         <path>C:\ti\ccs1010\ccs\tools\compiler\ti-cgt-msp430_20.2.2.LTS\lib\</path>
         <kind>archive</kind>
         <file>rts430x_sc_sd_eabi.lib</file>
         <name>subd.c.obj</name>
      </input_file>
      <input_file id="fl-63">
         <path>C:\ti\ccs1010\ccs\tools\compiler\ti-cgt-msp430_20.2.2.LTS\lib\</path>
         <kind>archive</kind>
         <file>rts430x_sc_sd_eabi.lib</file>
         <name>exit.c.obj</name>
      </input_file>
      <input_file id="fl-64">
         <path>C:\ti\ccs1010\ccs\tools\compiler\ti-cgt-msp430_20.2.2.LTS\lib\</path>
         <kind>archive</kind>
         <file>rts430x_sc_sd_eabi.lib</file>
         <name>_lock.c.obj</name>
      </input_file>
      <input_file id="fl-65">
         <path>C:\ti\ccs1010\ccs\tools\compiler\ti-cgt-msp430_20.2.2.LTS\lib\</path>
         <kind>archive</kind>
         <file>rts430x_sc_sd_eabi.lib</file>
         <name>_ltoa.c.obj</name>
      </input_file>
      <input_file id="fl-66">
         <path>C:\ti\ccs1010\ccs\tools\compiler\ti-cgt-msp430_20.2.2.LTS\lib\</path>
         <kind>archive</kind>
         <file>rts430x_sc_sd_eabi.lib</file>
         <name>args_main.c.obj</name>
      </input_file>
      <input_file id="fl-67">
         <path>C:\ti\ccs1010\ccs\tools\compiler\ti-cgt-msp430_20.2.2.LTS\lib\</path>
         <kind>archive</kind>
         <file>rts430x_sc_sd_eabi.lib</file>
         <name>atoi.c.obj</name>
      </input_file>
      <input_file id="fl-68">
         <path>C:\ti\ccs1010\ccs\tools\compiler\ti-cgt-msp430_20.2.2.LTS\lib\</path>
         <kind>archive</kind>
         <file>rts430x_sc_sd_eabi.lib</file>
         <name>ctype.c.obj</name>
      </input_file>
      <input_file id="fl-69">
         <path>C:\ti\ccs1010\ccs\tools\compiler\ti-cgt-msp430_20.2.2.LTS\lib\</path>
         <kind>archive</kind>
         <file>rts430x_sc_sd_eabi.lib</file>
         <name>defs.c.obj</name>
      </input_file>
      <input_file id="fl-6a">
         <path>C:\ti\ccs1010\ccs\tools\compiler\ti-cgt-msp430_20.2.2.LTS\lib\</path>
         <kind>archive</kind>
         <file>rts430x_sc_sd_eabi.lib</file>
         <name>memccpy.c.obj</name>
      </input_file>
      <input_file id="fl-6b">
         <path>C:\ti\ccs1010\ccs\tools\compiler\ti-cgt-msp430_20.2.2.LTS\lib\</path>
         <kind>archive</kind>
         <file>rts430x_sc_sd_eabi.lib</file>
         <name>memchr.c.obj</name>
      </input_file>
      <input_file id="fl-6c">
         <path>C:\ti\ccs1010\ccs\tools\compiler\ti-cgt-msp430_20.2.2.LTS\lib\</path>
         <kind>archive</kind>
         <file>rts430x_sc_sd_eabi.lib</file>
         <name>memcpy.c.obj</name>
      </input_file>
      <input_file id="fl-6d">
         <path>C:\ti\ccs1010\ccs\tools\compiler\ti-cgt-msp430_20.2.2.LTS\lib\</path>
         <kind>archive</kind>
         <file>rts430x_sc_sd_eabi.lib</file>
         <name>memory.c.obj</name>
      </input_file>
      <input_file id="fl-6e">
         <path>C:\ti\ccs1010\ccs\tools\compiler\ti-cgt-msp430_20.2.2.LTS\lib\</path>
         <kind>archive</kind>
         <file>rts430x_sc_sd_eabi.lib</file>
         <name>memset.c.obj</name>
      </input_file>
      <input_file id="fl-6f">
         <path>C:\ti\ccs1010\ccs\tools\compiler\ti-cgt-msp430_20.2.2.LTS\lib\</path>
         <kind>archive</kind>
         <file>rts430x_sc_sd_eabi.lib</file>
         <name>strchr.c.obj</name>
      </input_file>
      <input_file id="fl-70">
         <path>C:\ti\ccs1010\ccs\tools\compiler\ti-cgt-msp430_20.2.2.LTS\lib\</path>
         <kind>archive</kind>
         <file>rts430x_sc_sd_eabi.lib</file>
         <name>strlen.c.obj</name>
      </input_file>
      <input_file id="fl-71">
         <path>C:\ti\ccs1010\ccs\tools\compiler\ti-cgt-msp430_20.2.2.LTS\lib\</path>
         <kind>archive</kind>
         <file>rts430x_sc_sd_eabi.lib</file>
         <name>toupper.c.obj</name>
      </input_file>
      <input_file id="fl-72">
         <path>C:\ti\ccs1010\ccs\tools\compiler\ti-cgt-msp430_20.2.2.LTS\lib\</path>
         <kind>archive</kind>
         <file>rts430x_sc_sd_eabi.lib</file>
         <name>errno.c.obj</name>
      </input_file>
      <input_file id="fl-73">
         <path>C:\ti\ccs1010\ccs\tools\compiler\ti-cgt-msp430_20.2.2.LTS\lib\</path>
         <kind>archive</kind>
         <file>rts430x_sc_sd_eabi.lib</file>
         <name>abs.c.obj</name>
      </input_file>
      <input_file id="fl-74">
         <path>C:\ti\ccs1010\ccs\tools\compiler\ti-cgt-msp430_20.2.2.LTS\lib\</path>
         <kind>archive</kind>
         <file>rts430x_sc_sd_eabi.lib</file>
         <name>write.c.obj</name>
      </input_file>
      <input_file id="fl-75">
         <path>C:\ti\ccs1010\ccs\tools\compiler\ti-cgt-msp430_20.2.2.LTS\lib\</path>
         <kind>archive</kind>
         <file>rts430x_sc_sd_eabi.lib</file>
         <name>host_device.c.obj</name>
      </input_file>
      <input_file id="fl-76">
         <path>C:\ti\ccs1010\ccs\tools\compiler\ti-cgt-msp430_20.2.2.LTS\lib\</path>
         <kind>archive</kind>
         <file>rts430x_sc_sd_eabi.lib</file>
         <name>wcslen.c.obj</name>
      </input_file>
      <input_file id="fl-77">
         <path>C:\ti\ccs1010\ccs\tools\compiler\ti-cgt-msp430_20.2.2.LTS\lib\</path>
         <kind>archive</kind>
         <file>rts430x_sc_sd_eabi.lib</file>
         <name>s_copysign.c.obj</name>
      </input_file>
      <input_file id="fl-78">
         <path>C:\ti\ccs1010\ccs\tools\compiler\ti-cgt-msp430_20.2.2.LTS\lib\</path>
         <kind>archive</kind>
         <file>rts430x_sc_sd_eabi.lib</file>
         <name>fflush.c.obj</name>
      </input_file>
      <input_file id="fl-79">
         <path>C:\ti\ccs1010\ccs\tools\compiler\ti-cgt-msp430_20.2.2.LTS\lib\</path>
         <kind>archive</kind>
         <file>rts430x_sc_sd_eabi.lib</file>
         <name>fopen.c.obj</name>
      </input_file>
      <input_file id="fl-7a">
         <path>C:\ti\ccs1010\ccs\tools\compiler\ti-cgt-msp430_20.2.2.LTS\lib\</path>
         <kind>archive</kind>
         <file>rts430x_sc_sd_eabi.lib</file>
         <name>fseek.c.obj</name>
      </input_file>
      <input_file id="fl-7b">
         <path>C:\ti\ccs1010\ccs\tools\compiler\ti-cgt-msp430_20.2.2.LTS\lib\</path>
         <kind>archive</kind>
         <file>rts430x_sc_sd_eabi.lib</file>
         <name>asr32.asm.obj</name>
      </input_file>
      <input_file id="fl-7c">
         <path>C:\ti\ccs1010\ccs\tools\compiler\ti-cgt-msp430_20.2.2.LTS\lib\</path>
         <kind>archive</kind>
         <file>rts430x_sc_sd_eabi.lib</file>
         <name>div32s.asm.obj</name>
      </input_file>
      <input_file id="fl-7d">
         <path>C:\ti\ccs1010\ccs\tools\compiler\ti-cgt-msp430_20.2.2.LTS\lib\</path>
         <kind>archive</kind>
         <file>rts430x_sc_sd_eabi.lib</file>
         <name>lsl32.asm.obj</name>
      </input_file>
      <input_file id="fl-7e">
         <path>C:\ti\ccs1010\ccs\tools\compiler\ti-cgt-msp430_20.2.2.LTS\lib\</path>
         <kind>archive</kind>
         <file>rts430x_sc_sd_eabi.lib</file>
         <name>lsr32.asm.obj</name>
      </input_file>
      <input_file id="fl-7f">
         <path>C:\ti\ccs1010\ccs\tools\compiler\ti-cgt-msp430_20.2.2.LTS\lib\</path>
         <kind>archive</kind>
         <file>rts430x_sc_sd_eabi.lib</file>
         <name>mult32.asm.obj</name>
      </input_file>
      <input_file id="fl-80">
         <path>C:\ti\ccs1010\ccs\tools\compiler\ti-cgt-msp430_20.2.2.LTS\lib\</path>
         <kind>archive</kind>
         <file>rts430x_sc_sd_eabi.lib</file>
         <name>lsl64.c.obj</name>
      </input_file>
      <input_file id="fl-81">
         <path>C:\ti\ccs1010\ccs\tools\compiler\ti-cgt-msp430_20.2.2.LTS\lib\</path>
         <kind>archive</kind>
         <file>rts430x_sc_sd_eabi.lib</file>
         <name>frcmpyd.c.obj</name>
      </input_file>
      <input_file id="fl-82">
         <path>C:\ti\ccs1010\ccs\tools\compiler\ti-cgt-msp430_20.2.2.LTS\lib\</path>
         <kind>archive</kind>
         <file>rts430x_sc_sd_eabi.lib</file>
         <name>hostclose.c.obj</name>
      </input_file>
      <input_file id="fl-83">
         <path>C:\ti\ccs1010\ccs\tools\compiler\ti-cgt-msp430_20.2.2.LTS\lib\</path>
         <kind>archive</kind>
         <file>rts430x_sc_sd_eabi.lib</file>
         <name>hostlseek.c.obj</name>
      </input_file>
      <input_file id="fl-84">
         <path>C:\ti\ccs1010\ccs\tools\compiler\ti-cgt-msp430_20.2.2.LTS\lib\</path>
         <kind>archive</kind>
         <file>rts430x_sc_sd_eabi.lib</file>
         <name>hostopen.c.obj</name>
      </input_file>
      <input_file id="fl-85">
         <path>C:\ti\ccs1010\ccs\tools\compiler\ti-cgt-msp430_20.2.2.LTS\lib\</path>
         <kind>archive</kind>
         <file>rts430x_sc_sd_eabi.lib</file>
         <name>hostread.c.obj</name>
      </input_file>
      <input_file id="fl-86">
         <path>C:\ti\ccs1010\ccs\tools\compiler\ti-cgt-msp430_20.2.2.LTS\lib\</path>
         <kind>archive</kind>
         <file>rts430x_sc_sd_eabi.lib</file>
         <name>hostrename.c.obj</name>
      </input_file>
      <input_file id="fl-87">
         <path>C:\ti\ccs1010\ccs\tools\compiler\ti-cgt-msp430_20.2.2.LTS\lib\</path>
         <kind>archive</kind>
         <file>rts430x_sc_sd_eabi.lib</file>
         <name>hostunlink.c.obj</name>
      </input_file>
      <input_file id="fl-88">
         <path>C:\ti\ccs1010\ccs\tools\compiler\ti-cgt-msp430_20.2.2.LTS\lib\</path>
         <kind>archive</kind>
         <file>rts430x_sc_sd_eabi.lib</file>
         <name>hostwrite.c.obj</name>
      </input_file>
      <input_file id="fl-89">
         <path>C:\ti\ccs1010\ccs\tools\compiler\ti-cgt-msp430_20.2.2.LTS\lib\</path>
         <kind>archive</kind>
         <file>rts430x_sc_sd_eabi.lib</file>
         <name>trgmsg.c.obj</name>
      </input_file>
      <input_file id="fl-8a">
         <path>C:\ti\ccs1010\ccs\tools\compiler\ti-cgt-msp430_20.2.2.LTS\lib\</path>
         <kind>archive</kind>
         <file>rts430x_sc_sd_eabi.lib</file>
         <name>open.c.obj</name>
      </input_file>
      <input_file id="fl-8b">
         <path>C:\ti\ccs1010\ccs\tools\compiler\ti-cgt-msp430_20.2.2.LTS\lib\</path>
         <kind>archive</kind>
         <file>rts430x_sc_sd_eabi.lib</file>
         <name>lseek.c.obj</name>
      </input_file>
      <input_file id="fl-8c">
         <path>C:\ti\ccs1010\ccs\tools\compiler\ti-cgt-msp430_20.2.2.LTS\lib\</path>
         <kind>archive</kind>
         <file>rts430x_sc_sd_eabi.lib</file>
         <name>fclose.c.obj</name>
      </input_file>
      <input_file id="fl-8d">
         <path>C:\ti\ccs1010\ccs\tools\compiler\ti-cgt-msp430_20.2.2.LTS\lib\</path>
         <kind>archive</kind>
         <file>rts430x_sc_sd_eabi.lib</file>
         <name>getdevice.c.obj</name>
      </input_file>
      <input_file id="fl-8e">
         <path>C:\ti\ccs1010\ccs\tools\compiler\ti-cgt-msp430_20.2.2.LTS\lib\</path>
         <kind>archive</kind>
         <file>rts430x_sc_sd_eabi.lib</file>
         <name>strcmp.c.obj</name>
      </input_file>
      <input_file id="fl-8f">
         <path>C:\ti\ccs1010\ccs\tools\compiler\ti-cgt-msp430_20.2.2.LTS\lib\</path>
         <kind>archive</kind>
         <file>rts430x_sc_sd_eabi.lib</file>
         <name>strcpy.c.obj</name>
      </input_file>
      <input_file id="fl-90">
         <path>C:\ti\ccs1010\ccs\tools\compiler\ti-cgt-msp430_20.2.2.LTS\lib\</path>
         <kind>archive</kind>
         <file>rts430x_sc_sd_eabi.lib</file>
         <name>strncpy.c.obj</name>
      </input_file>
      <input_file id="fl-91">
         <path>C:\ti\ccs1010\ccs\tools\compiler\ti-cgt-msp430_20.2.2.LTS\lib\</path>
         <kind>archive</kind>
         <file>rts430x_sc_sd_eabi.lib</file>
         <name>remove.c.obj</name>
      </input_file>
      <input_file id="fl-92">
         <path>C:\ti\ccs1010\ccs\tools\compiler\ti-cgt-msp430_20.2.2.LTS\lib\</path>
         <kind>archive</kind>
         <file>rts430x_sc_sd_eabi.lib</file>
         <name>close.c.obj</name>
      </input_file>
      <input_file id="fl-93">
         <path>C:\ti\ccs1010\ccs\tools\compiler\ti-cgt-msp430_20.2.2.LTS\lib\</path>
         <kind>archive</kind>
         <file>rts430x_sc_sd_eabi.lib</file>
         <name>unlink.c.obj</name>
      </input_file>
   </input_file_list>
   <object_component_list>
      <object_component id="oc-779">
         <name>.bss</name>
         <uninitialized>true</uninitialized>
         <run_address>0x27f2</run_address>
         <size>0x2</size>
         <input_file_ref idref="fl-6d"/>
      </object_component>
      <object_component id="oc-78e">
         <name>.common:__TI_tmpnams</name>
         <uninitialized>true</uninitialized>
         <run_address>0x274a</run_address>
         <size>0xa0</size>
      </object_component>
      <object_component id="oc-799">
         <name>.common:parmbuf</name>
         <uninitialized>true</uninitialized>
         <run_address>0x27ea</run_address>
         <size>0x8</size>
      </object_component>
      <object_component id="oc-4aa">
         <name>.data:__TI_cleanup_ptr</name>
         <load_address>0x273a</load_address>
         <run_address>0x273a</run_address>
         <size>0x2</size>
         <input_file_ref idref="fl-4d"/>
      </object_component>
      <object_component id="oc-4a7">
         <name>.data:__TI_dtors_ptr</name>
         <load_address>0x273c</load_address>
         <run_address>0x273c</run_address>
         <size>0x2</size>
         <input_file_ref idref="fl-4d"/>
      </object_component>
      <object_component id="oc-4a4">
         <name>.data</name>
         <load_address>0x2746</load_address>
         <run_address>0x2746</run_address>
         <size>0x2</size>
         <input_file_ref idref="fl-63"/>
      </object_component>
      <object_component id="oc-47e">
         <name>.data:_lock</name>
         <load_address>0x273e</load_address>
         <run_address>0x273e</run_address>
         <size>0x2</size>
         <input_file_ref idref="fl-64"/>
      </object_component>
      <object_component id="oc-496">
         <name>.data:_unlock</name>
         <load_address>0x2740</load_address>
         <run_address>0x2740</run_address>
         <size>0x2</size>
         <input_file_ref idref="fl-64"/>
      </object_component>
      <object_component id="oc-481">
         <name>.data:_ftable</name>
         <load_address>0x264c</load_address>
         <run_address>0x264c</run_address>
         <size>0x78</size>
         <input_file_ref idref="fl-69"/>
      </object_component>
      <object_component id="oc-6d7">
         <name>.data</name>
         <load_address>0x2742</load_address>
         <run_address>0x2742</run_address>
         <size>0x2</size>
         <input_file_ref idref="fl-69"/>
      </object_component>
      <object_component id="oc-77e">
         <name>.data</name>
         <load_address>0x2748</load_address>
         <run_address>0x2748</run_address>
         <size>0x2</size>
         <input_file_ref idref="fl-6d"/>
      </object_component>
      <object_component id="oc-58b">
         <name>.data</name>
         <load_address>0x2744</load_address>
         <run_address>0x2744</run_address>
         <size>0x2</size>
         <input_file_ref idref="fl-72"/>
      </object_component>
      <object_component id="oc-637">
         <name>.data:_device</name>
         <load_address>0x26c4</load_address>
         <run_address>0x26c4</run_address>
         <size>0x4e</size>
         <input_file_ref idref="fl-75"/>
      </object_component>
      <object_component id="oc-5b6">
         <name>.data:_stream</name>
         <load_address>0x2712</load_address>
         <run_address>0x2712</run_address>
         <size>0x28</size>
         <input_file_ref idref="fl-75"/>
      </object_component>
      <object_component id="oc-36f">
         <name>.sysmem</name>
         <uninitialized>true</uninitialized>
         <run_address>0x2400</run_address>
         <size>0x8</size>
         <input_file_ref idref="fl-6d"/>
      </object_component>
      <object_component id="oc-8ff">
         <name>.sysmem</name>
         <uninitialized>true</uninitialized>
         <run_address>0x2400</run_address>
         <size>0x0</size>
      </object_component>
      <object_component id="oc-36b">
         <name>.stack</name>
         <uninitialized>true</uninitialized>
         <run_address>0x4360</run_address>
         <size>0x2</size>
         <input_file_ref idref="fl-4a"/>
      </object_component>
      <object_component id="oc-8fe">
         <name>.stack</name>
         <uninitialized>true</uninitialized>
         <run_address>0x4360</run_address>
         <size>0x0</size>
      </object_component>
      <object_component id="oc-755">
         <name>.text:__TI_frcdivd</name>
         <load_address>0x4400</load_address>
         <run_address>0x4400</run_address>
         <size>0x466</size>
         <input_file_ref idref="fl-5e"/>
      </object_component>
      <object_component id="oc-651">
         <name>.text:__mspabi_divull</name>
         <load_address>0x4866</load_address>
         <run_address>0x4866</run_address>
         <size>0x34e</size>
         <input_file_ref idref="fl-51"/>
      </object_component>
      <object_component id="oc-7d3">
         <name>.text:__mspabi_addd</name>
         <load_address>0x4bb4</load_address>
         <run_address>0x4bb4</run_address>
         <size>0x2de</size>
         <input_file_ref idref="fl-56"/>
      </object_component>
      <object_component id="oc-74d">
         <name>.text:__TI_frcmpyd</name>
         <load_address>0x4e92</load_address>
         <run_address>0x4e92</run_address>
         <size>0x280</size>
         <input_file_ref idref="fl-81"/>
      </object_component>
      <object_component id="oc-490">
         <name>.text:__TI_printfi</name>
         <load_address>0x5112</load_address>
         <run_address>0x5112</run_address>
         <size>0x27e</size>
         <input_file_ref idref="fl-24"/>
      </object_component>
      <object_component id="oc-690">
         <name>.text:__mspabi_mpyd</name>
         <load_address>0x5390</load_address>
         <run_address>0x5390</run_address>
         <size>0x264</size>
         <input_file_ref idref="fl-5f"/>
      </object_component>
      <object_component id="oc-577">
         <name>.text:_pproc_fgea</name>
         <load_address>0x55f4</load_address>
         <run_address>0x55f4</run_address>
         <size>0x262</size>
         <input_file_ref idref="fl-24"/>
      </object_component>
      <object_component id="oc-82e">
         <name>.text:__TI_frcaddd</name>
         <load_address>0x5856</load_address>
         <run_address>0x5856</run_address>
         <size>0x248</size>
         <input_file_ref idref="fl-5d"/>
      </object_component>
      <object_component id="oc-4f7">
         <name>.text:_setfield</name>
         <load_address>0x5a9e</load_address>
         <run_address>0x5a9e</run_address>
         <size>0x246</size>
         <input_file_ref idref="fl-24"/>
      </object_component>
      <object_component id="oc-6a3">
         <name>.text:acvt</name>
         <load_address>0x5ce4</load_address>
         <run_address>0x5ce4</run_address>
         <size>0x238</size>
         <input_file_ref idref="fl-24"/>
      </object_component>
      <object_component id="oc-696">
         <name>.text:__mspabi_divd</name>
         <load_address>0x5f1c</load_address>
         <run_address>0x5f1c</run_address>
         <size>0x220</size>
         <input_file_ref idref="fl-58"/>
      </object_component>
      <object_component id="oc-5c8">
         <name>.text:_getarg_diouxp</name>
         <load_address>0x613c</load_address>
         <run_address>0x613c</run_address>
         <size>0x1e8</size>
         <input_file_ref idref="fl-24"/>
      </object_component>
      <object_component id="oc-670">
         <name>.text:ecvt</name>
         <load_address>0x6324</load_address>
         <run_address>0x6324</run_address>
         <size>0x1d2</size>
         <input_file_ref idref="fl-24"/>
      </object_component>
      <object_component id="oc-683">
         <name>.text:fcvt</name>
         <load_address>0x64f6</load_address>
         <run_address>0x64f6</run_address>
         <size>0x1b8</size>
         <input_file_ref idref="fl-24"/>
      </object_component>
      <object_component id="oc-5f2">
         <name>.text:_pconv_e</name>
         <load_address>0x66ae</load_address>
         <run_address>0x66ae</run_address>
         <size>0x19a</size>
         <input_file_ref idref="fl-24"/>
      </object_component>
      <object_component id="oc-5f8">
         <name>.text:_pconv_a</name>
         <load_address>0x6848</load_address>
         <run_address>0x6848</run_address>
         <size>0x168</size>
         <input_file_ref idref="fl-24"/>
      </object_component>
      <object_component id="oc-764">
         <name>.text:scalbn</name>
         <load_address>0x69b0</load_address>
         <run_address>0x69b0</run_address>
         <size>0x158</size>
         <input_file_ref idref="fl-2a"/>
      </object_component>
      <object_component id="oc-571">
         <name>.text:_pproc_diouxp</name>
         <load_address>0x6b08</load_address>
         <run_address>0x6b08</run_address>
         <size>0x140</size>
         <input_file_ref idref="fl-24"/>
      </object_component>
      <object_component id="oc-3f3">
         <name>.text:main</name>
         <load_address>0x6c48</load_address>
         <run_address>0x6c48</run_address>
         <size>0x136</size>
         <input_file_ref idref="fl-2"/>
      </object_component>
      <object_component id="oc-5ce">
         <name>.text:_ltostr</name>
         <load_address>0x6d7e</load_address>
         <run_address>0x6d7e</run_address>
         <size>0x122</size>
         <input_file_ref idref="fl-24"/>
      </object_component>
      <object_component id="oc-5e6">
         <name>.text:_pconv_g</name>
         <load_address>0x6ea0</load_address>
         <run_address>0x6ea0</run_address>
         <size>0xf4</size>
         <input_file_ref idref="fl-24"/>
      </object_component>
      <object_component id="oc-6ca">
         <name>.text:aligned_alloc</name>
         <load_address>0x6f94</load_address>
         <run_address>0x6f94</run_address>
         <size>0xf0</size>
         <input_file_ref idref="fl-6d"/>
      </object_component>
      <object_component id="oc-4dd">
         <name>.text:fputs</name>
         <load_address>0x7084</load_address>
         <run_address>0x7084</run_address>
         <size>0xde</size>
         <input_file_ref idref="fl-26"/>
      </object_component>
      <object_component id="oc-4f1">
         <name>.text:_pproc_fwp</name>
         <load_address>0x7162</load_address>
         <run_address>0x7162</run_address>
         <size>0xdc</size>
         <input_file_ref idref="fl-24"/>
      </object_component>
      <object_component id="oc-5fe">
         <name>.text:__mspabi_cmpd</name>
         <load_address>0x723e</load_address>
         <run_address>0x723e</run_address>
         <size>0xd8</size>
         <input_file_ref idref="fl-57"/>
      </object_component>
      <object_component id="oc-618">
         <name>.text:free</name>
         <load_address>0x7316</load_address>
         <run_address>0x7316</run_address>
         <size>0xd2</size>
         <input_file_ref idref="fl-6d"/>
      </object_component>
      <object_component id="oc-5aa">
         <name>.text:setvbuf</name>
         <load_address>0x73e8</load_address>
         <run_address>0x73e8</run_address>
         <size>0xca</size>
         <input_file_ref idref="fl-28"/>
      </object_component>
      <object_component id="oc-503">
         <name>.text:_pproc_wstr</name>
         <load_address>0x74b2</load_address>
         <run_address>0x74b2</run_address>
         <size>0xb8</size>
         <input_file_ref idref="fl-24"/>
      </object_component>
      <object_component id="oc-868">
         <name>.text:__TI_renormd</name>
         <load_address>0x756a</load_address>
         <run_address>0x756a</run_address>
         <size>0xb2</size>
         <input_file_ref idref="fl-61"/>
      </object_component>
      <object_component id="oc-69d">
         <name>.text:frexp</name>
         <load_address>0x761c</load_address>
         <run_address>0x761c</run_address>
         <size>0xa6</size>
         <input_file_ref idref="fl-29"/>
      </object_component>
      <object_component id="oc-730">
         <name>.text:__mspabi_fltlid</name>
         <load_address>0x76c2</load_address>
         <run_address>0x76c2</run_address>
         <size>0x9e</size>
         <input_file_ref idref="fl-5c"/>
      </object_component>
      <object_component id="oc-4fd">
         <name>.text:_pproc_str</name>
         <load_address>0x7760</load_address>
         <run_address>0x7760</run_address>
         <size>0x9e</size>
         <input_file_ref idref="fl-24"/>
      </object_component>
      <object_component id="oc-4e4">
         <name>.text:fputc</name>
         <load_address>0x77fe</load_address>
         <run_address>0x77fe</run_address>
         <size>0x8c</size>
         <input_file_ref idref="fl-25"/>
      </object_component>
      <object_component id="oc-676">
         <name>.text:_ecpy</name>
         <load_address>0x788a</load_address>
         <run_address>0x788a</run_address>
         <size>0x8a</size>
         <input_file_ref idref="fl-24"/>
      </object_component>
      <object_component id="oc-67c">
         <name>.text:_mcpy</name>
         <load_address>0x7914</load_address>
         <run_address>0x7914</run_address>
         <size>0x8a</size>
         <input_file_ref idref="fl-24"/>
      </object_component>
      <object_component id="oc-6f5">
         <name>.text:HOSTlseek</name>
         <load_address>0x799e</load_address>
         <run_address>0x799e</run_address>
         <size>0x82</size>
         <input_file_ref idref="fl-83"/>
      </object_component>
      <object_component id="oc-72a">
         <name>.text:__TI_ltoa</name>
         <load_address>0x7a20</load_address>
         <run_address>0x7a20</run_address>
         <size>0x7c</size>
         <input_file_ref idref="fl-65"/>
      </object_component>
      <object_component id="oc-545">
         <name>.text:__TI_wrt_ok</name>
         <load_address>0x7a9c</load_address>
         <run_address>0x7a9c</run_address>
         <size>0x7a</size>
         <input_file_ref idref="fl-27"/>
      </object_component>
      <object_component id="oc-5ec">
         <name>.text:_pconv_f</name>
         <load_address>0x7b16</load_address>
         <run_address>0x7b16</run_address>
         <size>0x74</size>
         <input_file_ref idref="fl-24"/>
      </object_component>
      <object_component id="oc-6d">
         <name>.text:decompress:lzss:__TI_decompress_lzss</name>
         <load_address>0x7b8a</load_address>
         <run_address>0x7b8a</run_address>
         <size>0x6e</size>
         <input_file_ref idref="fl-55"/>
      </object_component>
      <object_component id="oc-701">
         <name>.text:HOSTrename</name>
         <load_address>0x7bf8</load_address>
         <run_address>0x7bf8</run_address>
         <size>0x6a</size>
         <input_file_ref idref="fl-86"/>
      </object_component>
      <object_component id="oc-5a4">
         <name>.text:fseek</name>
         <load_address>0x7c62</load_address>
         <run_address>0x7c62</run_address>
         <size>0x6a</size>
         <input_file_ref idref="fl-7a"/>
      </object_component>
      <object_component id="oc-6d1">
         <name>.text:__TI_closefile</name>
         <load_address>0x7ccc</load_address>
         <run_address>0x7ccc</run_address>
         <size>0x68</size>
         <input_file_ref idref="fl-8c"/>
      </object_component>
      <object_component id="oc-781">
         <name>.text:split</name>
         <load_address>0x7d34</load_address>
         <run_address>0x7d34</run_address>
         <size>0x68</size>
         <input_file_ref idref="fl-6d"/>
      </object_component>
      <object_component id="oc-724">
         <name>.text:__mspabi_fixdli</name>
         <load_address>0x7d9c</load_address>
         <run_address>0x7d9c</run_address>
         <size>0x66</size>
         <input_file_ref idref="fl-5a"/>
      </object_component>
      <object_component id="oc-6dd">
         <name>.text:HOSTopen</name>
         <load_address>0x7e02</load_address>
         <run_address>0x7e02</run_address>
         <size>0x64</size>
         <input_file_ref idref="fl-84"/>
      </object_component>
      <object_component id="oc-551">
         <name>.text:__TI_doflush</name>
         <load_address>0x7e66</load_address>
         <run_address>0x7e66</run_address>
         <size>0x62</size>
         <input_file_ref idref="fl-78"/>
      </object_component>
      <object_component id="oc-6ef">
         <name>.text:HOSTwrite</name>
         <load_address>0x7ec8</load_address>
         <run_address>0x7ec8</run_address>
         <size>0x60</size>
         <input_file_ref idref="fl-88"/>
      </object_component>
      <object_component id="oc-6e9">
         <name>.text:HOSTread</name>
         <load_address>0x7f28</load_address>
         <run_address>0x7f28</run_address>
         <size>0x5e</size>
         <input_file_ref idref="fl-85"/>
      </object_component>
      <object_component id="oc-657">
         <name>.text</name>
         <load_address>0x7f86</load_address>
         <run_address>0x7f86</run_address>
         <size>0x58</size>
         <input_file_ref idref="fl-2c"/>
      </object_component>
      <object_component id="oc-807">
         <name>.text:getdevice</name>
         <load_address>0x7fde</load_address>
         <run_address>0x7fde</run_address>
         <size>0x54</size>
         <input_file_ref idref="fl-8d"/>
      </object_component>
      <object_component id="oc-45f">
         <name>.text:__TI_auto_init_nobinit_nopinit_hold_wdt:__TI_auto_init_nobinit_nopinit_hold_wdt</name>
         <load_address>0x8032</load_address>
         <run_address>0x8032</run_address>
         <size>0x52</size>
         <input_file_ref idref="fl-4b"/>
      </object_component>
      <object_component id="oc-563">
         <name>.text:atoi</name>
         <load_address>0x8084</load_address>
         <run_address>0x8084</run_address>
         <size>0x52</size>
         <input_file_ref idref="fl-67"/>
      </object_component>
      <object_component id="oc-689">
         <name>.text:_fcpy</name>
         <load_address>0x80d6</load_address>
         <run_address>0x80d6</run_address>
         <size>0x48</size>
         <input_file_ref idref="fl-24"/>
      </object_component>
      <object_component id="oc-788">
         <name>.text:close</name>
         <load_address>0x811e</load_address>
         <run_address>0x811e</run_address>
         <size>0x48</size>
         <input_file_ref idref="fl-92"/>
      </object_component>
      <object_component id="oc-6e3">
         <name>.text:HOSTclose</name>
         <load_address>0x8166</load_address>
         <run_address>0x8166</run_address>
         <size>0x46</size>
         <input_file_ref idref="fl-82"/>
      </object_component>
      <object_component id="oc-441">
         <name>.text:exit</name>
         <load_address>0x81ac</load_address>
         <run_address>0x81ac</run_address>
         <size>0x44</size>
         <input_file_ref idref="fl-63"/>
      </object_component>
      <object_component id="oc-6fb">
         <name>.text:HOSTunlink</name>
         <load_address>0x81f0</load_address>
         <run_address>0x81f0</run_address>
         <size>0x42</size>
         <input_file_ref idref="fl-87"/>
      </object_component>
      <object_component id="oc-7c5">
         <name>.text</name>
         <load_address>0x8232</load_address>
         <run_address>0x8232</run_address>
         <size>0x40</size>
         <input_file_ref idref="fl-7c"/>
      </object_component>
      <object_component id="oc-7dc">
         <name>.text:l_asr_const</name>
         <load_address>0x8272</load_address>
         <run_address>0x8272</run_address>
         <size>0x3e</size>
         <input_file_ref idref="fl-7b"/>
      </object_component>
      <object_component id="oc-7af">
         <name>.text:l_lsl_const</name>
         <load_address>0x82b0</load_address>
         <run_address>0x82b0</run_address>
         <size>0x3e</size>
         <input_file_ref idref="fl-7d"/>
      </object_component>
      <object_component id="oc-7cc">
         <name>.text:l_lsr_const</name>
         <load_address>0x82ee</load_address>
         <run_address>0x82ee</run_address>
         <size>0x3e</size>
         <input_file_ref idref="fl-7e"/>
      </object_component>
      <object_component id="oc-42e">
         <name>.text:printf</name>
         <load_address>0x832c</load_address>
         <run_address>0x832c</run_address>
         <size>0x3c</size>
         <input_file_ref idref="fl-23"/>
      </object_component>
      <object_component id="oc-70d">
         <name>.text:__mspabi_sllll</name>
         <load_address>0x8368</load_address>
         <run_address>0x8368</run_address>
         <size>0x3a</size>
         <input_file_ref idref="fl-80"/>
      </object_component>
      <object_component id="oc-661">
         <name>.text:__mspabi_srlll</name>
         <load_address>0x83a2</load_address>
         <run_address>0x83a2</run_address>
         <size>0x3a</size>
         <input_file_ref idref="fl-50"/>
      </object_component>
      <object_component id="oc-624">
         <name>.text:__TI_cleanup</name>
         <load_address>0x83dc</load_address>
         <run_address>0x83dc</run_address>
         <size>0x32</size>
         <input_file_ref idref="fl-79"/>
      </object_component>
      <object_component id="oc-79c">
         <name>.text:__TI_writemsg</name>
         <load_address>0x840e</load_address>
         <run_address>0x840e</run_address>
         <size>0x2e</size>
         <input_file_ref idref="fl-89"/>
      </object_component>
      <object_component id="oc-736">
         <name>.text:__mspabi_subd</name>
         <load_address>0x843c</load_address>
         <run_address>0x843c</run_address>
         <size>0x2e</size>
         <input_file_ref idref="fl-62"/>
      </object_component>
      <object_component id="oc-7f5">
         <name>.text:copysign</name>
         <load_address>0x846a</load_address>
         <run_address>0x846a</run_address>
         <size>0x2e</size>
         <input_file_ref idref="fl-77"/>
      </object_component>
      <object_component id="oc-849">
         <name>.text:finddevice</name>
         <load_address>0x8498</load_address>
         <run_address>0x8498</run_address>
         <size>0x2e</size>
         <input_file_ref idref="fl-8d"/>
      </object_component>
      <object_component id="oc-7a2">
         <name>.text:__TI_readmsg</name>
         <load_address>0x84c6</load_address>
         <run_address>0x84c6</run_address>
         <size>0x2c</size>
         <input_file_ref idref="fl-89"/>
      </object_component>
      <object_component id="oc-843">
         <name>.text:strncpy</name>
         <load_address>0x84f2</load_address>
         <run_address>0x84f2</run_address>
         <size>0x2c</size>
         <input_file_ref idref="fl-90"/>
      </object_component>
      <object_component id="oc-5e0">
         <name>.text:__mspabi_negd</name>
         <load_address>0x851e</load_address>
         <run_address>0x851e</run_address>
         <size>0x2a</size>
         <input_file_ref idref="fl-60"/>
      </object_component>
      <object_component id="oc-73c">
         <name>.text:__mspabi_fixdi</name>
         <load_address>0x8548</load_address>
         <run_address>0x8548</run_address>
         <size>0x28</size>
         <input_file_ref idref="fl-59"/>
      </object_component>
      <object_component id="oc-6c3">
         <name>.text:free_list_insert</name>
         <load_address>0x8570</load_address>
         <run_address>0x8570</run_address>
         <size>0x28</size>
         <input_file_ref idref="fl-6d"/>
      </object_component>
      <object_component id="oc-78f">
         <name>.text:unlink</name>
         <load_address>0x8598</load_address>
         <run_address>0x8598</run_address>
         <size>0x28</size>
         <input_file_ref idref="fl-93"/>
      </object_component>
      <object_component id="oc-610">
         <name>.text:lseek</name>
         <load_address>0x85c0</load_address>
         <run_address>0x85c0</run_address>
         <size>0x24</size>
         <input_file_ref idref="fl-8b"/>
      </object_component>
      <object_component id="oc-57d">
         <name>.text:memccpy</name>
         <load_address>0x85e4</load_address>
         <run_address>0x85e4</run_address>
         <size>0x22</size>
         <input_file_ref idref="fl-6a"/>
      </object_component>
      <object_component id="oc-557">
         <name>.text:write</name>
         <load_address>0x8606</load_address>
         <run_address>0x8606</run_address>
         <size>0x22</size>
         <input_file_ref idref="fl-74"/>
      </object_component>
      <object_component id="oc-7e1">
         <name>.text</name>
         <load_address>0x8628</load_address>
         <run_address>0x8628</run_address>
         <size>0x20</size>
         <input_file_ref idref="fl-47"/>
      </object_component>
      <object_component id="oc-3a1">
         <name>.text:_c_int00_noargs</name>
         <load_address>0x8648</load_address>
         <run_address>0x8648</run_address>
         <size>0x1c</size>
         <input_file_ref idref="fl-4a"/>
      </object_component>
      <object_component id="oc-6bd">
         <name>.text:free_list_remove</name>
         <load_address>0x8664</load_address>
         <run_address>0x8664</run_address>
         <size>0x1c</size>
         <input_file_ref idref="fl-6d"/>
      </object_component>
      <object_component id="oc-76a">
         <name>.text:strchr</name>
         <load_address>0x8680</load_address>
         <run_address>0x8680</run_address>
         <size>0x1a</size>
         <input_file_ref idref="fl-6f"/>
      </object_component>
      <object_component id="oc-874">
         <name>.text:strcmp</name>
         <load_address>0x869a</load_address>
         <run_address>0x869a</run_address>
         <size>0x18</size>
         <input_file_ref idref="fl-8e"/>
      </object_component>
      <object_component id="oc-65c">
         <name>.text</name>
         <load_address>0x86b2</load_address>
         <run_address>0x86b2</run_address>
         <size>0x16</size>
         <input_file_ref idref="fl-2b"/>
      </object_component>
      <object_component id="oc-38f">
         <name>.text:decompress:ZI:__TI_zero_init_nomemset:__TI_zero_init_nomemset</name>
         <load_address>0x86c8</load_address>
         <run_address>0x86c8</run_address>
         <size>0x14</size>
         <input_file_ref idref="fl-4c"/>
      </object_component>
      <object_component id="oc-54b">
         <name>.text:memchr</name>
         <load_address>0x86dc</load_address>
         <run_address>0x86dc</run_address>
         <size>0x14</size>
         <input_file_ref idref="fl-6b"/>
      </object_component>
      <object_component id="oc-56a">
         <name>.text:memset</name>
         <load_address>0x86f0</load_address>
         <run_address>0x86f0</run_address>
         <size>0x14</size>
         <input_file_ref idref="fl-6e"/>
      </object_component>
      <object_component id="oc-434">
         <name>.text</name>
         <load_address>0x8704</load_address>
         <run_address>0x8704</run_address>
         <size>0x14</size>
         <input_file_ref idref="fl-45"/>
      </object_component>
      <object_component id="oc-585">
         <name>.text:wcslen</name>
         <load_address>0x8718</load_address>
         <run_address>0x8718</run_address>
         <size>0x14</size>
         <input_file_ref idref="fl-76"/>
      </object_component>
      <object_component id="oc-73">
         <name>.text:decompress:none:__TI_decompress_none</name>
         <load_address>0x872c</load_address>
         <run_address>0x872c</run_address>
         <size>0x12</size>
         <input_file_ref idref="fl-54"/>
      </object_component>
      <object_component id="oc-37d">
         <name>.text:memcpy</name>
         <load_address>0x873e</load_address>
         <run_address>0x873e</run_address>
         <size>0x12</size>
         <input_file_ref idref="fl-6c"/>
      </object_component>
      <object_component id="oc-863">
         <name>.text:l_asr</name>
         <load_address>0x8750</load_address>
         <run_address>0x8750</run_address>
         <size>0x10</size>
         <input_file_ref idref="fl-7b"/>
      </object_component>
      <object_component id="oc-85e">
         <name>.text:l_lsl</name>
         <load_address>0x8760</load_address>
         <run_address>0x8760</run_address>
         <size>0x10</size>
         <input_file_ref idref="fl-7d"/>
      </object_component>
      <object_component id="oc-713">
         <name>.text:l_lsr</name>
         <load_address>0x8770</load_address>
         <run_address>0x8770</run_address>
         <size>0x10</size>
         <input_file_ref idref="fl-7e"/>
      </object_component>
      <object_component id="oc-7b8">
         <name>.text:strcpy</name>
         <load_address>0x8780</load_address>
         <run_address>0x8780</run_address>
         <size>0x10</size>
         <input_file_ref idref="fl-8f"/>
      </object_component>
      <object_component id="oc-4eb">
         <name>.text:strlen</name>
         <load_address>0x8790</load_address>
         <run_address>0x8790</run_address>
         <size>0xe</size>
         <input_file_ref idref="fl-70"/>
      </object_component>
      <object_component id="oc-770">
         <name>.text:__mspabi_fltid</name>
         <load_address>0x879e</load_address>
         <run_address>0x879e</run_address>
         <size>0xc</size>
         <input_file_ref idref="fl-5b"/>
      </object_component>
      <object_component id="oc-5da">
         <name>.text:toupper</name>
         <load_address>0x87aa</load_address>
         <run_address>0x87aa</run_address>
         <size>0xc</size>
         <input_file_ref idref="fl-71"/>
      </object_component>
      <object_component id="oc-743">
         <name>.text:abs</name>
         <load_address>0x87b6</load_address>
         <run_address>0x87b6</run_address>
         <size>0xa</size>
         <input_file_ref idref="fl-73"/>
      </object_component>
      <object_component id="oc-61e">
         <name>.text:malloc</name>
         <load_address>0x87c0</load_address>
         <run_address>0x87c0</run_address>
         <size>0x8</size>
         <input_file_ref idref="fl-6d"/>
      </object_component>
      <object_component id="oc-48a">
         <name>.text:_outc</name>
         <load_address>0x87c8</load_address>
         <run_address>0x87c8</run_address>
         <size>0x6</size>
         <input_file_ref idref="fl-23"/>
      </object_component>
      <object_component id="oc-43b">
         <name>.text:abort</name>
         <load_address>0x87ce</load_address>
         <run_address>0x87ce</run_address>
         <size>0x6</size>
         <input_file_ref idref="fl-63"/>
      </object_component>
      <object_component id="oc-484">
         <name>.text:_outs</name>
         <load_address>0x87d4</load_address>
         <run_address>0x87d4</run_address>
         <size>0x4</size>
         <input_file_ref idref="fl-23"/>
      </object_component>
      <object_component id="oc-3ed">
         <name>.text:_system_pre_init</name>
         <load_address>0x87d8</load_address>
         <run_address>0x87d8</run_address>
         <size>0x4</size>
         <input_file_ref idref="fl-52"/>
      </object_component>
      <object_component id="oc-4d0">
         <name>.text:_nop</name>
         <load_address>0x87dc</load_address>
         <run_address>0x87dc</run_address>
         <size>0x2</size>
         <input_file_ref idref="fl-64"/>
      </object_component>
      <object_component id="oc-4af">
         <name>.text:_system_post_cinit</name>
         <load_address>0x87de</load_address>
         <run_address>0x87de</run_address>
         <size>0x2</size>
         <input_file_ref idref="fl-53"/>
      </object_component>
      <object_component id="oc-38a">
         <name>.text:_isr:__TI_ISR_TRAP</name>
         <load_address>0x8962</load_address>
         <run_address>0x8962</run_address>
         <size>0x8</size>
         <input_file_ref idref="fl-43"/>
      </object_component>
      <object_component id="oc-8fd">
         <name>.cinit..data.load</name>
         <load_address>0x896a</load_address>
         <run_address>0x896a</run_address>
         <size>0x44</size>
      </object_component>
      <object_component id="oc-8fa">
         <name>__TI_handler_table</name>
         <load_address>0x89ae</load_address>
         <run_address>0x89ae</run_address>
         <size>0x6</size>
      </object_component>
      <object_component id="oc-8fc">
         <name>.cinit..bss.load</name>
         <load_address>0x89b4</load_address>
         <run_address>0x89b4</run_address>
         <size>0x4</size>
      </object_component>
      <object_component id="oc-8fb">
         <name>__TI_cinit_table</name>
         <load_address>0x89b8</load_address>
         <run_address>0x89b8</run_address>
         <size>0x8</size>
      </object_component>
      <object_component id="oc-5c1">
         <name>.const:.string:_ctypes_</name>
         <load_address>0x87e0</load_address>
         <run_address>0x87e0</run_address>
         <size>0x101</size>
         <input_file_ref idref="fl-68"/>
      </object_component>
      <object_component id="oc-42d">
         <name>.const:.string</name>
         <load_address>0x88e2</load_address>
         <run_address>0x88e2</run_address>
         <size>0x42</size>
         <input_file_ref idref="fl-2"/>
      </object_component>
      <object_component id="oc-570">
         <name>.const:.string</name>
         <load_address>0x8924</load_address>
         <run_address>0x8924</run_address>
         <size>0x26</size>
         <input_file_ref idref="fl-24"/>
      </object_component>
      <object_component id="oc-427">
         <name>.const:$P$T0$1</name>
         <load_address>0x894a</load_address>
         <run_address>0x894a</run_address>
         <size>0xc</size>
         <input_file_ref idref="fl-2"/>
      </object_component>
      <object_component id="oc-42a">
         <name>.const:$P$T1$2</name>
         <load_address>0x8956</load_address>
         <run_address>0x8956</run_address>
         <size>0xc</size>
         <input_file_ref idref="fl-2"/>
      </object_component>
      <object_component id="oc-813">
         <name>.cio</name>
         <uninitialized>true</uninitialized>
         <run_address>0x252c</run_address>
         <size>0x120</size>
         <input_file_ref idref="fl-89"/>
      </object_component>
      <object_component id="oc-88c">
         <name>.binit</name>
         <load_address>0x4400</load_address>
         <run_address>0x4400</run_address>
         <size>0x0</size>
      </object_component>
      <object_component id="oc-79">
         <name>.int41</name>
         <load_address>0xffd2</load_address>
         <run_address>0xffd2</run_address>
         <size>0x2</size>
         <input_file_ref idref="fl-2d"/>
      </object_component>
      <object_component id="oc-7a">
         <name>.int42</name>
         <load_address>0xffd4</load_address>
         <run_address>0xffd4</run_address>
         <size>0x2</size>
         <input_file_ref idref="fl-2e"/>
      </object_component>
      <object_component id="oc-7b">
         <name>.int43</name>
         <load_address>0xffd6</load_address>
         <run_address>0xffd6</run_address>
         <size>0x2</size>
         <input_file_ref idref="fl-2f"/>
      </object_component>
      <object_component id="oc-7c">
         <name>.int44</name>
         <load_address>0xffd8</load_address>
         <run_address>0xffd8</run_address>
         <size>0x2</size>
         <input_file_ref idref="fl-30"/>
      </object_component>
      <object_component id="oc-7d">
         <name>.int45</name>
         <load_address>0xffda</load_address>
         <run_address>0xffda</run_address>
         <size>0x2</size>
         <input_file_ref idref="fl-31"/>
      </object_component>
      <object_component id="oc-7e">
         <name>.int46</name>
         <load_address>0xffdc</load_address>
         <run_address>0xffdc</run_address>
         <size>0x2</size>
         <input_file_ref idref="fl-32"/>
      </object_component>
      <object_component id="oc-7f">
         <name>.int47</name>
         <load_address>0xffde</load_address>
         <run_address>0xffde</run_address>
         <size>0x2</size>
         <input_file_ref idref="fl-33"/>
      </object_component>
      <object_component id="oc-80">
         <name>.int48</name>
         <load_address>0xffe0</load_address>
         <run_address>0xffe0</run_address>
         <size>0x2</size>
         <input_file_ref idref="fl-34"/>
      </object_component>
      <object_component id="oc-81">
         <name>.int49</name>
         <load_address>0xffe2</load_address>
         <run_address>0xffe2</run_address>
         <size>0x2</size>
         <input_file_ref idref="fl-35"/>
      </object_component>
      <object_component id="oc-82">
         <name>.int50</name>
         <load_address>0xffe4</load_address>
         <run_address>0xffe4</run_address>
         <size>0x2</size>
         <input_file_ref idref="fl-36"/>
      </object_component>
      <object_component id="oc-83">
         <name>.int51</name>
         <load_address>0xffe6</load_address>
         <run_address>0xffe6</run_address>
         <size>0x2</size>
         <input_file_ref idref="fl-37"/>
      </object_component>
      <object_component id="oc-84">
         <name>.int52</name>
         <load_address>0xffe8</load_address>
         <run_address>0xffe8</run_address>
         <size>0x2</size>
         <input_file_ref idref="fl-38"/>
      </object_component>
      <object_component id="oc-85">
         <name>.int53</name>
         <load_address>0xffea</load_address>
         <run_address>0xffea</run_address>
         <size>0x2</size>
         <input_file_ref idref="fl-39"/>
      </object_component>
      <object_component id="oc-86">
         <name>.int54</name>
         <load_address>0xffec</load_address>
         <run_address>0xffec</run_address>
         <size>0x2</size>
         <input_file_ref idref="fl-3a"/>
      </object_component>
      <object_component id="oc-87">
         <name>.int55</name>
         <load_address>0xffee</load_address>
         <run_address>0xffee</run_address>
         <size>0x2</size>
         <input_file_ref idref="fl-3b"/>
      </object_component>
      <object_component id="oc-88">
         <name>.int56</name>
         <load_address>0xfff0</load_address>
         <run_address>0xfff0</run_address>
         <size>0x2</size>
         <input_file_ref idref="fl-3c"/>
      </object_component>
      <object_component id="oc-89">
         <name>.int57</name>
         <load_address>0xfff2</load_address>
         <run_address>0xfff2</run_address>
         <size>0x2</size>
         <input_file_ref idref="fl-3d"/>
      </object_component>
      <object_component id="oc-8a">
         <name>.int58</name>
         <load_address>0xfff4</load_address>
         <run_address>0xfff4</run_address>
         <size>0x2</size>
         <input_file_ref idref="fl-3e"/>
      </object_component>
      <object_component id="oc-8b">
         <name>.int59</name>
         <load_address>0xfff6</load_address>
         <run_address>0xfff6</run_address>
         <size>0x2</size>
         <input_file_ref idref="fl-3f"/>
      </object_component>
      <object_component id="oc-8c">
         <name>.int60</name>
         <load_address>0xfff8</load_address>
         <run_address>0xfff8</run_address>
         <size>0x2</size>
         <input_file_ref idref="fl-40"/>
      </object_component>
      <object_component id="oc-8d">
         <name>.int61</name>
         <load_address>0xfffa</load_address>
         <run_address>0xfffa</run_address>
         <size>0x2</size>
         <input_file_ref idref="fl-41"/>
      </object_component>
      <object_component id="oc-8e">
         <name>.int62</name>
         <load_address>0xfffc</load_address>
         <run_address>0xfffc</run_address>
         <size>0x2</size>
         <input_file_ref idref="fl-42"/>
      </object_component>
      <object_component id="oc-36e">
         <name>.reset</name>
         <load_address>0xfffe</load_address>
         <run_address>0xfffe</run_address>
         <size>0x2</size>
         <input_file_ref idref="fl-4a"/>
      </object_component>
      <object_component id="oc-43a">
         <name>.debug_info</name>
         <load_address>0x0</load_address>
         <run_address>0x0</run_address>
         <size>0x1be</size>
         <input_file_ref idref="fl-2"/>
      </object_component>
      <object_component id="oc-428">
         <name>.debug_info</name>
         <load_address>0x1be</load_address>
         <run_address>0x1be</run_address>
         <size>0xd8</size>
         <input_file_ref idref="fl-2"/>
      </object_component>
      <object_component id="oc-42b">
         <name>.debug_info</name>
         <load_address>0x296</load_address>
         <run_address>0x296</run_address>
         <size>0xd8</size>
         <input_file_ref idref="fl-2"/>
      </object_component>
      <object_component id="oc-3f6">
         <name>.debug_info</name>
         <load_address>0x36e</load_address>
         <run_address>0x36e</run_address>
         <size>0x1cc</size>
         <input_file_ref idref="fl-2"/>
      </object_component>
      <object_component id="oc-49e">
         <name>.debug_info</name>
         <load_address>0x53a</load_address>
         <run_address>0x53a</run_address>
         <size>0x26b</size>
         <input_file_ref idref="fl-2"/>
      </object_component>
      <object_component id="oc-378">
         <name>.debug_info</name>
         <load_address>0x7a5</load_address>
         <run_address>0x7a5</run_address>
         <size>0x84</size>
         <input_file_ref idref="fl-2"/>
      </object_component>
      <object_component id="oc-51e">
         <name>.debug_info</name>
         <load_address>0x829</load_address>
         <run_address>0x829</run_address>
         <size>0x282</size>
         <input_file_ref idref="fl-2"/>
      </object_component>
      <object_component id="oc-50b">
         <name>.debug_info</name>
         <load_address>0xaab</load_address>
         <run_address>0xaab</run_address>
         <size>0x2c</size>
         <input_file_ref idref="fl-2"/>
      </object_component>
      <object_component id="oc-49a">
         <name>.debug_info</name>
         <load_address>0xad7</load_address>
         <run_address>0xad7</run_address>
         <size>0x28b</size>
         <input_file_ref idref="fl-23"/>
      </object_component>
      <object_component id="oc-48c">
         <name>.debug_info</name>
         <load_address>0xd62</load_address>
         <run_address>0xd62</run_address>
         <size>0x130</size>
         <input_file_ref idref="fl-23"/>
      </object_component>
      <object_component id="oc-486">
         <name>.debug_info</name>
         <load_address>0xe92</load_address>
         <run_address>0xe92</run_address>
         <size>0x134</size>
         <input_file_ref idref="fl-23"/>
      </object_component>
      <object_component id="oc-432">
         <name>.debug_info</name>
         <load_address>0xfc6</load_address>
         <run_address>0xfc6</run_address>
         <size>0x152</size>
         <input_file_ref idref="fl-23"/>
      </object_component>
      <object_component id="oc-519">
         <name>.debug_info</name>
         <load_address>0x1118</load_address>
         <run_address>0x1118</run_address>
         <size>0xb2</size>
         <input_file_ref idref="fl-23"/>
      </object_component>
      <object_component id="oc-50a">
         <name>.debug_info</name>
         <load_address>0x11ca</load_address>
         <run_address>0x11ca</run_address>
         <size>0x402</size>
         <input_file_ref idref="fl-24"/>
      </object_component>
      <object_component id="oc-4f3">
         <name>.debug_info</name>
         <load_address>0x15cc</load_address>
         <run_address>0x15cc</run_address>
         <size>0x1fc</size>
         <input_file_ref idref="fl-24"/>
      </object_component>
      <object_component id="oc-5ca">
         <name>.debug_info</name>
         <load_address>0x17c8</load_address>
         <run_address>0x17c8</run_address>
         <size>0x181</size>
         <input_file_ref idref="fl-24"/>
      </object_component>
      <object_component id="oc-5cf">
         <name>.debug_info</name>
         <load_address>0x1949</load_address>
         <run_address>0x1949</run_address>
         <size>0x26b</size>
         <input_file_ref idref="fl-24"/>
      </object_component>
      <object_component id="oc-573">
         <name>.debug_info</name>
         <load_address>0x1bb4</load_address>
         <run_address>0x1bb4</run_address>
         <size>0x224</size>
         <input_file_ref idref="fl-24"/>
      </object_component>
      <object_component id="oc-671">
         <name>.debug_info</name>
         <load_address>0x1dd8</load_address>
         <run_address>0x1dd8</run_address>
         <size>0x39e</size>
         <input_file_ref idref="fl-24"/>
      </object_component>
      <object_component id="oc-677">
         <name>.debug_info</name>
         <load_address>0x2176</load_address>
         <run_address>0x2176</run_address>
         <size>0x18b</size>
         <input_file_ref idref="fl-24"/>
      </object_component>
      <object_component id="oc-67d">
         <name>.debug_info</name>
         <load_address>0x2301</load_address>
         <run_address>0x2301</run_address>
         <size>0x1e3</size>
         <input_file_ref idref="fl-24"/>
      </object_component>
      <object_component id="oc-5e7">
         <name>.debug_info</name>
         <load_address>0x24e4</load_address>
         <run_address>0x24e4</run_address>
         <size>0x246</size>
         <input_file_ref idref="fl-24"/>
      </object_component>
      <object_component id="oc-684">
         <name>.debug_info</name>
         <load_address>0x272a</load_address>
         <run_address>0x272a</run_address>
         <size>0x3b5</size>
         <input_file_ref idref="fl-24"/>
      </object_component>
      <object_component id="oc-68a">
         <name>.debug_info</name>
         <load_address>0x2adf</load_address>
         <run_address>0x2adf</run_address>
         <size>0x1d4</size>
         <input_file_ref idref="fl-24"/>
      </object_component>
      <object_component id="oc-5ed">
         <name>.debug_info</name>
         <load_address>0x2cb3</load_address>
         <run_address>0x2cb3</run_address>
         <size>0x20b</size>
         <input_file_ref idref="fl-24"/>
      </object_component>
      <object_component id="oc-5f3">
         <name>.debug_info</name>
         <load_address>0x2ebe</load_address>
         <run_address>0x2ebe</run_address>
         <size>0x35a</size>
         <input_file_ref idref="fl-24"/>
      </object_component>
      <object_component id="oc-6a4">
         <name>.debug_info</name>
         <load_address>0x3218</load_address>
         <run_address>0x3218</run_address>
         <size>0x42c</size>
         <input_file_ref idref="fl-24"/>
      </object_component>
      <object_component id="oc-5f9">
         <name>.debug_info</name>
         <load_address>0x3644</load_address>
         <run_address>0x3644</run_address>
         <size>0x259</size>
         <input_file_ref idref="fl-24"/>
      </object_component>
      <object_component id="oc-578">
         <name>.debug_info</name>
         <load_address>0x389d</load_address>
         <run_address>0x389d</run_address>
         <size>0x363</size>
         <input_file_ref idref="fl-24"/>
      </object_component>
      <object_component id="oc-4f8">
         <name>.debug_info</name>
         <load_address>0x3c00</load_address>
         <run_address>0x3c00</run_address>
         <size>0x2d3</size>
         <input_file_ref idref="fl-24"/>
      </object_component>
      <object_component id="oc-4fe">
         <name>.debug_info</name>
         <load_address>0x3ed3</load_address>
         <run_address>0x3ed3</run_address>
         <size>0x235</size>
         <input_file_ref idref="fl-24"/>
      </object_component>
      <object_component id="oc-504">
         <name>.debug_info</name>
         <load_address>0x4108</load_address>
         <run_address>0x4108</run_address>
         <size>0x238</size>
         <input_file_ref idref="fl-24"/>
      </object_component>
      <object_component id="oc-491">
         <name>.debug_info</name>
         <load_address>0x4340</load_address>
         <run_address>0x4340</run_address>
         <size>0x315</size>
         <input_file_ref idref="fl-24"/>
      </object_component>
      <object_component id="oc-510">
         <name>.debug_info</name>
         <load_address>0x4655</load_address>
         <run_address>0x4655</run_address>
         <size>0x86</size>
         <input_file_ref idref="fl-24"/>
      </object_component>
      <object_component id="oc-591">
         <name>.debug_info</name>
         <load_address>0x46db</load_address>
         <run_address>0x46db</run_address>
         <size>0x39</size>
[...]
      </symbol>
      <symbol id="sm-769">
         <name>__TI_decompress_lzss</name>
         <value>0x7b8a</value>
         <object_component_ref idref="oc-6d"/>
      </symbol>
      <symbol id="sm-790">
         <name>__mspabi_addd</name>
         <value>0x4bb4</value>
         <object_component_ref idref="oc-7d3"/>
      </symbol>
      <symbol id="sm-7aa">
         <name>__mspabi_cmpd</name>
         <value>0x723e</value>
         <object_component_ref idref="oc-5fe"/>
      </symbol>
      <symbol id="sm-7cb">
         <name>__mspabi_divd</name>
         <value>0x5f1c</value>
         <object_component_ref idref="oc-696"/>
      </symbol>
      <symbol id="sm-7d8">
         <name>__mspabi_fixdi</name>
         <value>0x8548</value>
         <object_component_ref idref="oc-73c"/>
      </symbol>
      <symbol id="sm-7e7">
         <name>__mspabi_fixdli</name>
         <value>0x7d9c</value>
         <object_component_ref idref="oc-724"/>
      </symbol>
      <symbol id="sm-7f0">
         <name>__mspabi_fltid</name>
         <value>0x879e</value>
         <object_component_ref idref="oc-770"/>
      </symbol>
      <symbol id="sm-808">
         <name>__mspabi_fltlid</name>
         <value>0x76c2</value>
         <object_component_ref idref="oc-730"/>
      </symbol>
      <symbol id="sm-829">
         <name>__TI_frcaddd</name>
         <value>0x5856</value>
         <object_component_ref idref="oc-82e"/>
      </symbol>
      <symbol id="sm-844">
         <name>__TI_frcdivd</name>
         <value>0x4400</value>
         <object_component_ref idref="oc-755"/>
      </symbol>
      <symbol id="sm-865">
         <name>__mspabi_mpyd</name>
         <value>0x5390</value>
         <object_component_ref idref="oc-690"/>
      </symbol>
      <symbol id="sm-86e">
         <name>__mspabi_negd</name>
         <value>0x851e</value>
         <object_component_ref idref="oc-5e0"/>
      </symbol>
      <symbol id="sm-882">
         <name>__TI_renormd</name>
         <value>0x756a</value>
         <object_component_ref idref="oc-868"/>
      </symbol>
      <symbol id="sm-88b">
         <name>__mspabi_subd</name>
         <value>0x843c</value>
         <object_component_ref idref="oc-736"/>
      </symbol>
      <symbol id="sm-8a8">
         <name>C$$EXIT</name>
         <value>0x87ce</value>
         <object_component_ref idref="oc-43b"/>
      </symbol>
      <symbol id="sm-8a9">
         <name>abort</name>
         <value>0x87ce</value>
         <object_component_ref idref="oc-43b"/>
      </symbol>
      <symbol id="sm-8aa">
         <name>__TI_enable_exit_profile_output</name>
         <value>0x2746</value>
         <object_component_ref idref="oc-4a4"/>
      </symbol>
      <symbol id="sm-8ab">
         <name>exit</name>
         <value>0x81ac</value>
         <object_component_ref idref="oc-441"/>
      </symbol>
      <symbol id="sm-8c1">
         <name>_nop</name>
         <value>0x87dc</value>
         <object_component_ref idref="oc-4d0"/>
      </symbol>
      <symbol id="sm-8c2">
         <name>_lock</name>
         <value>0x273e</value>
         <object_component_ref idref="oc-47e"/>
      </symbol>
      <symbol id="sm-8c3">
         <name>_unlock</name>
         <value>0x2740</value>
         <object_component_ref idref="oc-496"/>
      </symbol>
      <symbol id="sm-8d2">
         <name>__TI_ltoa</name>
         <value>0x7a20</value>
         <object_component_ref idref="oc-72a"/>
      </symbol>
      <symbol id="sm-8e6">
         <name>atoi</name>
         <value>0x8084</value>
         <object_component_ref idref="oc-563"/>
      </symbol>
      <symbol id="sm-8f0">
         <name>_ctypes_</name>
         <value>0x87e0</value>
         <object_component_ref idref="oc-5c1"/>
      </symbol>
      <symbol id="sm-900">
         <name>__TI_tmpnams</name>
         <value>0x274a</value>
      </symbol>
      <symbol id="sm-901">
         <name>_ftable</name>
         <value>0x264c</value>
         <object_component_ref idref="oc-481"/>
      </symbol>
      <symbol id="sm-902">
         <name>__TI_ft_end</name>
         <value>0x2742</value>
         <object_component_ref idref="oc-6d7"/>
      </symbol>
      <symbol id="sm-911">
         <name>memccpy</name>
         <value>0x85e4</value>
         <object_component_ref idref="oc-57d"/>
      </symbol>
      <symbol id="sm-920">
         <name>memchr</name>
         <value>0x86dc</value>
         <object_component_ref idref="oc-54b"/>
      </symbol>
      <symbol id="sm-92e">
         <name>memcpy</name>
         <value>0x873e</value>
         <object_component_ref idref="oc-37d"/>
      </symbol>
      <symbol id="sm-9ac">
         <name>_sys_memory</name>
         <value>0x2400</value>
         <object_component_ref idref="oc-36f"/>
      </symbol>
      <symbol id="sm-9ad">
         <name>free</name>
         <value>0x7316</value>
         <object_component_ref idref="oc-618"/>
      </symbol>
      <symbol id="sm-9ae">
         <name>memalign</name>
         <value>0x6f94</value>
         <object_component_ref idref="oc-6ca"/>
      </symbol>
      <symbol id="sm-9af">
         <name>malloc</name>
         <value>0x87c0</value>
         <object_component_ref idref="oc-61e"/>
      </symbol>
      <symbol id="sm-9b0">
         <name>aligned_alloc</name>
         <value>0x6f94</value>
         <object_component_ref idref="oc-6ca"/>
      </symbol>
      <symbol id="sm-9be">
         <name>memset</name>
         <value>0x86f0</value>
         <object_component_ref idref="oc-56a"/>
      </symbol>
      <symbol id="sm-9cd">
         <name>strchr</name>
         <value>0x8680</value>
         <object_component_ref idref="oc-76a"/>
      </symbol>
      <symbol id="sm-9da">
         <name>strlen</name>
         <value>0x8790</value>
         <object_component_ref idref="oc-4eb"/>
      </symbol>
      <symbol id="sm-9e7">
         <name>toupper</name>
         <value>0x87aa</value>
         <object_component_ref idref="oc-5da"/>
      </symbol>
      <symbol id="sm-9ee">
         <name>errno</name>
         <value>0x2744</value>
         <object_component_ref idref="oc-58b"/>
      </symbol>
      <symbol id="sm-9f8">
         <name>abs</name>
         <value>0x87b6</value>
         <object_component_ref idref="oc-743"/>
      </symbol>
      <symbol id="sm-a0f">
         <name>write</name>
         <value>0x8606</value>
         <object_component_ref idref="oc-557"/>
      </symbol>
      <symbol id="sm-a1e">
         <name>_stream</name>
         <value>0x2712</value>
         <object_component_ref idref="oc-5b6"/>
      </symbol>
      <symbol id="sm-a1f">
         <name>_device</name>
         <value>0x26c4</value>
         <object_component_ref idref="oc-637"/>
      </symbol>
      <symbol id="sm-a37">
         <name>wcslen</name>
         <value>0x8718</value>
         <object_component_ref idref="oc-585"/>
      </symbol>
      <symbol id="sm-a40">
         <name>copysign</name>
         <value>0x846a</value>
         <object_component_ref idref="oc-7f5"/>
      </symbol>
      <symbol id="sm-a41">
         <name>copysignl</name>
         <value>0x846a</value>
         <object_component_ref idref="oc-7f5"/>
      </symbol>
      <symbol id="sm-a52">
         <name>__TI_doflush</name>
         <value>0x7e66</value>
         <object_component_ref idref="oc-551"/>
      </symbol>
      <symbol id="sm-a5e">
         <name>__TI_cleanup</name>
         <value>0x83dc</value>
         <object_component_ref idref="oc-624"/>
      </symbol>
      <symbol id="sm-a6e">
         <name>fseek</name>
         <value>0x7c62</value>
         <object_component_ref idref="oc-5a4"/>
      </symbol>
      <symbol id="sm-a7e">
         <name>__mspabi_sral</name>
         <value>0x8750</value>
         <object_component_ref idref="oc-863"/>
      </symbol>
      <symbol id="sm-a7f">
         <name>__mspabi_sral_15</name>
         <value>0x8272</value>
         <object_component_ref idref="oc-7dc"/>
      </symbol>
      <symbol id="sm-a80">
         <name>__mspabi_sral_14</name>
         <value>0x8276</value>
         <object_component_ref idref="oc-7dc"/>
      </symbol>
      <symbol id="sm-a81">
         <name>__mspabi_sral_13</name>
         <value>0x827a</value>
         <object_component_ref idref="oc-7dc"/>
      </symbol>
      <symbol id="sm-a82">
         <name>__mspabi_sral_12</name>
         <value>0x827e</value>
         <object_component_ref idref="oc-7dc"/>
      </symbol>
      <symbol id="sm-a83">
         <name>__mspabi_sral_11</name>
         <value>0x8282</value>
         <object_component_ref idref="oc-7dc"/>
      </symbol>
      <symbol id="sm-a84">
         <name>__mspabi_sral_10</name>
         <value>0x8286</value>
         <object_component_ref idref="oc-7dc"/>
      </symbol>
      <symbol id="sm-a85">
         <name>__mspabi_sral_8</name>
         <value>0x828e</value>
         <object_component_ref idref="oc-7dc"/>
      </symbol>
      <symbol id="sm-a86">
         <name>__mspabi_sral_9</name>
         <value>0x828a</value>
         <object_component_ref idref="oc-7dc"/>
      </symbol>
      <symbol id="sm-a87">
         <name>__mspabi_sral_6</name>
         <value>0x8296</value>
         <object_component_ref idref="oc-7dc"/>
      </symbol>
      <symbol id="sm-a88">
         <name>__mspabi_sral_7</name>
         <value>0x8292</value>
         <object_component_ref idref="oc-7dc"/>
      </symbol>
      <symbol id="sm-a89">
         <name>__mspabi_sral_4</name>
         <value>0x829e</value>
         <object_component_ref idref="oc-7dc"/>
      </symbol>
      <symbol id="sm-a8a">
         <name>__mspabi_sral_5</name>
         <value>0x829a</value>
         <object_component_ref idref="oc-7dc"/>
      </symbol>
      <symbol id="sm-a8b">
         <name>__mspabi_sral_2</name>
         <value>0x82a6</value>
         <object_component_ref idref="oc-7dc"/>
      </symbol>
      <symbol id="sm-a8c">
         <name>__mspabi_sral_3</name>
         <value>0x82a2</value>
         <object_component_ref idref="oc-7dc"/>
      </symbol>
      <symbol id="sm-a8d">
         <name>__mspabi_sral_1</name>
         <value>0x82aa</value>
         <object_component_ref idref="oc-7dc"/>
      </symbol>
      <symbol id="sm-a99">
         <name>__mspabi_remli</name>
         <value>0x8232</value>
         <object_component_ref idref="oc-7c5"/>
      </symbol>
      <symbol id="sm-a9a">
         <name>__mspabi_divli</name>
         <value>0x8232</value>
         <object_component_ref idref="oc-7c5"/>
      </symbol>
      <symbol id="sm-aaa">
         <name>__mspabi_slll_9</name>
         <value>0x82c8</value>
         <object_component_ref idref="oc-7af"/>
      </symbol>
      <symbol id="sm-aab">
         <name>__mspabi_slll_8</name>
         <value>0x82cc</value>
         <object_component_ref idref="oc-7af"/>
      </symbol>
      <symbol id="sm-aac">
         <name>__mspabi_slll_7</name>
         <value>0x82d0</value>
         <object_component_ref idref="oc-7af"/>
      </symbol>
      <symbol id="sm-aad">
         <name>__mspabi_slll_6</name>
         <value>0x82d4</value>
         <object_component_ref idref="oc-7af"/>
      </symbol>
      <symbol id="sm-aae">
         <name>__mspabi_slll_5</name>
         <value>0x82d8</value>
         <object_component_ref idref="oc-7af"/>
      </symbol>
      <symbol id="sm-aaf">
         <name>__mspabi_slll_4</name>
         <value>0x82dc</value>
         <object_component_ref idref="oc-7af"/>
      </symbol>
      <symbol id="sm-ab0">
         <name>__mspabi_slll_3</name>
         <value>0x82e0</value>
         <object_component_ref idref="oc-7af"/>
      </symbol>
      <symbol id="sm-ab1">
         <name>__mspabi_slll_2</name>
         <value>0x82e4</value>
         <object_component_ref idref="oc-7af"/>
      </symbol>
      <symbol id="sm-ab2">
         <name>__mspabi_slll_1</name>
         <value>0x82e8</value>
         <object_component_ref idref="oc-7af"/>
      </symbol>
      <symbol id="sm-ab3">
         <name>__mspabi_slll</name>
         <value>0x8760</value>
         <object_component_ref idref="oc-85e"/>
      </symbol>
      <symbol id="sm-ab4">
         <name>__mspabi_slll_15</name>
         <value>0x82b0</value>
         <object_component_ref idref="oc-7af"/>
      </symbol>
      <symbol id="sm-ab5">
         <name>__mspabi_slll_14</name>
         <value>0x82b4</value>
         <object_component_ref idref="oc-7af"/>
      </symbol>
      <symbol id="sm-ab6">
         <name>__mspabi_slll_13</name>
         <value>0x82b8</value>
         <object_component_ref idref="oc-7af"/>
      </symbol>
      <symbol id="sm-ab7">
         <name>__mspabi_slll_12</name>
         <value>0x82bc</value>
         <object_component_ref idref="oc-7af"/>
      </symbol>
      <symbol id="sm-ab8">
         <name>__mspabi_slll_11</name>
         <value>0x82c0</value>
         <object_component_ref idref="oc-7af"/>
      </symbol>
      <symbol id="sm-ab9">
         <name>__mspabi_slll_10</name>
         <value>0x82c4</value>
         <object_component_ref idref="oc-7af"/>
      </symbol>
      <symbol id="sm-ac9">
         <name>__mspabi_srll_8</name>
         <value>0x830a</value>
         <object_component_ref idref="oc-7cc"/>
      </symbol>
      <symbol id="sm-aca">
         <name>__mspabi_srll_9</name>
         <value>0x8306</value>
         <object_component_ref idref="oc-7cc"/>
      </symbol>
      <symbol id="sm-acb">
         <name>__mspabi_srll_6</name>
         <value>0x8312</value>
         <object_component_ref idref="oc-7cc"/>
      </symbol>
      <symbol id="sm-acc">
         <name>__mspabi_srll_7</name>
         <value>0x830e</value>
         <object_component_ref idref="oc-7cc"/>
      </symbol>
      <symbol id="sm-acd">
         <name>__mspabi_srll_4</name>
         <value>0x831a</value>
         <object_component_ref idref="oc-7cc"/>
      </symbol>
      <symbol id="sm-ace">
         <name>__mspabi_srll_5</name>
         <value>0x8316</value>
         <object_component_ref idref="oc-7cc"/>
      </symbol>
      <symbol id="sm-acf">
         <name>__mspabi_srll_2</name>
         <value>0x8322</value>
         <object_component_ref idref="oc-7cc"/>
      </symbol>
      <symbol id="sm-ad0">
         <name>__mspabi_srll_3</name>
         <value>0x831e</value>
         <object_component_ref idref="oc-7cc"/>
      </symbol>
      <symbol id="sm-ad1">
         <name>__mspabi_srll_1</name>
         <value>0x8326</value>
         <object_component_ref idref="oc-7cc"/>
      </symbol>
      <symbol id="sm-ad2">
         <name>__mspabi_srll_15</name>
         <value>0x82ee</value>
         <object_component_ref idref="oc-7cc"/>
      </symbol>
      <symbol id="sm-ad3">
         <name>__mspabi_srll_14</name>
         <value>0x82f2</value>
         <object_component_ref idref="oc-7cc"/>
      </symbol>
      <symbol id="sm-ad4">
         <name>__mspabi_srll_13</name>
         <value>0x82f6</value>
         <object_component_ref idref="oc-7cc"/>
      </symbol>
      <symbol id="sm-ad5">
         <name>__mspabi_srll_12</name>
         <value>0x82fa</value>
         <object_component_ref idref="oc-7cc"/>
      </symbol>
      <symbol id="sm-ad6">
         <name>__mspabi_srll_11</name>
         <value>0x82fe</value>
         <object_component_ref idref="oc-7cc"/>
      </symbol>
      <symbol id="sm-ad7">
         <name>__mspabi_srll_10</name>
         <value>0x8302</value>
         <object_component_ref idref="oc-7cc"/>
      </symbol>
      <symbol id="sm-ad8">
         <name>__mspabi_srll</name>
         <value>0x8770</value>
         <object_component_ref idref="oc-713"/>
      </symbol>
      <symbol id="sm-ae6">
         <name>__mspabi_sllll</name>
         <value>0x8368</value>
         <object_component_ref idref="oc-70d"/>
      </symbol>
      <symbol id="sm-af6">
         <name>__TI_frcmpyd</name>
         <value>0x4e92</value>
         <object_component_ref idref="oc-74d"/>
      </symbol>
      <symbol id="sm-b02">
         <name>HOSTclose</name>
         <value>0x8166</value>
         <object_component_ref idref="oc-6e3"/>
      </symbol>
      <symbol id="sm-b0e">
         <name>HOSTlseek</name>
         <value>0x799e</value>
         <object_component_ref idref="oc-6f5"/>
      </symbol>
      <symbol id="sm-b1c">
         <name>parmbuf</name>
         <value>0x27ea</value>
      </symbol>
      <symbol id="sm-b1d">
         <name>HOSTopen</name>
         <value>0x7e02</value>
         <object_component_ref idref="oc-6dd"/>
      </symbol>
      <symbol id="sm-b2a">
         <name>HOSTread</name>
         <value>0x7f28</value>
         <object_component_ref idref="oc-6e9"/>
      </symbol>
      <symbol id="sm-b36">
         <name>HOSTrename</name>
         <value>0x7bf8</value>
         <object_component_ref idref="oc-701"/>
      </symbol>
      <symbol id="sm-b42">
         <name>HOSTunlink</name>
         <value>0x81f0</value>
         <object_component_ref idref="oc-6fb"/>
      </symbol>
      <symbol id="sm-b4f">
         <name>HOSTwrite</name>
         <value>0x7ec8</value>
         <object_component_ref idref="oc-6ef"/>
      </symbol>
      <symbol id="sm-b6d">
         <name>__TI_readmsg</name>
         <value>0x84c6</value>
         <object_component_ref idref="oc-7a2"/>
      </symbol>
      <symbol id="sm-b6e">
         <name>C$$IO$$</name>
         <value>0x8438</value>
         <object_component_ref idref="oc-79c"/>
      </symbol>
      <symbol id="sm-b6f">
         <name>_CIOBUF_</name>
         <value>0x252c</value>
         <object_component_ref idref="oc-813"/>
      </symbol>
      <symbol id="sm-b70">
         <name>__TI_writemsg</name>
         <value>0x840e</value>
         <object_component_ref idref="oc-79c"/>
      </symbol>
      <symbol id="sm-b7e">
         <name>lseek</name>
         <value>0x85c0</value>
         <object_component_ref idref="oc-610"/>
      </symbol>
      <symbol id="sm-b8f">
         <name>__TI_closefile</name>
         <value>0x7ccc</value>
         <object_component_ref idref="oc-6d1"/>
      </symbol>
      <symbol id="sm-bae">
         <name>finddevice</name>
         <value>0x8498</value>
         <object_component_ref idref="oc-849"/>
      </symbol>
      <symbol id="sm-baf">
         <name>getdevice</name>
         <value>0x7fde</value>
         <object_component_ref idref="oc-807"/>
      </symbol>
      <symbol id="sm-bbd">
         <name>strcmp</name>
         <value>0x869a</value>
         <object_component_ref idref="oc-874"/>
      </symbol>
      <symbol id="sm-bca">
         <name>strcpy</name>
         <value>0x8780</value>
         <object_component_ref idref="oc-7b8"/>
      </symbol>
      <symbol id="sm-bda">
         <name>strncpy</name>
         <value>0x84f2</value>
         <object_component_ref idref="oc-843"/>
      </symbol>
      <symbol id="sm-bed">
         <name>close</name>
         <value>0x811e</value>
         <object_component_ref idref="oc-788"/>
      </symbol>
      <symbol id="sm-bf9">
         <name>unlink</name>
         <value>0x8598</value>
         <object_component_ref idref="oc-78f"/>
      </symbol>
      <symbol id="sm-bfb">
         <name>remove</name>
         <value>0x8598</value>
      </symbol>
   </symbol_table>
   <title>Link successful</title>
</link_info>
